<html>
<body>
<pre>
<h1>µVision Build Log</h1>
<h2>Tool Versions:</h2>
IDE-Version: ¦ÌVision V5.36.0.0
Copyright (C) 2021 ARM Ltd and ARM Germany GmbH. All rights reserved.
License Information: jack green, shu, LIC=CRMW3-AQXXL-9ZAWW-Q4G4E-7CGLZ-1IJWP
 
Tool Versions:
Toolchain:       MDK-ARM Professional  Version: 5.36.0.0
Toolchain Path:  D:\software\MDK536\ARM\ARMCLANG\Bin
C Compiler:      ArmClang.exe V6.16
Assembler:       Armasm.exe V6.16
Linker/Locator:  ArmLink.exe V6.16
Library Manager: ArmAr.exe V6.16
Hex Converter:   FromElf.exe V6.16
CPU DLL:         
Dialog DLL:      
Target DLL:      CMSIS_AGDI_V8M.DLL V1.7.0.0
Dialog DLL:      TCM.DLL V1.53.0.0
 
<h2>Project:</h2>
D:\code_pro\stm_pro\STM32H563RGT6\freertos_uart\MDK-ARM\freertos_uart.uvprojx
Project File Date:  06/07/2026

<h2>Output:</h2>
*** Using Compiler 'V6.16', folder: 'D:\software\MDK536\ARM\ARMCLANG\Bin'
Build target 'freertos_uart'
compiling rtc.c...
compiling app_freertos.c...
linking...
Program Size: Code=52806 RO-data=27590 RW-data=248 ZI-data=42544  
FromELF: creating hex file...
"freertos_uart\freertos_uart.axf" - 0 Error(s), 0 Warning(s).

<h2>Software Packages used:</h2>

Package Vendor: ARM
                http://www.keil.com/pack/ARM.CMSIS.5.8.0.pack
                ARM.CMSIS.5.8.0
                CMSIS (Common Microcontroller Software Interface Standard)
   * Component: CORE Version: 5.5.0

Package Vendor: Keil
                https://www.keil.com/pack/Keil.STM32H5xx_DFP.2.0.0.pack
                Keil.STM32H5xx_DFP.2.0.0
                STMicroelectronics STM32H5 Series Device Support

<h2>Collection of Component include folders:</h2>
  .\RTE\_freertos_uart
  D:\software\MDK536\pack\ARM\CMSIS\5.8.0\CMSIS\Core\Include

<h2>Collection of Component Files used:</h2>

   * Component: ARM::CMSIS:CORE:5.5.0
      Include file:  CMSIS\Core\Include\tz_context.h
Build Time Elapsed:  00:00:01
</pre>
</body>
</html>
