<html>
<body>
<pre>
<h1>�Vision Build Log</h1>
<h2>Tool Versions:</h2>
IDE-Version: ��Vision V5.41.0.0
Copyright (C) 2024 ARM Ltd and ARM Germany GmbH. All rights reserved.
License Information: ARM ARM, ARM, LIC=14HV2-9TUR5-45NT5-GZTL3-A4NUM-G2S9D
 
Tool Versions:
Toolchain:       MDK-ARM Plus  Version: 5.41.0.0
Toolchain Path:  D:\Keil_v5\ARM\ARM_Compiler_5.06u7\Bin
C Compiler:      Armcc.exe V5.06 update 7 (build 960)
Assembler:       Armasm.exe V5.06 update 7 (build 960)
Linker/Locator:  ArmLink.exe V5.06 update 7 (build 960)
Library Manager: ArmAr.exe V5.06 update 7 (build 960)
Hex Converter:   FromElf.exe V5.06 update 7 (build 960)
CPU DLL:         SARMCM3.DLL V5.41.0.0
Dialog DLL:      DCM.DLL V1.17.5.0
Target DLL:      STLink\ST-LINKIII-KEIL_SWO.dll V3.3.0.0
Dialog DLL:      TCM.DLL V1.56.4.0
 
<h2>Project:</h2>
D:\robot\keil_ws\stm32-f407_-template_v2\MDK-ARM\STM32F407_Template.uvprojx
Project File Date:  10/21/2025

<h2>Output:</h2>
*** Using Compiler 'V5.06 update 7 (build 960)', folder: 'D:\Keil_v5\ARM\ARM_Compiler_5.06u7\Bin'
Build target 'STM32F407_Template'
compiling timers.c...
compiling mqtt_timer.c...
..\MQTT\mqtt_timer.c(6): warning:  #223-D: function "xTaskGetTickCount" declared implicitly
      t->start_ms = xTaskGetTickCount() * portTICK_PERIOD_MS;
..\MQTT\mqtt_timer.c(12): warning:  #223-D: function "xTaskGetTickCount" declared implicitly
      uint32_t now = xTaskGetTickCount() * portTICK_PERIOD_MS;
..\MQTT\mqtt_timer.c(18): warning:  #223-D: function "xTaskGetTickCount" declared implicitly
      t->start_ms = xTaskGetTickCount() * portTICK_PERIOD_MS;
..\MQTT\mqtt_timer.c(29): warning:  #223-D: function "xTaskGetTickCount" declared implicitly
      uint32_t now = xTaskGetTickCount() * portTICK_PERIOD_MS;
..\MQTT\mqtt_timer.c: 4 warnings, 0 errors
compiling croutine.c...
compiling list.c...
compiling heap_4.c...
compiling event_groups.c...
compiling stream_buffer.c...
compiling port.c...
compiling queue.c...
compiling tasks.c...
compiling Modbus.c...
..\MODBUS-LIB\Inc\Modbus.h(243): warning:  #1295-D: Deprecated declaration getTimeOut - give arg types
  uint16_t getTimeOut(); //!<get communication watch-dog timer value
..\MODBUS-LIB\Inc\Modbus.h(244): warning:  #1295-D: Deprecated declaration getTimeOutState - give arg types
  bool getTimeOutState(); //!<get communication watch-dog timer state
..\MODBUS-LIB\Src\Modbus.c(499): warning:  #68-D: integer conversion resulted in a change of sign
  			xTaskNotify(mHandlers[i]->myTaskModbusAHandle, ERR_TIME_OUT, eSetValueWithOverwrite);
..\MODBUS-LIB\Src\Modbus.c(670): warning:  #188-D: enumerated type mixed with another type
  		modH->i8lastError = 0;
..\MODBUS-LIB\Src\Modbus.c(742): warning:  #514-D: pointless comparison of unsigned integer with a negative constant
  			if (u8exception != ERR_TIME_OUT)
..\MODBUS-LIB\Src\Modbus.c(747): warning:  #188-D: enumerated type mixed with another type
  			modH->i8lastError = u8exception;
..\MODBUS-LIB\Src\Modbus.c(753): warning:  #188-D: enumerated type mixed with another type
  		modH->i8lastError = 0;
..\MODBUS-LIB\Src\Modbus.c(864): warning:  #68-D: integer conversion resulted in a change of sign
  	if (modH->u8id != 0) error = ERR_NOT_MASTER;
..\MODBUS-LIB\Src\Modbus.c(865): warning:  #68-D: integer conversion resulted in a change of sign
  	if (modH->i8state != COM_IDLE) error = ERR_POLLING;
..\MODBUS-LIB\Src\Modbus.c(866): warning:  #68-D: integer conversion resulted in a change of sign
  	if ((telegram.u8id == 0) || (telegram.u8id > 247)) error = ERR_BAD_SLAVE_ID;
..\MODBUS-LIB\Src\Modbus.c(871): warning:  #188-D: enumerated type mixed with another type
  		modH->i8lastError = error;
..\MODBUS-LIB\Src\Modbus.c(957): warning:  #188-D: enumerated type mixed with another type
  	modH->i8lastError = 0;
..\MODBUS-LIB\Src\Modbus.c(1123): warning:  #188-D: enumerated type mixed with another type
  		modH->i8lastError = 0;
..\MODBUS-LIB\Src\Modbus.c(1167): warning:  #188-D: enumerated type mixed with another type
  			modH->i8lastError = u8exception;
..\MODBUS-LIB\Src\Modbus.c(1172): warning:  #188-D: enumerated type mixed with another type
  		modH->i8lastError = u8exception;
..\MODBUS-LIB\Src\Modbus.c(1205): warning:  #68-D: integer conversion resulted in a change of sign
  			xTaskNotify((TaskHandle_t)telegram.u32CurrentTask, ERR_OK_QUERY, eSetValueWithOverwrite);
..\MODBUS-LIB\Src\Modbus.c(1283): warning:  #550-D: variable "u8byte"  was set but never used
  	uint8_t u8byte, i;
..\MODBUS-LIB\Src\Modbus.c(1283): warning:  #177-D: variable "i"  was declared but never referenced
  	uint8_t u8byte, i;
..\MODBUS-LIB\Src\Modbus.c(1302): warning:  #550-D: variable "u8byte"  was set but never used
  	uint8_t u8byte, i;
..\MODBUS-LIB\Src\Modbus.c(1302): warning:  #177-D: variable "i"  was declared but never referenced
  	uint8_t u8byte, i;
..\MODBUS-LIB\Src\Modbus.c(1335): warning:  #68-D: integer conversion resulted in a change of sign
  			return ERR_BAD_CRC;
..\MODBUS-LIB\Src\Modbus.c(1346): warning:  #68-D: integer conversion resulted in a change of sign
  		return ERR_EXCEPTION;
..\MODBUS-LIB\Src\Modbus.c(1443): warning:  #68-D: integer conversion resulted in a change of sign
  		return ERR_BAD_CRC;
..\MODBUS-LIB\Src\Modbus.c(37): warning:  #177-D: variable "is_fc3_processed"  was declared but never referenced
  static bool is_fc3_processed = false;
..\MODBUS-LIB\Src\Modbus.c(38): warning:  #177-D: variable "recvRawData"  was declared but never referenced
  static modbusRecvRawData_t recvRawData;
..\MODBUS-LIB\Src\Modbus.c: 25 warnings, 0 errors
compiling UARTCallback.c...
..\MODBUS-LIB\Inc\Modbus.h(243): warning:  #1295-D: Deprecated declaration getTimeOut - give arg types
  uint16_t getTimeOut(); //!<get communication watch-dog timer value
..\MODBUS-LIB\Inc\Modbus.h(244): warning:  #1295-D: Deprecated declaration getTimeOutState - give arg types
  bool getTimeOutState(); //!<get communication watch-dog timer state
..\MODBUS-LIB\Src\UARTCallback.c: 2 warnings, 0 errors
compiling mqtt_network.c...
..\MQTT\mqtt_network.c(104): warning:  #223-D: function "osDelay" declared implicitly
              osDelay(10);
..\MQTT\mqtt_network.c: 1 warning, 0 errors
compiling w5500_port.c...
..\Ethernet\w5500_port.c(15): warning:  #47-D: incompatible redefinition of macro "Sn_TX_RTR"  (declared at line 12)
  #define Sn_TX_RTR 0x001D   // 8-bit寄存器，TCP重试时间单位 100μs
..\Ethernet\w5500_port.c(16): warning:  #47-D: incompatible redefinition of macro "Sn_TX_RCR"  (declared at line 14)
  #define Sn_TX_RCR 0x001E   // 8-bit寄存器，SYN重试次数
..\Ethernet\w5500_port.c(346): warning:  #223-D: function "osDelay" declared implicitly
      osDelay(100);
..\Ethernet\w5500_port.c(358): warning:  #223-D: function "osDelay" declared implicitly
          osDelay(200);
..\Ethernet\w5500_port.c(385): warning:  #1-D: last line of file ends without a newline
  }
..\Ethernet\w5500_port.c(115): warning:  #177-D: function "setSn_TX_RTR"  was declared but never referenced
  static void setSn_TX_RTR(uint8_t sock, uint8_t value)
..\Ethernet\w5500_port.c(120): warning:  #177-D: function "setSn_TX_RCR"  was declared but never referenced
  static void setSn_TX_RCR(uint8_t sock, uint8_t value)
..\Ethernet\w5500_port.c: 7 warnings, 0 errors
compiling cmsis_os2.c...
compiling main.c...
../Core/Inc/rs485.h(30): warning:  #1-D: last line of file ends without a newline
  #endif
..\MODBUS-LIB\Inc\Modbus.h(243): warning:  #1295-D: Deprecated declaration getTimeOut - give arg types
  uint16_t getTimeOut(); //!<get communication watch-dog timer value
..\MODBUS-LIB\Inc\Modbus.h(244): warning:  #1295-D: Deprecated declaration getTimeOutState - give arg types
  bool getTimeOutState(); //!<get communication watch-dog timer state
../Core/Src/main.c: 3 warnings, 0 errors
compiling freertos.c...
../Core/Inc/rs485.h(30): warning:  #1-D: last line of file ends without a newline
  #endif
..\MODBUS-LIB\Inc\Modbus.h(243): warning:  #1295-D: Deprecated declaration getTimeOut - give arg types
  uint16_t getTimeOut(); //!<get communication watch-dog timer value
..\MODBUS-LIB\Inc\Modbus.h(244): warning:  #1295-D: Deprecated declaration getTimeOutState - give arg types
  bool getTimeOutState(); //!<get communication watch-dog timer state
..\CANOpen\hardware\timer5.h(11): warning:  #1-D: last line of file ends without a newline
  #endif
../Core/Inc/servo.h(83): warning:  #47-D: incompatible redefinition of macro "SWITCH_ON_DISABLED_FAILED"  (declared at line 79)
  #define SWITCH_ON_DISABLED_FAILED -6
../Core/Inc/servo.h(120): warning:  #1-D: last line of file ends without a newline
  #endif
..\CANOpen\hardware\can_canopen.h(13): warning:  #1-D: last line of file ends without a newline
  #endif
../Core/Src/freertos.c(410): warning:  #167-D: argument of type "void (*)(const void *)" is incompatible with parameter of type "osThreadFunc_t"
    kincoCtrlTaskHandle = osThreadNew(StartKincoCtrlTask, NULL, &kincoCtrlTask_attributes);
../Core/Src/freertos.c(412): warning:  #167-D: argument of type "void (*)(const void *)" is incompatible with parameter of type "osThreadFunc_t"
    zeroerrCtrlTaskHandle = osThreadNew(StartZeroErrCtrlTask, NULL, &zeroerrCtrlTask_attributes);
../Core/Src/freertos.c(416): warning:  #167-D: argument of type "void (*)(const void *)" is incompatible with parameter of type "osThreadFunc_t"
    mqttTaskHandle = osThreadNew(StartMqttTask, NULL, &mqttTask_attributes);
../Core/Src/freertos.c(469): warning:  #188-D: enumerated type mixed with another type
    HAL_StatusTypeDef send_result = 0;
../Core/Src/freertos.c(505): warning:  #188-D: enumerated type mixed with another type
    HAL_StatusTypeDef send_result = 0;
../Core/Src/freertos.c(509): warning:  #167-D: argument of type "char *" is incompatible with parameter of type "uint8_t *"
      send_result = RS485_Send(RS485A_CH, rs485a_test_msg, strlen((char*)rs485a_test_msg), 1000);
../Core/Src/freertos.c(513): warning:  #167-D: argument of type "char *" is incompatible with parameter of type "uint8_t *"
      send_result = RS485_Send(RS485B_CH, rs485b_test_msg, strlen((char*)rs485b_test_msg), 1000);
../Core/Src/freertos.c(517): warning:  #167-D: argument of type "char *" is incompatible with parameter of type "uint8_t *"
      send_result = RS485_Send(RS485C_CH, rs485c_test_msg, strlen((char*)rs485c_test_msg), 1000);
../Core/Src/freertos.c(652): warning:  #167-D: argument of type "int32_t *" is incompatible with parameter of type "uint32_t *"
        if (Kinco_Read_ActuclVel_SDO(&kinco_actual_vel) != 0)
../Core/Src/freertos.c(809): warning:  #188-D: enumerated type mixed with another type
      telegram[0].u8fct = 16; // function code (this one is registers read)
../Core/Src/freertos.c(850): warning:  #188-D: enumerated type mixed with another type
      telegram[0].u8fct = 6; // function code (this one is registers read)
../Core/Src/freertos.c(893): warning:  #188-D: enumerated type mixed with another type
      telegram[0].u8fct = 16; // function code (this one is registers read)
../Core/Src/freertos.c(933): warning:  #188-D: enumerated type mixed with another type
      telegram[0].u8fct = 6; // function code (this one is registers read)
../Core/Src/freertos.c(803): warning:  #177-D: variable "right_status"  was declared but never referenced
    GripperStatus_t right_status;
../Core/Src/freertos.c(1108): warning:  #177-D: label "main_loop"  was declared but never referenced
  main_loop:
../Core/Src/freertos.c(1385): warning:  #188-D: enumerated type mixed with another type
      LeftGripperTelegram.u8fct = MODBUS_FUN_WRITE_REGISTERS;
../Core/Src/freertos.c(1392): warning:  #68-D: integer conversion resulted in a change of sign
      if (notifyVal != ERR_OK_QUERY) {
../Core/Src/freertos.c(1400): warning:  #188-D: enumerated type mixed with another type
      LeftGripperTelegram.u8fct = MODBUS_FUN_WRITE_REGISTER;
../Core/Src/freertos.c(1424): warning:  #188-D: enumerated type mixed with another type
      RightGripperTelegram.u8fct = MODBUS_FUN_WRITE_REGISTERS;
../Core/Src/freertos.c(1439): warning:  #188-D: enumerated type mixed with another type
      RightGripperTelegram.u8fct = MODBUS_FUN_WRITE_REGISTER;
../Core/Src/freertos.c(1445): warning:  #68-D: integer conversion resulted in a change of sign
      if (notifyVal != ERR_OK_QUERY) {
../Core/Src/freertos.c(1467): warning:  #177-D: variable "status"  was declared but never referenced
    GripperStatus_t status;
../Core/Src/freertos.c(1519): warning:  #177-D: variable "status"  was declared but never referenced
    GripperStatus_t status;
../Core/Src/freertos.c(1591): warning:  #177-D: variable "notifyVal"  was declared but never referenced
    uint32_t notifyVal;
../Core/Src/freertos.c(1709): warning:  #188-D: enumerated type mixed with another type
      LeftGripperTelegram.u8fct = MODBUS_FUN_READ_REGISTER;
../Core/Src/freertos.c(1720): warning:  #68-D: integer conversion resulted in a change of sign
      if (notifyVal != ERR_OK_QUERY) {
../Core/Src/freertos.c(1746): warning:  #188-D: enumerated type mixed with another type
      RightGripperTelegram.u8fct = MODBUS_FUN_READ_REGISTER;
../Core/Src/freertos.c(1754): warning:  #68-D: integer conversion resulted in a change of sign
      if (notifyVal != ERR_OK_QUERY) {
../Core/Src/freertos.c(1785): warning:  #188-D: enumerated type mixed with another type
      LeftGripperTelegram.u8fct = MODBUS_FUN_READ_REGISTER;
../Core/Src/freertos.c(1793): warning:  #68-D: integer conversion resulted in a change of sign
      if (notifyVal != ERR_OK_QUERY) {
../Core/Src/freertos.c(1820): warning:  #188-D: enumerated type mixed with another type
      RightGripperTelegram.u8fct = MODBUS_FUN_READ_REGISTER;
../Core/Src/freertos.c(1828): warning:  #68-D: integer conversion resulted in a change of sign
      if (notifyVal != ERR_OK_QUERY) {
../Core/Src/freertos.c(1860): warning:  #188-D: enumerated type mixed with another type
      LeftGripperTelegram.u8fct = MODBUS_FUN_READ_REGISTER;
../Core/Src/freertos.c(1869): warning:  #68-D: integer conversion resulted in a change of sign
      if (notifyVal != ERR_OK_QUERY) {
../Core/Src/freertos.c(1896): warning:  #188-D: enumerated type mixed with another type
      RightGripperTelegram.u8fct = MODBUS_FUN_READ_REGISTER;
../Core/Src/freertos.c(1905): warning:  #68-D: integer conversion resulted in a change of sign
      if (notifyVal != ERR_OK_QUERY) {
../Core/Src/freertos.c(1565): warning:  #177-D: function "mqtt_publish_gripper_status"  was declared but never referenced
  static bool mqtt_publish_gripper_status(GripperStatus_t* status, uint8_t side)
../Core/Src/freertos.c(1999): warning:  #177-D: function "mqtt_publish_gpio_status"  was declared but never referenced
  static bool mqtt_publish_gpio_status(void)
../Core/Src/freertos.c(2028): warning:  #177-D: function "mqtt_publish_servos_status"  was declared but never referenced
  static bool mqtt_publish_servos_status(uint8_t type)
../Core/Src/freertos.c(2121): warning:  #177-D: function "mqtt_subscribe_all"  was declared but never referenced
  static void mqtt_subscribe_all(void)
../Core/Src/freertos.c: 47 warnings, 0 errors
linking...
Program Size: Code=75596 RO-data=2520 RW-data=3812 ZI-data=33868  
FromELF: creating hex file...
"STM32F407_Template\STM32F407_Template.axf" - 0 Error(s), 89 Warning(s).

<h2>Software Packages used:</h2>

Package Vendor: ARM
                https://www.keil.com/pack/ARM.CMSIS.6.1.0.pack
                ARM::CMSIS@6.1.0
                CMSIS (Common Microcontroller Software Interface Standard)
   * Component: CORE Version: 6.1.0

Package Vendor: Keil
                https://www.keil.com/pack/Keil.STM32F4xx_DFP.3.1.0.pack
                Keil::STM32F4xx_DFP@3.1.0
                STMicroelectronics STM32F4 Series Device Support

<h2>Collection of Component include folders:</h2>
  ./RTE/_STM32F407_Template
  D:/Keil_v5/ARM/Packs/ARM/CMSIS/6.1.0/CMSIS/Core/Include

<h2>Collection of Component Files used:</h2>

   * Component: ARM::CMSIS:CORE@6.1.0
Build Time Elapsed:  00:00:06
</pre>
</body>
</html>
