<html>
<body>
<pre>
<h1>�Vision Build Log</h1>
<h2>Tool Versions:</h2>
IDE-Version: ��Vision V5.41.0.0
Copyright (C) 2024 ARM Ltd and ARM Germany GmbH. All rights reserved.
License Information: ARM ARM, ARM, LIC=14HV2-9TUR5-45NT5-GZTL3-A4NUM-G2S9D
 
Tool Versions:
Toolchain:       MDK-ARM Plus  Version: 5.41.0.0
Toolchain Path:  D:\Keil_v5\ARM\ARM_Compiler_5.06u7\Bin
C Compiler:      Armcc.exe V5.06 update 7 (build 960)
Assembler:       Armasm.exe V5.06 update 7 (build 960)
Linker/Locator:  ArmLink.exe V5.06 update 7 (build 960)
Library Manager: ArmAr.exe V5.06 update 7 (build 960)
Hex Converter:   FromElf.exe V5.06 update 7 (build 960)
CPU DLL:         SARMCM3.DLL V5.41.0.0
Dialog DLL:      DCM.DLL V1.17.5.0
Target DLL:      STLink\ST-LINKIII-KEIL_SWO.dll V3.3.0.0
Dialog DLL:      TCM.DLL V1.56.4.0
 
<h2>Project:</h2>
D:\robot\keil_ws\stm32-f407_-template_v2\MDK-ARM\STM32F407_Template.uvprojx
Project File Date:  09/28/2025

<h2>Output:</h2>
*** Using Compiler 'V5.06 update 7 (build 960)', folder: 'D:\Keil_v5\ARM\ARM_Compiler_5.06u7\Bin'
Build target 'STM32F407_Template'
compiling servo.c...
..\CANOpen\hardware\timer5.h(11): warning:  #1-D: last line of file ends without a newline
  #endif
../Core/Inc/servo.h(83): warning:  #47-D: incompatible redefinition of macro "SWITCH_ON_DISABLED_FAILED"  (declared at line 79)
  #define SWITCH_ON_DISABLED_FAILED -6
../Core/Inc/servo.h(120): warning:  #1-D: last line of file ends without a newline
  #endif
..\Core\Src\servo.c(45): warning:  #223-D: function "osDelay" declared implicitly
          osDelay(1);
..\Core\Src\servo.c(25): warning:  #177-D: variable "state"  was declared but never referenced
      uint8_t state = 0;
..\Core\Src\servo.c(75): warning:  #223-D: function "osDelay" declared implicitly
          osDelay(1);
..\Core\Src\servo.c(95): warning:  #111-D: statement is unreachable
      return SDO_ERR_TIMEOUT;
..\Core\Src\servo.c(67): warning:  #177-D: variable "state"  was declared but never referenced
      uint8_t state = 0;
..\Core\Src\servo.c(111): warning:  #223-D: function "osDelay" declared implicitly
      osDelay(200); // 等待200ms，保证从站复位完�?
..\Core\Src\servo.c(556): warning:  #223-D: function "osDelay" declared implicitly
      osDelay(5);
..\Core\Src\servo.c(617): warning:  #223-D: function "osDelay" declared implicitly
          osDelay(50);
..\Core\Src\servo.c(632): warning:  #223-D: function "osDelay" declared implicitly
      osDelay(5);
..\Core\Src\servo.c(672): warning:  #223-D: function "osDelay" declared implicitly
      osDelay(5);
..\Core\Src\servo.c(729): warning:  #223-D: function "osDelay" declared implicitly
      osDelay(200); // 等待200ms，保证从站复位完�?
..\Core\Src\servo.c(1188): warning:  #223-D: function "osDelay" declared implicitly
      osDelay(5);
..\Core\Src\servo.c(1248): warning:  #223-D: function "osDelay" declared implicitly
          osDelay(50);
..\Core\Src\servo.c(1263): warning:  #223-D: function "osDelay" declared implicitly
      osDelay(5);
..\Core\Src\servo.c(1319): warning:  #223-D: function "osDelay" declared implicitly
      osDelay(5);
..\Core\Src\servo.c(1415): warning:  #223-D: function "osDelay" declared implicitly
          osDelay(10);
..\Core\Src\servo.c(1459): warning:  #223-D: function "osDelay" declared implicitly
          osDelay(5);
..\Core\Src\servo.c(1476): warning:  #940-D: missing return statement at end of non-void function "ZeroErr_Read_Error_SDO" 
  }
..\Core\Src\servo.c(1498): warning:  #223-D: function "osDelay" declared implicitly
          osDelay(1);
..\Core\Src\servo.c(1536): warning:  #223-D: function "osDelay" declared implicitly
          osDelay(1);
..\Core\Src\servo.c: 23 warnings, 0 errors
linking...
Program Size: Code=75352 RO-data=2448 RW-data=3808 ZI-data=24640  
FromELF: creating hex file...
"STM32F407_Template\STM32F407_Template.axf" - 0 Error(s), 23 Warning(s).

<h2>Software Packages used:</h2>

Package Vendor: ARM
                https://www.keil.com/pack/ARM.CMSIS.6.1.0.pack
                ARM::CMSIS@6.1.0
                CMSIS (Common Microcontroller Software Interface Standard)
   * Component: CORE Version: 6.1.0

Package Vendor: Keil
                https://www.keil.com/pack/Keil.STM32F4xx_DFP.3.1.0.pack
                Keil::STM32F4xx_DFP@3.1.0
                STMicroelectronics STM32F4 Series Device Support

<h2>Collection of Component include folders:</h2>
  ./RTE/_STM32F407_Template
  D:/Keil_v5/ARM/Packs/ARM/CMSIS/6.1.0/CMSIS/Core/Include

<h2>Collection of Component Files used:</h2>

   * Component: ARM::CMSIS:CORE@6.1.0
Build Time Elapsed:  00:00:04
</pre>
</body>
</html>
