<html>
<body>
<pre>
<h1>µVision Build Log</h1>
<h2>Tool Versions:</h2>
IDE-Version: ¦ÌVision V5.41.0.0
Copyright (C) 2024 ARM Ltd and ARM Germany GmbH. All rights reserved.
License Information: ARM ARM, ARM, LIC=14HV2-9TUR5-45NT5-GZTL3-A4NUM-G2S9D
 
Tool Versions:
Toolchain:       MDK-ARM Plus  Version: 5.41.0.0
Toolchain Path:  D:\Keil_v5\ARM\ARM_Compiler_5.06u7\Bin
C Compiler:      Armcc.exe V5.06 update 7 (build 960)
Assembler:       Armasm.exe V5.06 update 7 (build 960)
Linker/Locator:  ArmLink.exe V5.06 update 7 (build 960)
Library Manager: ArmAr.exe V5.06 update 7 (build 960)
Hex Converter:   FromElf.exe V5.06 update 7 (build 960)
CPU DLL:         SARMCM3.DLL V5.41.0.0
Dialog DLL:      DCM.DLL V1.17.5.0
Target DLL:      STLink\ST-LINKIII-KEIL_SWO.dll V3.3.0.0
Dialog DLL:      TCM.DLL V1.56.4.0
 
<h2>Project:</h2>
D:\robot\keil_ws\stm32-f407_-template_v2_DW\MDK-ARM\STM32F407_DWheel.uvprojx
Project File Date:  12/11/2025

<h2>Output:</h2>
*** Using Compiler 'V5.06 update 7 (build 960)', folder: 'D:\Keil_v5\ARM\ARM_Compiler_5.06u7\Bin'
Build target 'STM32F407_DWheel'
compiling main.c...
..\MODBUS-LIB\Inc\Modbus.h(247): warning:  #1295-D: Deprecated declaration getTimeOut - give arg types
  uint16_t getTimeOut(); //!<get communication watch-dog timer value
..\MODBUS-LIB\Inc\Modbus.h(248): warning:  #1295-D: Deprecated declaration getTimeOutState - give arg types
  bool getTimeOutState(); //!<get communication watch-dog timer state
../Core/Src/main.c: 2 warnings, 0 errors
compiling freertos.c...
..\MODBUS-LIB\Inc\Modbus.h(247): warning:  #1295-D: Deprecated declaration getTimeOut - give arg types
  uint16_t getTimeOut(); //!<get communication watch-dog timer value
..\MODBUS-LIB\Inc\Modbus.h(248): warning:  #1295-D: Deprecated declaration getTimeOutState - give arg types
  bool getTimeOutState(); //!<get communication watch-dog timer state
../Core/Inc/hand.h(28): warning:  #1-D: last line of file ends without a newline
  #endif
../Core/Src/freertos.c(1213): warning:  #1035-D: single-precision operand implicitly converted to double-precision
            if ((LeftHandPos[0] < 1.0) && (LeftHandPos[1] < 1.0) && (LeftHandPos[2] < 1.0)
../Core/Src/freertos.c(1213): warning:  #1035-D: single-precision operand implicitly converted to double-precision
            if ((LeftHandPos[0] < 1.0) && (LeftHandPos[1] < 1.0) && (LeftHandPos[2] < 1.0)
../Core/Src/freertos.c(1213): warning:  #1035-D: single-precision operand implicitly converted to double-precision
            if ((LeftHandPos[0] < 1.0) && (LeftHandPos[1] < 1.0) && (LeftHandPos[2] < 1.0)
../Core/Src/freertos.c(1214): warning:  #1035-D: single-precision operand implicitly converted to double-precision
              && (LeftHandPos[3] < 1.0) && (LeftHandPos[4] < 1.0) && (LeftHandPos[5] < 1.0))
../Core/Src/freertos.c(1214): warning:  #1035-D: single-precision operand implicitly converted to double-precision
              && (LeftHandPos[3] < 1.0) && (LeftHandPos[4] < 1.0) && (LeftHandPos[5] < 1.0))
../Core/Src/freertos.c(1214): warning:  #1035-D: single-precision operand implicitly converted to double-precision
              && (LeftHandPos[3] < 1.0) && (LeftHandPos[4] < 1.0) && (LeftHandPos[5] < 1.0))
../Core/Src/freertos.c(1220): warning:  #1035-D: single-precision operand implicitly converted to double-precision
            if ((LeftHandPos[0] > 30.0) && (LeftHandPos[1] > 35.0) && (LeftHandPos[2] > 75.0)
../Core/Src/freertos.c(1220): warning:  #1035-D: single-precision operand implicitly converted to double-precision
            if ((LeftHandPos[0] > 30.0) && (LeftHandPos[1] > 35.0) && (LeftHandPos[2] > 75.0)
../Core/Src/freertos.c(1220): warning:  #1035-D: single-precision operand implicitly converted to double-precision
            if ((LeftHandPos[0] > 30.0) && (LeftHandPos[1] > 35.0) && (LeftHandPos[2] > 75.0)
../Core/Src/freertos.c(1221): warning:  #1035-D: single-precision operand implicitly converted to double-precision
              && (LeftHandPos[3] > 75.0) && (LeftHandPos[4] > 75.0) && (LeftHandPos[5] > 75.0))
../Core/Src/freertos.c(1221): warning:  #1035-D: single-precision operand implicitly converted to double-precision
              && (LeftHandPos[3] > 75.0) && (LeftHandPos[4] > 75.0) && (LeftHandPos[5] > 75.0))
../Core/Src/freertos.c(1221): warning:  #1035-D: single-precision operand implicitly converted to double-precision
              && (LeftHandPos[3] > 75.0) && (LeftHandPos[4] > 75.0) && (LeftHandPos[5] > 75.0))
../Core/Src/freertos.c(1310): warning:  #1035-D: single-precision operand implicitly converted to double-precision
            if ((RightHandPos[0] < 1.0) && (RightHandPos[1] < 1.0) && (RightHandPos[2] < 1.0)
../Core/Src/freertos.c(1310): warning:  #1035-D: single-precision operand implicitly converted to double-precision
            if ((RightHandPos[0] < 1.0) && (RightHandPos[1] < 1.0) && (RightHandPos[2] < 1.0)
../Core/Src/freertos.c(1310): warning:  #1035-D: single-precision operand implicitly converted to double-precision
            if ((RightHandPos[0] < 1.0) && (RightHandPos[1] < 1.0) && (RightHandPos[2] < 1.0)
../Core/Src/freertos.c(1311): warning:  #1035-D: single-precision operand implicitly converted to double-precision
              && (RightHandPos[3] < 1.0) && (RightHandPos[4] < 1.0) && (RightHandPos[5] < 1.0))
../Core/Src/freertos.c(1311): warning:  #1035-D: single-precision operand implicitly converted to double-precision
              && (RightHandPos[3] < 1.0) && (RightHandPos[4] < 1.0) && (RightHandPos[5] < 1.0))
../Core/Src/freertos.c(1311): warning:  #1035-D: single-precision operand implicitly converted to double-precision
              && (RightHandPos[3] < 1.0) && (RightHandPos[4] < 1.0) && (RightHandPos[5] < 1.0))
../Core/Src/freertos.c(1317): warning:  #1035-D: single-precision operand implicitly converted to double-precision
            if ((RightHandPos[0] > 30.0) && (RightHandPos[1] > 35.0) && (RightHandPos[2] > 75.0)
../Core/Src/freertos.c(1317): warning:  #1035-D: single-precision operand implicitly converted to double-precision
            if ((RightHandPos[0] > 30.0) && (RightHandPos[1] > 35.0) && (RightHandPos[2] > 75.0)
../Core/Src/freertos.c(1317): warning:  #1035-D: single-precision operand implicitly converted to double-precision
            if ((RightHandPos[0] > 30.0) && (RightHandPos[1] > 35.0) && (RightHandPos[2] > 75.0)
../Core/Src/freertos.c(1318): warning:  #1035-D: single-precision operand implicitly converted to double-precision
              && (RightHandPos[3] > 75.0) && (RightHandPos[4] > 75.0) && (RightHandPos[5] > 75.0))
../Core/Src/freertos.c(1318): warning:  #1035-D: single-precision operand implicitly converted to double-precision
              && (RightHandPos[3] > 75.0) && (RightHandPos[4] > 75.0) && (RightHandPos[5] > 75.0))
../Core/Src/freertos.c(1318): warning:  #1035-D: single-precision operand implicitly converted to double-precision
              && (RightHandPos[3] > 75.0) && (RightHandPos[4] > 75.0) && (RightHandPos[5] > 75.0))
../Core/Src/freertos.c(1631): warning:  #187-D: use of "=" where "==" may have been intended
          if ((h->u8Buffer[3] = 0x02) && (h->u8Buffer[5] = 0x0C))
../Core/Src/freertos.c(1631): warning:  #187-D: use of "=" where "==" may have been intended
          if ((h->u8Buffer[3] = 0x02) && (h->u8Buffer[5] = 0x0C))
../Core/Src/freertos.c(1674): warning:  #187-D: use of "=" where "==" may have been intended
          if ((h->u8Buffer[3] = 0x02) && (h->u8Buffer[5] = 0x0C))
../Core/Src/freertos.c(1674): warning:  #187-D: use of "=" where "==" may have been intended
          if ((h->u8Buffer[3] = 0x02) && (h->u8Buffer[5] = 0x0C))
../Core/Src/freertos.c(1684): warning:  #940-D: missing return statement at end of non-void function "hand_open" 
  }
../Core/Src/freertos.c(1722): warning:  #187-D: use of "=" where "==" may have been intended
          if ((h->u8Buffer[3] = 0x02) && (h->u8Buffer[5] = 0x0C))
../Core/Src/freertos.c(1722): warning:  #187-D: use of "=" where "==" may have been intended
          if ((h->u8Buffer[3] = 0x02) && (h->u8Buffer[5] = 0x0C))
../Core/Src/freertos.c(1765): warning:  #187-D: use of "=" where "==" may have been intended
          if ((h->u8Buffer[3] = 0x02) && (h->u8Buffer[5] = 0x0C))
../Core/Src/freertos.c(1765): warning:  #187-D: use of "=" where "==" may have been intended
          if ((h->u8Buffer[3] = 0x02) && (h->u8Buffer[5] = 0x0C))
../Core/Src/freertos.c(1774): warning:  #940-D: missing return statement at end of non-void function "hand_close" 
  }
../Core/Src/freertos.c(1878): warning:  #550-D: variable "curr_val"  was set but never used
          float curr_val = 0.0;
../Core/Src/freertos.c(1915): warning:  #550-D: variable "curr_val"  was set but never used
          float curr_val = 0.0;
../Core/Src/freertos.c(1956): warning:  #550-D: variable "speed_val"  was set but never used
          float speed_val = 0.0;
../Core/Src/freertos.c(1993): warning:  #550-D: variable "speed_val"  was set but never used
          float speed_val = 0.0;
../Core/Src/freertos.c(203): warning:  #177-D: variable "telegram"  was declared but never referenced
  static modbus_t telegram[2];
../Core/Src/freertos.c(1852): warning:  #177-D: function "hand_acquire_real_curr"  was declared but never referenced
  static bool hand_acquire_real_curr(modbusHandler_t* h, uint8_t side)
../Core/Src/freertos.c(1930): warning:  #177-D: function "hand_acquire_real_speed"  was declared but never referenced
  static bool hand_acquire_real_speed(modbusHandler_t* h, uint8_t side)
../Core/Src/freertos.c: 44 warnings, 0 errors
linking...
Program Size: Code=75920 RO-data=2512 RW-data=4164 ZI-data=34116  
FromELF: creating hex file...
"STM32F407_Template\STM32F407_DWheel.axf" - 0 Error(s), 46 Warning(s).

<h2>Software Packages used:</h2>

Package Vendor: Keil
                https://www.keil.com/pack/Keil.STM32F4xx_DFP.3.1.0.pack
                Keil::STM32F4xx_DFP@3.1.0
                STMicroelectronics STM32F4 Series Device Support

<h2>Collection of Component include folders:</h2>
  ./RTE/_STM32F407_DWheel

<h2>Collection of Component Files used:</h2>
Build Time Elapsed:  00:00:04
</pre>
</body>
</html>
