Component: ARM Compiler 5.06 update 7 (build 960) Tool: armlink [4d3601]

==============================================================================

Section Cross References

    startup_stm32f407xx.o(RESET) refers to startup_stm32f407xx.o(STACK) for __initial_sp
    startup_stm32f407xx.o(RESET) refers to startup_stm32f407xx.o(.text) for Reset_Handler
    startup_stm32f407xx.o(RESET) refers to stm32f4xx_it.o(i.NMI_Handler) for NMI_Handler
    startup_stm32f407xx.o(RESET) refers to stm32f4xx_it.o(i.HardFault_Handler) for HardFault_Handler
    startup_stm32f407xx.o(RESET) refers to stm32f4xx_it.o(i.MemManage_Handler) for MemManage_Handler
    startup_stm32f407xx.o(RESET) refers to stm32f4xx_it.o(i.BusFault_Handler) for BusFault_Handler
    startup_stm32f407xx.o(RESET) refers to stm32f4xx_it.o(i.UsageFault_Handler) for UsageFault_Handler
    startup_stm32f407xx.o(RESET) refers to port.o(.emb_text) for SVC_Handler
    startup_stm32f407xx.o(RESET) refers to stm32f4xx_it.o(i.DebugMon_Handler) for DebugMon_Handler
    startup_stm32f407xx.o(RESET) refers to cmsis_os2.o(i.SysTick_Handler) for SysTick_Handler
    startup_stm32f407xx.o(RESET) refers to stm32f4xx_it.o(i.DMA1_Stream1_IRQHandler) for DMA1_Stream1_IRQHandler
    startup_stm32f407xx.o(RESET) refers to stm32f4xx_it.o(i.DMA1_Stream2_IRQHandler) for DMA1_Stream2_IRQHandler
    startup_stm32f407xx.o(RESET) refers to stm32f4xx_it.o(i.DMA1_Stream3_IRQHandler) for DMA1_Stream3_IRQHandler
    startup_stm32f407xx.o(RESET) refers to stm32f4xx_it.o(i.DMA1_Stream4_IRQHandler) for DMA1_Stream4_IRQHandler
    startup_stm32f407xx.o(RESET) refers to stm32f4xx_it.o(i.CAN1_RX0_IRQHandler) for CAN1_RX0_IRQHandler
    startup_stm32f407xx.o(RESET) refers to stm32f4xx_it.o(i.USART1_IRQHandler) for USART1_IRQHandler
    startup_stm32f407xx.o(RESET) refers to stm32f4xx_it.o(i.USART2_IRQHandler) for USART2_IRQHandler
    startup_stm32f407xx.o(RESET) refers to stm32f4xx_it.o(i.USART3_IRQHandler) for USART3_IRQHandler
    startup_stm32f407xx.o(RESET) refers to stm32f4xx_it.o(i.TIM5_IRQHandler) for TIM5_IRQHandler
    startup_stm32f407xx.o(RESET) refers to stm32f4xx_it.o(i.UART4_IRQHandler) for UART4_IRQHandler
    startup_stm32f407xx.o(RESET) refers to stm32f4xx_it.o(i.UART5_IRQHandler) for UART5_IRQHandler
    startup_stm32f407xx.o(RESET) refers to stm32f4xx_it.o(i.TIM6_DAC_IRQHandler) for TIM6_DAC_IRQHandler
    startup_stm32f407xx.o(RESET) refers to stm32f4xx_it.o(i.DMA2_Stream2_IRQHandler) for DMA2_Stream2_IRQHandler
    startup_stm32f407xx.o(RESET) refers to stm32f4xx_it.o(i.CAN2_RX0_IRQHandler) for CAN2_RX0_IRQHandler
    startup_stm32f407xx.o(RESET) refers to stm32f4xx_it.o(i.DMA2_Stream7_IRQHandler) for DMA2_Stream7_IRQHandler
    startup_stm32f407xx.o(.text) refers to system_stm32f4xx.o(i.SystemInit) for SystemInit
    startup_stm32f407xx.o(.text) refers to entry.o(.ARM.Collect$$$$00000000) for __main
    rs485.o(i.RS485_Init) refers to memseta.o(.text) for __aeabi_memclr4
    rs485.o(i.RS485_Init) refers to stm32f4xx_hal_gpio.o(i.HAL_GPIO_Init) for HAL_GPIO_Init
    rs485.o(i.RS485_Init) refers to rs485.o(i.RS485_SetRecvMode) for RS485_SetRecvMode
    rs485.o(i.RS485_Receive) refers to rs485.o(i.RS485_SetRecvMode) for RS485_SetRecvMode
    rs485.o(i.RS485_Receive) refers to stm32f4xx_hal_uart.o(i.HAL_UART_Receive) for HAL_UART_Receive
    rs485.o(i.RS485_Receive) refers to usart.o(.bss) for huart4
    rs485.o(i.RS485_Send) refers to printfa.o(i.__0printf) for __2printf
    rs485.o(i.RS485_Send) refers to stm32f4xx_hal_uart.o(i.HAL_UART_Transmit) for HAL_UART_Transmit
    rs485.o(i.RS485_Send) refers to stm32f4xx_hal_gpio.o(i.HAL_GPIO_WritePin) for HAL_GPIO_WritePin
    rs485.o(i.RS485_Send) refers to stm32f4xx_hal.o(i.HAL_Delay) for HAL_Delay
    rs485.o(i.RS485_Send) refers to rs485.o(i.RS485_SetRecvMode) for RS485_SetRecvMode
    rs485.o(i.RS485_Send) refers to usart.o(.bss) for huart1
    rs485.o(i.RS485_SetRecvMode) refers to stm32f4xx_hal_gpio.o(i.HAL_GPIO_WritePin) for HAL_GPIO_WritePin
    cjson.o(i.add_item_to_object) refers to cjson.o(i.cJSON_strdup) for cJSON_strdup
    cjson.o(i.add_item_to_object) refers to cjson.o(i.add_item_to_array) for add_item_to_array
    cjson.o(i.cJSON_AddArrayToObject) refers to cjson.o(i.cJSON_CreateArray) for cJSON_CreateArray
    cjson.o(i.cJSON_AddArrayToObject) refers to cjson.o(i.add_item_to_object) for add_item_to_object
    cjson.o(i.cJSON_AddArrayToObject) refers to cjson.o(i.cJSON_Delete) for cJSON_Delete
    cjson.o(i.cJSON_AddArrayToObject) refers to cjson.o(.data) for .data
    cjson.o(i.cJSON_AddBoolToObject) refers to cjson.o(i.cJSON_CreateBool) for cJSON_CreateBool
    cjson.o(i.cJSON_AddBoolToObject) refers to cjson.o(i.add_item_to_object) for add_item_to_object
    cjson.o(i.cJSON_AddBoolToObject) refers to cjson.o(i.cJSON_Delete) for cJSON_Delete
    cjson.o(i.cJSON_AddBoolToObject) refers to cjson.o(.data) for .data
[...]
    0x08002812   0x08002812   0x00000092   Code   RO         2960    i.HAL_DMA_Abort     stm32f4xx_hal_dma.o
    0x080028a4   0x080028a4   0x00000024   Code   RO         2961    i.HAL_DMA_Abort_IT  stm32f4xx_hal_dma.o
    0x080028c8   0x080028c8   0x000001a0   Code   RO         2965    i.HAL_DMA_IRQHandler  stm32f4xx_hal_dma.o
    0x08002a68   0x08002a68   0x000000d4   Code   RO         2966    i.HAL_DMA_Init      stm32f4xx_hal_dma.o
    0x08002b3c   0x08002b3c   0x0000006e   Code   RO         2970    i.HAL_DMA_Start_IT  stm32f4xx_hal_dma.o
    0x08002baa   0x08002baa   0x00000002   PAD
    0x08002bac   0x08002bac   0x00000024   Code   RO         3379    i.HAL_Delay         stm32f4xx_hal.o
    0x08002bd0   0x08002bd0   0x000001f0   Code   RO         2853    i.HAL_GPIO_Init     stm32f4xx_hal_gpio.o
    0x08002dc0   0x08002dc0   0x0000000a   Code   RO         2855    i.HAL_GPIO_ReadPin  stm32f4xx_hal_gpio.o
    0x08002dca   0x08002dca   0x0000000a   Code   RO         2857    i.HAL_GPIO_WritePin  stm32f4xx_hal_gpio.o
    0x08002dd4   0x08002dd4   0x0000000c   Code   RO         3385    i.HAL_GetTick       stm32f4xx_hal.o
    0x08002de0   0x08002de0   0x00000032   Code   RO         5159    i.HAL_HalfDuplex_EnableReceiver  stm32f4xx_hal_uart.o
    0x08002e12   0x08002e12   0x00000032   Code   RO         5160    i.HAL_HalfDuplex_EnableTransmitter  stm32f4xx_hal_uart.o
    0x08002e44   0x08002e44   0x00000010   Code   RO         3391    i.HAL_IncTick       stm32f4xx_hal.o
    0x08002e54   0x08002e54   0x00000034   Code   RO         3392    i.HAL_Init          stm32f4xx_hal.o
    0x08002e88   0x08002e88   0x00000074   Code   RO         1995    i.HAL_InitTick      stm32f4xx_hal_timebase_tim.o
    0x08002efc   0x08002efc   0x00000038   Code   RO         1971    i.HAL_MspInit       stm32f4xx_hal_msp.o
    0x08002f34   0x08002f34   0x0000001a   Code   RO         3242    i.HAL_NVIC_EnableIRQ  stm32f4xx_hal_cortex.o
    0x08002f4e   0x08002f4e   0x00000002   PAD
    0x08002f50   0x08002f50   0x00000040   Code   RO         3248    i.HAL_NVIC_SetPriority  stm32f4xx_hal_cortex.o
    0x08002f90   0x08002f90   0x00000024   Code   RO         3249    i.HAL_NVIC_SetPriorityGrouping  stm32f4xx_hal_cortex.o
    0x08002fb4   0x08002fb4   0x00000134   Code   RO         2499    i.HAL_RCC_ClockConfig  stm32f4xx_hal_rcc.o
    0x080030e8   0x080030e8   0x00000040   Code   RO         2503    i.HAL_RCC_GetClockConfig  stm32f4xx_hal_rcc.o
    0x08003128   0x08003128   0x00000020   Code   RO         2506    i.HAL_RCC_GetPCLK1Freq  stm32f4xx_hal_rcc.o
    0x08003148   0x08003148   0x00000020   Code   RO         2507    i.HAL_RCC_GetPCLK2Freq  stm32f4xx_hal_rcc.o
    0x08003168   0x08003168   0x0000004c   Code   RO         2508    i.HAL_RCC_GetSysClockFreq  stm32f4xx_hal_rcc.o
    0x080031b4   0x080031b4   0x0000036c   Code   RO         2511    i.HAL_RCC_OscConfig  stm32f4xx_hal_rcc.o
    0x08003520   0x08003520   0x000000bc   Code   RO         3875    i.HAL_SPI_Init      stm32f4xx_hal_spi.o
    0x080035dc   0x080035dc   0x0000006c   Code   RO         1688    i.HAL_SPI_MspInit   spi.o
    0x08003648   0x08003648   0x000001e2   Code   RO         3884    i.HAL_SPI_TransmitReceive  stm32f4xx_hal_spi.o
    0x0800382a   0x0800382a   0x00000002   Code   RO         4892    i.HAL_TIMEx_BreakCallback  stm32f4xx_hal_tim_ex.o
    0x0800382c   0x0800382c   0x00000002   Code   RO         4893    i.HAL_TIMEx_CommutCallback  stm32f4xx_hal_tim_ex.o
    0x0800382e   0x0800382e   0x00000002   PAD
    0x08003830   0x08003830   0x00000090   Code   RO         4911    i.HAL_TIMEx_MasterConfigSynchronization  stm32f4xx_hal_tim_ex.o
    0x080038c0   0x080038c0   0x0000005a   Code   RO         4188    i.HAL_TIM_Base_Init  stm32f4xx_hal_tim.o
    0x0800391a   0x0800391a   0x00000002   PAD
    0x0800391c   0x0800391c   0x0000003c   Code   RO          800    i.HAL_TIM_Base_MspInit  tim.o
    0x08003958   0x08003958   0x00000080   Code   RO         4193    i.HAL_TIM_Base_Start_IT  stm32f4xx_hal_tim.o
    0x080039d8   0x080039d8   0x000000dc   Code   RO         4197    i.HAL_TIM_ConfigClockSource  stm32f4xx_hal_tim.o
    0x08003ab4   0x08003ab4   0x00000002   Code   RO         4222    i.HAL_TIM_IC_CaptureCallback  stm32f4xx_hal_tim.o
    0x08003ab6   0x08003ab6   0x00000166   Code   RO         4236    i.HAL_TIM_IRQHandler  stm32f4xx_hal_tim.o
    0x08003c1c   0x08003c1c   0x00000002   Code   RO         4239    i.HAL_TIM_OC_DelayElapsedCallback  stm32f4xx_hal_tim.o
    0x08003c1e   0x08003c1e   0x00000056   Code   RO         4253    i.HAL_TIM_OnePulse_Init  stm32f4xx_hal_tim.o
    0x08003c74   0x08003c74   0x00000002   Code   RO         4255    i.HAL_TIM_OnePulse_MspInit  stm32f4xx_hal_tim.o
    0x08003c76   0x08003c76   0x00000002   Code   RO         4266    i.HAL_TIM_PWM_PulseFinishedCallback  stm32f4xx_hal_tim.o
    0x08003c78   0x08003c78   0x00000038   Code   RO         9618    i.HAL_TIM_PeriodElapsedCallback  timer5.o
    0x08003cb0   0x08003cb0   0x00000002   Code   RO         4279    i.HAL_TIM_TriggerCallback  stm32f4xx_hal_tim.o
    0x08003cb2   0x08003cb2   0x00000056   Code   RO         5168    i.HAL_UARTEx_ReceiveToIdle_DMA  stm32f4xx_hal_uart.o
    0x08003d08   0x08003d08   0x000000a4   Code   RO         8582    i.HAL_UARTEx_RxEventCallback  uartcallback.o
    0x08003dac   0x08003dac   0x00000002   Code   RO         5174    i.HAL_UART_AbortReceiveCpltCallback  stm32f4xx_hal_uart.o
    0x08003dae   0x08003dae   0x00000002   PAD
    0x08003db0   0x08003db0   0x00000098   Code   RO         5175    i.HAL_UART_AbortReceive_IT  stm32f4xx_hal_uart.o
    0x08003e48   0x08003e48   0x00000070   Code   RO         5182    i.HAL_UART_DMAStop  stm32f4xx_hal_uart.o
    0x08003eb8   0x08003eb8   0x00000060   Code   RO         8583    i.HAL_UART_ErrorCallback  uartcallback.o
    0x08003f18   0x08003f18   0x0000000a   Code   RO         5186    i.HAL_UART_GetState  stm32f4xx_hal_uart.o
    0x08003f22   0x08003f22   0x00000002   PAD
    0x08003f24   0x08003f24   0x00000268   Code   RO         5187    i.HAL_UART_IRQHandler  stm32f4xx_hal_uart.o
    0x0800418c   0x0800418c   0x00000062   Code   RO         5188    i.HAL_UART_Init     stm32f4xx_hal_uart.o
    0x080041ee   0x080041ee   0x00000002   PAD
    0x080041f0   0x080041f0   0x000003a8   Code   RO         1730    i.HAL_UART_MspInit  usart.o
    0x08004598   0x08004598   0x0000002a   Code   RO         5193    i.HAL_UART_Receive_IT  stm32f4xx_hal_uart.o
    0x080045c2   0x080045c2   0x00000002   PAD
    0x080045c4   0x080045c4   0x00000084   Code   RO         8584    i.HAL_UART_RxCpltCallback  uartcallback.o
    0x08004648   0x08004648   0x00000002   Code   RO         5195    i.HAL_UART_RxHalfCpltCallback  stm32f4xx_hal_uart.o
    0x0800464a   0x0800464a   0x00000002   PAD
    0x0800464c   0x0800464c   0x000000b2   Code   RO         5196    i.HAL_UART_Transmit  stm32f4xx_hal_uart.o
    0x080046fe   0x080046fe   0x00000002   PAD
    0x08004700   0x08004700   0x0000008c   Code   RO         5197    i.HAL_UART_Transmit_DMA  stm32f4xx_hal_uart.o
    0x0800478c   0x0800478c   0x0000003e   Code   RO         5198    i.HAL_UART_Transmit_IT  stm32f4xx_hal_uart.o
    0x080047ca   0x080047ca   0x00000002   PAD
    0x080047cc   0x080047cc   0x0000005c   Code   RO         8585    i.HAL_UART_TxCpltCallback  uartcallback.o
    0x08004828   0x08004828   0x00000002   Code   RO         5200    i.HAL_UART_TxHalfCpltCallback  stm32f4xx_hal_uart.o
    0x0800482a   0x0800482a   0x00000002   Code   RO         1833    i.HardFault_Handler  stm32f4xx_it.o
    0x0800482c   0x0800482c   0x00000138   Code   RO         9383    i.Kinco_Ctrl_scanIndexOD  kinco_ctrl.o
    0x08004964   0x08004964   0x00000014   Code   RO         9384    i.Kinco_Ctrl_valueRangeTest  kinco_ctrl.o
    0x08004978   0x08004978   0x00000168   Code   RO         2036    i.Kinco_Disable_PDO  servo.o
    0x08004ae0   0x08004ae0   0x00000318   Code   RO         2037    i.Kinco_Enable_PDO  servo.o
    0x08004df8   0x08004df8   0x0000005c   Code   RO         2038    i.Kinco_MasterNode_Init  servo.o
    0x08004e54   0x08004e54   0x000000c4   Code   RO         2039    i.Kinco_MovPos_PDO  servo.o
    0x08004f18   0x08004f18   0x00000054   Code   RO         2040    i.Kinco_SetVel_PDO  servo.o
    0x08004f6c   0x08004f6c   0x0000074c   Code   RO         2041    i.Kinco_Setup       servo.o
    0x080056b8   0x080056b8   0x000000c0   Code   RO         1154    i.LeftGripperTask   freertos.o
    0x08005778   0x08005778   0x00000050   Code   RO         1013    i.Lift_Down         gpio.o
    0x080057c8   0x080057c8   0x00000064   Code   RO         1014    i.Lift_Hold         gpio.o
    0x0800582c   0x0800582c   0x0000004c   Code   RO         1015    i.Lift_Up           gpio.o
    0x08005878   0x08005878   0x00000012   Code   RO         7793    i.MQTTCleanSession  mqttclient.o
    0x0800588a   0x0800588a   0x00000002   PAD
    0x0800588c   0x0800588c   0x0000004c   Code   RO         7794    i.MQTTClientInit    mqttclient.o
    0x080058d8   0x080058d8   0x00000012   Code   RO         7795    i.MQTTCloseSession  mqttclient.o
    0x080058ea   0x080058ea   0x0000000a   Code   RO         7796    i.MQTTConnect       mqttclient.o
    0x080058f4   0x080058f4   0x0000009c   Code   RO         7797    i.MQTTConnectWithResults  mqttclient.o
    0x08005990   0x08005990   0x00000048   Code   RO         7990    i.MQTTDeserialize_ack  mqttdeserializepublish.o
    0x080059d8   0x080059d8   0x0000005c   Code   RO         7924    i.MQTTDeserialize_connack  mqttconnectclient.o
    0x08005a34   0x08005a34   0x0000008c   Code   RO         7991    i.MQTTDeserialize_publish  mqttdeserializepublish.o
    0x08005ac0   0x08005ac0   0x0000007c   Code   RO         8216    i.MQTTDeserialize_suback  mqttsubscribeclient.o
    0x08005b3c   0x08005b3c   0x00000036   Code   RO         7798    i.MQTTDisconnect    mqttclient.o
    0x08005b72   0x08005b72   0x00000036   Code   RO         8066    i.MQTTPacket_decode  mqttpacket.o
    0x08005ba8   0x08005ba8   0x00000014   Code   RO         8067    i.MQTTPacket_decodeBuf  mqttpacket.o
    0x08005bbc   0x08005bbc   0x0000002a   Code   RO         8068    i.MQTTPacket_encode  mqttpacket.o
    0x08005be6   0x08005be6   0x00000034   Code   RO         8069    i.MQTTPacket_equals  mqttpacket.o
    0x08005c1a   0x08005c1a   0x00000002   PAD
    0x08005c1c   0x08005c1c   0x00000028   Code   RO         8070    i.MQTTPacket_len    mqttpacket.o
    0x08005c44   0x08005c44   0x000000c4   Code   RO         7800    i.MQTTPublish       mqttclient.o
    0x08005d08   0x08005d08   0x00000048   Code   RO         8174    i.MQTTSerialize_ack  mqttserializepublish.o
    0x08005d50   0x08005d50   0x00000118   Code   RO         7925    i.MQTTSerialize_connect  mqttconnectclient.o
    0x08005e68   0x08005e68   0x00000076   Code   RO         7926    i.MQTTSerialize_connectLength  mqttconnectclient.o
    0x08005ede   0x08005ede   0x00000006   Code   RO         7927    i.MQTTSerialize_disconnect  mqttconnectclient.o
    0x08005ee4   0x08005ee4   0x00000006   Code   RO         7928    i.MQTTSerialize_pingreq  mqttconnectclient.o
    0x08005eea   0x08005eea   0x00000086   Code   RO         8177    i.MQTTSerialize_publish  mqttserializepublish.o
    0x08005f70   0x08005f70   0x0000001e   Code   RO         8178    i.MQTTSerialize_publishLength  mqttserializepublish.o
    0x08005f8e   0x08005f8e   0x00000002   PAD
    0x08005f90   0x08005f90   0x0000008c   Code   RO         8217    i.MQTTSerialize_subscribe  mqttsubscribeclient.o
    0x0800601c   0x0800601c   0x0000002e   Code   RO         8218    i.MQTTSerialize_subscribeLength  mqttsubscribeclient.o
    0x0800604a   0x0800604a   0x00000032   Code   RO         7929    i.MQTTSerialize_zero  mqttconnectclient.o
    0x0800607c   0x0800607c   0x00000076   Code   RO         7802    i.MQTTSetMessageHandler  mqttclient.o
    0x080060f2   0x080060f2   0x0000000c   Code   RO         7803    i.MQTTSubscribe     mqttclient.o
    0x080060fe   0x080060fe   0x000000ac   Code   RO         7804    i.MQTTSubscribeWithResults  mqttclient.o
    0x080061aa   0x080061aa   0x00000036   Code   RO         7806    i.MQTTYield         mqttclient.o
    0x080061e0   0x080061e0   0x0000000e   Code   RO         8073    i.MQTTstrlen        mqttpacket.o
    0x080061ee   0x080061ee   0x00000002   PAD
    0x080061f0   0x080061f0   0x00000094   Code   RO         1476    i.MX_ADC1_Init      adc.o
    0x08006284   0x08006284   0x00000060   Code   RO         1565    i.MX_CAN1_Init      can.o
    0x080062e4   0x080062e4   0x00000064   Code   RO         1566    i.MX_CAN2_Init      can.o
    0x08006348   0x08006348   0x0000008c   Code   RO         1663    i.MX_DMA_Init       dma.o
    0x080063d4   0x080063d4   0x00000160   Code   RO         1155    i.MX_FREERTOS_Init  freertos.o
    0x08006534   0x08006534   0x0000018c   Code   RO         1016    i.MX_GPIO_Init      gpio.o
    0x080066c0   0x080066c0   0x0000009c   Code   RO         1156    i.MX_Modbus_Init    freertos.o
    0x0800675c   0x0800675c   0x00000044   Code   RO         1689    i.MX_SPI2_Init      spi.o
    0x080067a0   0x080067a0   0x00000078   Code   RO          801    i.MX_TIM5_Init      tim.o
    0x08006818   0x08006818   0x00000038   Code   RO         1731    i.MX_UART4_Init     usart.o
    0x08006850   0x08006850   0x00000044   Code   RO         1732    i.MX_UART5_Init     usart.o
    0x08006894   0x08006894   0x00000038   Code   RO         1733    i.MX_USART1_UART_Init  usart.o
    0x080068cc   0x080068cc   0x00000044   Code   RO         1734    i.MX_USART2_UART_Init  usart.o
    0x08006910   0x08006910   0x00000038   Code   RO         1735    i.MX_USART3_UART_Init  usart.o
    0x08006948   0x08006948   0x00000002   Code   RO         1834    i.MemManage_Handler  stm32f4xx_it.o
    0x0800694a   0x0800694a   0x00000002   PAD
    0x0800694c   0x0800694c   0x000000ec   Code   RO         8397    i.ModbusInit        modbus.o
    0x08006a38   0x08006a38   0x00000028   Code   RO         8398    i.ModbusQuery       modbus.o
    0x08006a60   0x08006a60   0x00000098   Code   RO         8400    i.ModbusStart       modbus.o
    0x08006af8   0x08006af8   0x00000002   Code   RO         1835    i.NMI_Handler       stm32f4xx_it.o
    0x08006afa   0x08006afa   0x00000002   PAD
    0x08006afc   0x08006afc   0x0000022c   Code   RO         8303    i.NetworkConnect    mqtt_network.o
    0x08006d28   0x08006d28   0x00000006   Code   RO         8304    i.NetworkDisconnect  mqtt_network.o
    0x08006d2e   0x08006d2e   0x00000002   PAD
    0x08006d30   0x08006d30   0x00000020   Code   RO         8305    i.NetworkInit       mqtt_network.o
    0x08006d50   0x08006d50   0x0000000a   Code   RO         9294    i.OnCOB_ID_SyncUpdate  sync.o
    0x08006d5a   0x08006d5a   0x00000002   PAD
    0x08006d5c   0x08006d5c   0x00000038   Code   RO         8744    i.OnHeartbeatProducerUpdate  lifegrd.o
    0x08006d94   0x08006d94   0x00000012   Code   RO         8745    i.OnNodeGuardUpdate  lifegrd.o
    0x08006da6   0x08006da6   0x00000002   PAD
    0x08006da8   0x08006da8   0x00000028   Code   RO         8690    i.OnNumberOfErrorsUpdate  emcy.o
    0x08006dd0   0x08006dd0   0x00000028   Code   RO         8940    i.PDOEventTimerAlarm  pdo.o
    0x08006df8   0x08006df8   0x0000002a   Code   RO         8941    i.PDOInhibitTimerAlarm  pdo.o
    0x08006e22   0x08006e22   0x00000002   PAD
    0x08006e24   0x08006e24   0x00000058   Code   RO         8942    i.PDOInit           pdo.o
    0x08006e7c   0x08006e7c   0x00000068   Code   RO         8943    i.PDOStop           pdo.o
    0x08006ee4   0x08006ee4   0x00000044   Code   RO         8746    i.ProducerHeartbeatAlarm  lifegrd.o
    0x08006f28   0x08006f28   0x00000048   Code   RO           13    i.RS485_Init        rs485.o
    0x08006f70   0x08006f70   0x00000014   Code   RO           16    i.RS485_SetRecvMode  rs485.o
    0x08006f84   0x08006f84   0x00000026   Code   RO         8901    i.RegisterSetODentryCallBack  objacces.o
    0x08006faa   0x08006faa   0x00000002   PAD
    0x08006fac   0x08006fac   0x000000c8   Code   RO         1157    i.RightGripperTask  freertos.o
    0x08007074   0x08007074   0x0000003e   Code   RO         8401    i.RingAdd           modbus.o
    0x080070b2   0x080070b2   0x0000000e   Code   RO         8402    i.RingClear         modbus.o
    0x080070c0   0x080070c0   0x00000008   Code   RO         8404    i.RingGetAllBytes   modbus.o
    0x080070c8   0x080070c8   0x00000056   Code   RO         8405    i.RingGetNBytes     modbus.o
    0x0800711e   0x0800711e   0x00000002   PAD
    0x08007120   0x08007120   0x00000080   Code   RO         9039    i.SDOTimeoutAlarm   sdo.o
    0x080071a0   0x080071a0   0x0000008a   Code   RO         2042    i.SDO_ReadRequest   servo.o
    0x0800722a   0x0800722a   0x0000005e   Code   RO         2043    i.SDO_WriteRequest  servo.o
    0x08007288   0x08007288   0x00000034   Code   RO         9040    i.SDOlineToObjdict  sdo.o
    0x080072bc   0x080072bc   0x0000003a   Code   RO         9041    i.SDOtoLine         sdo.o
    0x080072f6   0x080072f6   0x00000002   PAD
    0x080072f8   0x080072f8   0x00000058   Code   RO         3913    i.SPI_EndRxTxTransaction  stm32f4xx_hal_spi.o
    0x08007350   0x08007350   0x000000b8   Code   RO         3918    i.SPI_WaitFlagStateUntilTimeout  stm32f4xx_hal_spi.o
    0x08007408   0x08007408   0x00000164   Code   RO         8406    i.SendQuery         modbus.o
    0x0800756c   0x0800756c   0x00000090   Code   RO         9352    i.SetAlarm          timer.o
    0x080075fc   0x080075fc   0x00000134   Code   RO         1159    i.StartKincoCtrlTask  freertos.o
    0x08007730   0x08007730   0x000002b8   Code   RO         1163    i.StartMqttTask     freertos.o
    0x080079e8   0x080079e8   0x00000164   Code   RO         8407    i.StartTaskModbusMaster  modbus.o
    0x08007b4c   0x08007b4c   0x00000198   Code   RO         8408    i.StartTaskModbusSlave  modbus.o
    0x08007ce4   0x08007ce4   0x00000148   Code   RO         1166    i.StartZeroErrCtrlTask  freertos.o
    0x08007e2c   0x08007e2c   0x00000004   Code   RO         9295    i.SyncAlarm         sync.o
    0x08007e30   0x08007e30   0x0000001a   Code   RO         6655    i.SysTick_Handler   cmsis_os2.o
    0x08007e4a   0x08007e4a   0x00000002   PAD
    0x08007e4c   0x08007e4c   0x00000098   Code   RO          854    i.SystemClock_Config  main.o
    0x08007ee4   0x08007ee4   0x00000010   Code   RO         5517    i.SystemInit        system_stm32f4xx.o
    0x08007ef4   0x08007ef4   0x0000000c   Code   RO         1836    i.TIM5_IRQHandler   stm32f4xx_it.o
    0x08007f00   0x08007f00   0x00000040   Code   RO         9619    i.TIM5_Init         timer5.o
    0x08007f40   0x08007f40   0x0000000c   Code   RO         1837    i.TIM6_DAC_IRQHandler  stm32f4xx_it.o
    0x08007f4c   0x08007f4c   0x000000c8   Code   RO         4281    i.TIM_Base_SetConfig  stm32f4xx_hal_tim.o
    0x08008014   0x08008014   0x00000014   Code   RO         4292    i.TIM_ETR_SetConfig  stm32f4xx_hal_tim.o
    0x08008028   0x08008028   0x00000010   Code   RO         4293    i.TIM_ITRx_SetConfig  stm32f4xx_hal_tim.o
    0x08008038   0x08008038   0x00000022   Code   RO         4299    i.TIM_TI1_ConfigInputStage  stm32f4xx_hal_tim.o
    0x0800805a   0x0800805a   0x00000024   Code   RO         4301    i.TIM_TI2_ConfigInputStage  stm32f4xx_hal_tim.o
    0x0800807e   0x0800807e   0x00000066   Code   RO         8944    i.TPDO_Communication_Parameter_Callback  pdo.o
    0x080080e4   0x080080e4   0x00000098   Code   RO         9353    i.TimeDispatch      timer.o
    0x0800817c   0x0800817c   0x0000000c   Code   RO         1167    i.Timer200msLeft_Callback  freertos.o
    0x08008188   0x08008188   0x0000000c   Code   RO         1168    i.Timer200msRight_Callback  freertos.o
    0x08008194   0x08008194   0x0000000c   Code   RO         1169    i.Timer50msLeft_Callback  freertos.o
    0x080081a0   0x080081a0   0x0000000c   Code   RO         1170    i.Timer50msRight_Callback  freertos.o
    0x080081ac   0x080081ac   0x00000018   Code   RO         6656    i.TimerCallback     cmsis_os2.o
    0x080081c4   0x080081c4   0x00000016   Code   RO         8358    i.TimerCountdown    mqtt_timer.o
    0x080081da   0x080081da   0x00000010   Code   RO         8359    i.TimerCountdownMS  mqtt_timer.o
    0x080081ea   0x080081ea   0x00000010   Code   RO         8360    i.TimerInit         mqtt_timer.o
    0x080081fa   0x080081fa   0x0000001a   Code   RO         8361    i.TimerIsExpired    mqtt_timer.o
    0x08008214   0x08008214   0x0000001a   Code   RO         8362    i.TimerLeftMS       mqtt_timer.o
    0x0800822e   0x0800822e   0x00000002   PAD
    0x08008230   0x08008230   0x0000000c   Code   RO         1838    i.UART4_IRQHandler  stm32f4xx_it.o
    0x0800823c   0x0800823c   0x0000000c   Code   RO         1839    i.UART5_IRQHandler  stm32f4xx_it.o
    0x08008248   0x08008248   0x00000010   Code   RO         5201    i.UART_DMAAbortOnError  stm32f4xx_hal_uart.o
    0x08008258   0x08008258   0x0000004a   Code   RO         5202    i.UART_DMAError     stm32f4xx_hal_uart.o
    0x080082a2   0x080082a2   0x00000082   Code   RO         5203    i.UART_DMAReceiveCplt  stm32f4xx_hal_uart.o
    0x08008324   0x08008324   0x0000001a   Code   RO         5205    i.UART_DMARxHalfCplt  stm32f4xx_hal_uart.o
    0x0800833e   0x0800833e   0x00000016   Code   RO         5206    i.UART_DMARxOnlyAbortCallback  stm32f4xx_hal_uart.o
    0x08008354   0x08008354   0x00000042   Code   RO         5207    i.UART_DMATransmitCplt  stm32f4xx_hal_uart.o
    0x08008396   0x08008396   0x0000000a   Code   RO         5209    i.UART_DMATxHalfCplt  stm32f4xx_hal_uart.o
    0x080083a0   0x080083a0   0x0000004e   Code   RO         5211    i.UART_EndRxTransfer  stm32f4xx_hal_uart.o
    0x080083ee   0x080083ee   0x0000001c   Code   RO         5212    i.UART_EndTxTransfer  stm32f4xx_hal_uart.o
    0x0800840a   0x0800840a   0x000000c0   Code   RO         5213    i.UART_Receive_IT   stm32f4xx_hal_uart.o
    0x080084ca   0x080084ca   0x00000002   PAD
    0x080084cc   0x080084cc   0x0000010c   Code   RO         5214    i.UART_SetConfig    stm32f4xx_hal_uart.o
    0x080085d8   0x080085d8   0x00000090   Code   RO         5215    i.UART_Start_Receive_DMA  stm32f4xx_hal_uart.o
    0x08008668   0x08008668   0x00000036   Code   RO         5216    i.UART_Start_Receive_IT  stm32f4xx_hal_uart.o
    0x0800869e   0x0800869e   0x00000078   Code   RO         5217    i.UART_WaitOnFlagUntilTimeout  stm32f4xx_hal_uart.o
    0x08008716   0x08008716   0x00000002   PAD
    0x08008718   0x08008718   0x0000000c   Code   RO         1840    i.USART1_IRQHandler  stm32f4xx_it.o
    0x08008724   0x08008724   0x0000000c   Code   RO         1841    i.USART2_IRQHandler  stm32f4xx_it.o
    0x08008730   0x08008730   0x0000000c   Code   RO         1842    i.USART3_IRQHandler  stm32f4xx_it.o
    0x0800873c   0x0800873c   0x00000002   Code   RO         1843    i.UsageFault_Handler  stm32f4xx_it.o
    0x0800873e   0x0800873e   0x00000002   PAD
    0x08008740   0x08008740   0x00000194   Code   RO         7692    i.W5500_DriverInit  w5500_port.o
    0x080088d4   0x080088d4   0x00000034   Code   RO         7693    i.W5500_Get_PHYCFGR  w5500_port.o
    0x08008908   0x08008908   0x00000020   Code   RO         7694    i.W5500_NetInfo_SetStatic  w5500_port.o
    0x08008928   0x08008928   0x0000010c   Code   RO         7695    i.W5500_PrintNetInfo  w5500_port.o
    0x08008a34   0x08008a34   0x00000028   Code   RO         7696    i.W5500_RaiseSpiSpeed  w5500_port.o
    0x08008a5c   0x08008a5c   0x00000044   Code   RO         7697    i.W5500_ReadByte    w5500_port.o
    0x08008aa0   0x08008aa0   0x00000038   Code   RO         7700    i.W5500_WriteByte   w5500_port.o
    0x08008ad8   0x08008ad8   0x00000006   Code   RO         8306    i.W5500_close       mqtt_network.o
    0x08008ade   0x08008ade   0x00000028   Code   RO         8307    i.W5500_recv        mqtt_network.o
    0x08008b06   0x08008b06   0x0000002a   Code   RO         8308    i.W5500_send        mqtt_network.o
    0x08008b30   0x08008b30   0x00000058   Code   RO         7410    i.WIZCHIP_READ      w5500.o
    0x08008b88   0x08008b88   0x00000074   Code   RO         7411    i.WIZCHIP_READ_BUF  w5500.o
    0x08008bfc   0x08008bfc   0x00000060   Code   RO         7412    i.WIZCHIP_WRITE     w5500.o
    0x08008c5c   0x08008c5c   0x00000070   Code   RO         7413    i.WIZCHIP_WRITE_BUF  w5500.o
    0x08008ccc   0x08008ccc   0x00000010   Code   RO         1017    i.Warning_Light_Off  gpio.o
    0x08008cdc   0x08008cdc   0x00000010   Code   RO         1018    i.Warning_Light_On  gpio.o
    0x08008cec   0x08008cec   0x000000ec   Code   RO         9504    i.ZeroErr_Ctrl_scanIndexOD  zeroerr_ctrl.o
    0x08008dd8   0x08008dd8   0x00000014   Code   RO         9505    i.ZeroErr_Ctrl_valueRangeTest  zeroerr_ctrl.o
    0x08008dec   0x08008dec   0x00000174   Code   RO         2046    i.ZeroErr_Disable_PDO  servo.o
    0x08008f60   0x08008f60   0x00000320   Code   RO         2048    i.ZeroErr_Enable_PDO  servo.o
    0x08009280   0x08009280   0x0000005c   Code   RO         2049    i.ZeroErr_MasterNode_Init  servo.o
    0x080092dc   0x080092dc   0x00000114   Code   RO         2050    i.ZeroErr_MovPos_PDO  servo.o
    0x080093f0   0x080093f0   0x00000124   Code   RO         2052    i.ZeroErr_QuickStop_SDO  servo.o
    0x08009514   0x08009514   0x00000054   Code   RO         2053    i.ZeroErr_SetVel_PDO  servo.o
    0x08009568   0x08009568   0x000007e8   Code   RO         2056    i.ZeroErr_Setup     servo.o
    0x08009d50   0x08009d50   0x00000002   Code   RO         8945    i._RxPDO_EventTimers_Handler  pdo.o
    0x08009d52   0x08009d52   0x00000002   PAD
    0x08009d54   0x08009d54   0x00000020   Code   RO         9973    i.__0printf         mc_w.l(printfa.o)
    0x08009d74   0x08009d74   0x00000034   Code   RO         9974    i.__0snprintf       mc_w.l(printfa.o)
    0x08009da8   0x08009da8   0x00000020   Code   RO         3255    i.__NVIC_SetPriority  stm32f4xx_hal_cortex.o
    0x08009dc8   0x08009dc8   0x0000005c   Code   RO        10005    i.__free$realloc    mc_w.l(mallocr.o)
    0x08009e24   0x08009e24   0x00000004   PAD
    0x08009e28   0x08009e28   0x00000028   Code   RO         9709    i.__hardfp_strtod   m_wm.l(strtod.o)
    0x08009e50   0x08009e50   0x00000050   Code   RO        10006    i.__malloc$realloc  mc_w.l(mallocr.o)
    0x08009ea0   0x08009ea0   0x0000000e   Code   RO        10114    i.__scatterload_copy  mc_w.l(handlers.o)
    0x08009eae   0x08009eae   0x00000002   Code   RO        10115    i.__scatterload_null  mc_w.l(handlers.o)
    0x08009eb0   0x08009eb0   0x0000000e   Code   RO        10116    i.__scatterload_zeroinit  mc_w.l(handlers.o)
    0x08009ebe   0x08009ebe   0x00000002   PAD
    0x08009ec0   0x08009ec0   0x00000184   Code   RO         9980    i._fp_digits        mc_w.l(printfa.o)
    0x0800a044   0x0800a044   0x000000b0   Code   RO         8902    i._getODentry       objacces.o
    0x0800a0f4   0x0800a0f4   0x00000002   Code   RO         8747    i._heartbeatError   lifegrd.o
    0x0800a0f6   0x0800a0f6   0x00000002   Code   RO         9227    i._initialisation   states.o
    0x0800a0f8   0x0800a0f8   0x0000000e   Code   RO        10035    i._is_digit         mc_w.l(scanf_fp.o)
    0x0800a106   0x0800a106   0x00000002   Code   RO         8748    i._nodeguardError   lifegrd.o
    0x0800a108   0x0800a108   0x00000002   Code   RO         9228    i._operational      states.o
    0x0800a10a   0x0800a10a   0x00000002   Code   RO         8749    i._post_SlaveBootup  lifegrd.o
    0x0800a10c   0x0800a10c   0x00000002   Code   RO         8750    i._post_SlaveStateChange  lifegrd.o
    0x0800a10e   0x0800a10e   0x00000002   Code   RO         9296    i._post_TPDO        sync.o
    0x0800a110   0x0800a110   0x00000002   Code   RO         8691    i._post_emcy        emcy.o
    0x0800a112   0x0800a112   0x00000002   Code   RO         9297    i._post_sync        sync.o
    0x0800a114   0x0800a114   0x00000010   Code   RO         9229    i._preOperational   states.o
    0x0800a124   0x0800a124   0x000006b4   Code   RO         9981    i._printf_core      mc_w.l(printfa.o)
    0x0800a7d8   0x0800a7d8   0x00000024   Code   RO         9982    i._printf_post_padding  mc_w.l(printfa.o)
    0x0800a7fc   0x0800a7fc   0x0000002e   Code   RO         9983    i._printf_pre_padding  mc_w.l(printfa.o)
    0x0800a82a   0x0800a82a   0x0000011a   Code   RO         9042    i._readNetworkDict  sdo.o
    0x0800a944   0x0800a944   0x0000011c   Code   RO         8946    i._sendPDOevent     pdo.o
    0x0800aa60   0x0800aa60   0x000000ec   Code   RO         8903    i._setODentry       objacces.o
    0x0800ab4c   0x0800ab4c   0x00000016   Code   RO         9984    i._snputc           mc_w.l(printfa.o)
    0x0800ab62   0x0800ab62   0x00000002   Code   RO         9230    i._stopped          states.o
    0x0800ab64   0x0800ab64   0x00000004   Code   RO         8904    i._storeODSubIndex  objacces.o
    0x0800ab68   0x0800ab68   0x0000018c   Code   RO         9043    i._writeNetworkDict  sdo.o
    0x0800acf4   0x0800acf4   0x00000024   Code   RO         8074    i.bufchar           mqttpacket.o
    0x0800ad18   0x0800ad18   0x00000030   Code   RO          170    i.buffer_skip_whitespace  cjson.o
    0x0800ad48   0x0800ad48   0x000000d4   Code   RO         8947    i.buildPDO          pdo.o
    0x0800ae1c   0x0800ae1c   0x00000050   Code   RO          202    i.cJSON_Delete      cjson.o
    0x0800ae6c   0x0800ae6c   0x00000006   Code   RO          216    i.cJSON_GetObjectItem  cjson.o
    0x0800ae72   0x0800ae72   0x00000002   PAD
    0x0800ae74   0x0800ae74   0x00000048   Code   RO          220    i.cJSON_InitHooks   cjson.o
    0x0800aebc   0x0800aebc   0x00000016   Code   RO          233    i.cJSON_New_Item    cjson.o
    0x0800aed2   0x0800aed2   0x00000008   Code   RO          234    i.cJSON_Parse       cjson.o
    0x0800aeda   0x0800aeda   0x00000002   PAD
    0x0800aedc   0x0800aedc   0x000000dc   Code   RO          236    i.cJSON_ParseWithLengthOpts  cjson.o
    0x0800afb8   0x0800afb8   0x00000022   Code   RO          237    i.cJSON_ParseWithOpts  cjson.o
    0x0800afda   0x0800afda   0x0000003a   Code   RO         8409    i.calcCRC           modbus.o
    0x0800b014   0x0800b014   0x0000007c   Code   RO         9663    i.can1Init          can_canopen.o
    0x0800b090   0x0800b090   0x0000007c   Code   RO         9664    i.can2Init          can_canopen.o
    0x0800b10c   0x0800b10c   0x0000007a   Code   RO         9231    i.canDispatch       states.o
    0x0800b186   0x0800b186   0x00000002   PAD
    0x0800b188   0x0800b188   0x000000d0   Code   RO         9666    i.canSend           can_canopen.o
    0x0800b258   0x0800b258   0x0000001c   Code   RO         1171    i.cjson_memory_hook  freertos.o
    0x0800b274   0x0800b274   0x00000074   Code   RO         7328    i.close             socket.o
    0x0800b2e8   0x0800b2e8   0x00000108   Code   RO         7329    i.connect           socket.o
    0x0800b3f0   0x0800b3f0   0x0000004c   Code   RO         7470    i.ctlnetwork        wizchip_conf.o
    0x0800b43c   0x0800b43c   0x000000ec   Code   RO         7471    i.ctlwizchip        wizchip_conf.o
    0x0800b528   0x0800b528   0x00000130   Code   RO         7807    i.cycle             mqttclient.o
    0x0800b658   0x0800b658   0x000000ae   Code   RO         7808    i.deliverMessage    mqttclient.o
    0x0800b706   0x0800b706   0x00000002   PAD
    0x0800b708   0x0800b708   0x0000008c   Code   RO         7331    i.disconnect        socket.o
    0x0800b794   0x0800b794   0x00000020   Code   RO         8692    i.emergencyInit     emcy.o
    0x0800b7b4   0x0800b7b4   0x00000002   Code   RO         8693    i.emergencyStop     emcy.o
    0x0800b7b6   0x0800b7b6   0x00000098   Code   RO         9045    i.failedSDO         sdo.o
    0x0800b84e   0x0800b84e   0x00000002   PAD
    0x0800b850   0x0800b850   0x00000018   Code   RO         1738    i.fputc             usart.o
    0x0800b868   0x0800b868   0x00000024   Code   RO         9620    i.getElapsedTime    timer5.o
    0x0800b88c   0x0800b88c   0x00000016   Code   RO         7809    i.getNextPacketId   mqttclient.o
    0x0800b8a2   0x0800b8a2   0x00000006   Code   RO         9232    i.getNodeId         states.o
    0x0800b8a8   0x0800b8a8   0x000000b4   Code   RO         9046    i.getReadResultNetworkDict  sdo.o
    0x0800b95c   0x0800b95c   0x00000056   Code   RO         8410    i.getRxBuffer       modbus.o
    0x0800b9b2   0x0800b9b2   0x00000038   Code   RO         9047    i.getSDOfreeLine    sdo.o
    0x0800b9ea   0x0800b9ea   0x0000003e   Code   RO         9048    i.getSDOlineOnUse   sdo.o
    0x0800ba28   0x0800ba28   0x0000001a   Code   RO         9049    i.getSDOlineRestBytes  sdo.o
    0x0800ba42   0x0800ba42   0x0000004c   Code   RO         7414    i.getSn_RX_RSR      w5500.o
    0x0800ba8e   0x0800ba8e   0x0000004c   Code   RO         7415    i.getSn_TX_FSR      w5500.o
    0x0800bada   0x0800bada   0x00000050   Code   RO         9051    i.getWriteResultNetworkDict  sdo.o
    0x0800bb2a   0x0800bb2a   0x00000006   Code   RO         8411    i.get_is_fc3_processed  modbus.o
    0x0800bb30   0x0800bb30   0x0000007a   Code   RO          256    i.get_object_item   cjson.o
    0x0800bbaa   0x0800bbaa   0x00000002   PAD
    0x0800bbac   0x0800bbac   0x000000fc   Code   RO         1172    i.get_reached       freertos.o
    0x0800bca8   0x0800bca8   0x00000104   Code   RO         1173    i.get_real_pos      freertos.o
    0x0800bdac   0x0800bdac   0x00000006   Code   RO         8412    i.get_recv_raw_data_addr  modbus.o
    0x0800bdb2   0x0800bdb2   0x00000002   PAD
    0x0800bdb4   0x0800bdb4   0x0000000c   Code   RO          855    i.get_w5500_init_status  main.o
    0x0800bdc0   0x0800bdc0   0x000000fc   Code   RO         1174    i.get_warning_info  freertos.o
    0x0800bebc   0x0800bebc   0x0000020c   Code   RO         1175    i.gripper_execute   freertos.o
    0x0800c0c8   0x0800c0c8   0x000001ac   Code   RO         1176    i.gripper_get_status  freertos.o
    0x0800c274   0x0800c274   0x0000007c   Code   RO         8752    i.heartbeatInit     lifegrd.o
    0x0800c2f0   0x0800c2f0   0x00000036   Code   RO         8753    i.heartbeatStop     lifegrd.o
    0x0800c326   0x0800c326   0x00000002   PAD
    0x0800c328   0x0800c328   0x0000008c   Code   RO         9052    i.initSDOline       sdo.o
    0x0800c3b4   0x0800c3b4   0x00000050   Code   RO        10007    i.internal_alloc    mc_w.l(mallocr.o)
    0x0800c404   0x0800c404   0x00000064   Code   RO         7810    i.keepalive         mqttclient.o
    0x0800c468   0x0800c468   0x00000012   Code   RO         8754    i.lifeGuardInit     lifegrd.o
    0x0800c47a   0x0800c47a   0x00000012   Code   RO         8755    i.lifeGuardStop     lifegrd.o
    0x0800c48c   0x0800c48c   0x00000040   Code   RO         9053    i.lineToSDO         sdo.o
    0x0800c4cc   0x0800c4cc   0x000000cc   Code   RO          856    i.main              main.o
    0x0800c598   0x0800c598   0x00000022   Code   RO         8860    i.masterSendNMTnodeguard  nmtmaster.o
    0x0800c5ba   0x0800c5ba   0x00000026   Code   RO         8861    i.masterSendNMTstateChange  nmtmaster.o
    0x0800c5e0   0x0800c5e0   0x0000032c   Code   RO         1177    i.messageArrived    freertos.o
    0x0800c90c   0x0800c90c   0x000000dc   Code   RO         1178    i.mqtt_publish_gpio_status  freertos.o
    0x0800c9e8   0x0800c9e8   0x000000d0   Code   RO         1179    i.mqtt_publish_gripper_status  freertos.o
    0x0800cab8   0x0800cab8   0x000000d0   Code   RO         1180    i.mqtt_publish_servos_status  freertos.o
    0x0800cb88   0x0800cb88   0x00000078   Code   RO         8756    i.nodeguardInit     lifegrd.o
    0x0800cc00   0x0800cc00   0x00000012   Code   RO         8757    i.nodeguardStop     lifegrd.o
    0x0800cc12   0x0800cc12   0x00000040   Code   RO         9054    i.objdictToSDOline  sdo.o
    0x0800cc52   0x0800cc52   0x0000001a   Code   RO         6657    i.osDelay           cmsis_os2.o
    0x0800cc6c   0x0800cc6c   0x0000000e   Code   RO         6669    i.osKernelGetTickCount  cmsis_os2.o
    0x0800cc7a   0x0800cc7a   0x00000002   PAD
    0x0800cc7c   0x0800cc7c   0x00000024   Code   RO         6671    i.osKernelInitialize  cmsis_os2.o
    0x0800cca0   0x0800cca0   0x00000038   Code   RO         6674    i.osKernelStart     cmsis_os2.o
    0x0800ccd8   0x0800ccd8   0x00000064   Code   RO         6686    i.osMessageQueueGet  cmsis_os2.o
    0x0800cd3c   0x0800cd3c   0x00000058   Code   RO         6691    i.osMessageQueueNew  cmsis_os2.o
    0x0800cd94   0x0800cd94   0x00000068   Code   RO         6692    i.osMessageQueuePut  cmsis_os2.o
    0x0800cdfc   0x0800cdfc   0x0000005c   Code   RO         6699    i.osSemaphoreAcquire  cmsis_os2.o
    0x0800ce58   0x0800ce58   0x00000098   Code   RO         6702    i.osSemaphoreNew    cmsis_os2.o
    0x0800cef0   0x0800cef0   0x00000058   Code   RO         6703    i.osSemaphoreRelease  cmsis_os2.o
    0x0800cf48   0x0800cf48   0x00000004   Code   RO         6711    i.osThreadGetId     cmsis_os2.o
    0x0800cf4c   0x0800cf4c   0x0000008a   Code   RO         6716    i.osThreadNew       cmsis_os2.o
    0x0800cfd6   0x0800cfd6   0x00000002   PAD
    0x0800cfd8   0x0800cfd8   0x00000078   Code   RO         6725    i.osTimerNew        cmsis_os2.o
    0x0800d050   0x0800d050   0x00000032   Code   RO         6726    i.osTimerStart      cmsis_os2.o
    0x0800d082   0x0800d082   0x000000d0   Code   RO          258    i.parse_array       cjson.o
    0x0800d152   0x0800d152   0x00000040   Code   RO          259    i.parse_hex4        cjson.o
    0x0800d192   0x0800d192   0x00000002   PAD
    0x0800d194   0x0800d194   0x00000148   Code   RO          260    i.parse_number      cjson.o
    0x0800d2dc   0x0800d2dc   0x00000110   Code   RO          261    i.parse_object      cjson.o
    0x0800d3ec   0x0800d3ec   0x0000010c   Code   RO          262    i.parse_string      cjson.o
    0x0800d4f8   0x0800d4f8   0x000000fc   Code   RO          263    i.parse_value       cjson.o
    0x0800d5f4   0x0800d5f4   0x00000024   Code   RO         8694    i.proceedEMCY       emcy.o
    0x0800d618   0x0800d618   0x00000096   Code   RO         8883    i.proceedNMTstateChange  nmtslave.o
    0x0800d6ae   0x0800d6ae   0x00000002   PAD
    0x0800d6b0   0x0800d6b0   0x000000fc   Code   RO         8758    i.proceedNODE_GUARD  lifegrd.o
    0x0800d7ac   0x0800d7ac   0x00000224   Code   RO         8948    i.proceedPDO        pdo.o
    0x0800d9d0   0x0800d9d0   0x00001444   Code   RO         9055    i.proceedSDO        sdo.o
    0x0800ee14   0x0800ee14   0x00000028   Code   RO         9298    i.proceedSYNC       sync.o
    0x0800ee3c   0x0800ee3c   0x000000b2   Code   RO         8413    i.process_FC1       modbus.o
    0x0800eeee   0x0800eeee   0x00000086   Code   RO         8414    i.process_FC15      modbus.o
    0x0800ef74   0x0800ef74   0x00000072   Code   RO         8415    i.process_FC3       modbus.o
    0x0800efe6   0x0800efe6   0x00000002   PAD
    0x0800efe8   0x0800efe8   0x0000005c   Code   RO         6119    i.prvAddCurrentTaskToDelayedList  tasks.o
    0x0800f044   0x0800f044   0x000000d0   Code   RO         6120    i.prvAddNewTaskToReadyList  tasks.o
    0x0800f114   0x0800f114   0x00000058   Code   RO         6484    i.prvCheckForValidListAndQueue  timers.o
    0x0800f16c   0x0800f16c   0x00000026   Code   RO         5719    i.prvCopyDataFromQueue  queue.o
    0x0800f192   0x0800f192   0x0000006c   Code   RO         5720    i.prvCopyDataToQueue  queue.o
    0x0800f1fe   0x0800f1fe   0x00000034   Code   RO         6121    i.prvDeleteTCB      tasks.o
    0x0800f232   0x0800f232   0x00000002   PAD
    0x0800f234   0x0800f234   0x0000004c   Code   RO         7168    i.prvHeapInit       heap_4.o
    0x0800f280   0x0800f280   0x00000060   Code   RO         6122    i.prvIdleTask       tasks.o
    0x0800f2e0   0x0800f2e0   0x00000016   Code   RO         5721    i.prvInitialiseMutex  queue.o
    0x0800f2f6   0x0800f2f6   0x00000002   PAD
    0x0800f2f8   0x0800f2f8   0x00000022   Code   RO         5722    i.prvInitialiseNewQueue  queue.o
    0x0800f31a   0x0800f31a   0x00000002   PAD
    0x0800f31c   0x0800f31c   0x000000b0   Code   RO         6123    i.prvInitialiseNewTask  tasks.o
    0x0800f3cc   0x0800f3cc   0x0000004e   Code   RO         6485    i.prvInitialiseNewTimer  timers.o
    0x0800f41a   0x0800f41a   0x00000002   PAD
    0x0800f41c   0x0800f41c   0x0000004c   Code   RO         7169    i.prvInsertBlockIntoFreeList  heap_4.o
    0x0800f468   0x0800f468   0x00000038   Code   RO         6486    i.prvInsertTimerInActiveList  timers.o
    0x0800f4a0   0x0800f4a0   0x0000001c   Code   RO         5723    i.prvIsQueueEmpty   queue.o
    0x0800f4bc   0x0800f4bc   0x000000fc   Code   RO         6487    i.prvProcessReceivedCommands  timers.o
    0x0800f5b8   0x0800f5b8   0x000000c0   Code   RO         6488    i.prvProcessTimerOrBlockTask  timers.o
    0x0800f678   0x0800f678   0x00000020   Code   RO         6125    i.prvResetNextTaskUnblockTime  tasks.o
    0x0800f698   0x0800f698   0x00000028   Code   RO         6489    i.prvSampleTimeNow  timers.o
    0x0800f6c0   0x0800f6c0   0x0000006c   Code   RO         6490    i.prvSwitchTimerLists  timers.o
    0x0800f72c   0x0800f72c   0x00000028   Code   RO         7224    i.prvTaskExitError  port.o
    0x0800f754   0x0800f754   0x00000024   Code   RO         6491    i.prvTimerTask      timers.o
    0x0800f778   0x0800f778   0x0000006a   Code   RO         5724    i.prvUnlockQueue    queue.o
    0x0800f7e2   0x0800f7e2   0x00000002   PAD
    0x0800f7e4   0x0800f7e4   0x000000dc   Code   RO         7170    i.pvPortMalloc      heap_4.o
    0x0800f8c0   0x0800f8c0   0x00000018   Code   RO         6128    i.pvTaskIncrementMutexHeldCount  tasks.o
    0x0800f8d8   0x0800f8d8   0x00000024   Code   RO         6492    i.pvTimerGetTimerID  timers.o
    0x0800f8fc   0x0800f8fc   0x0000002c   Code   RO         7225    i.pxPortInitialiseStack  port.o
    0x0800f928   0x0800f928   0x0000000c   Code   RO         8076    i.readChar          mqttpacket.o
    0x0800f934   0x0800f934   0x00000012   Code   RO         8077    i.readInt           mqttpacket.o
    0x0800f946   0x0800f946   0x00000034   Code   RO         8078    i.readMQTTLenString  mqttpacket.o
    0x0800f97a   0x0800f97a   0x00000012   Code   RO         9056    i.readNetworkDict   sdo.o
    0x0800f98c   0x0800f98c   0x000000ba   Code   RO         7811    i.readPacket        mqttclient.o
    0x0800fa46   0x0800fa46   0x00000002   PAD
    0x0800fa48   0x0800fa48   0x0000006c   Code   RO        10008    i.realloc           mc_w.l(mallocr.o)
    0x0800fab4   0x0800fab4   0x000000e4   Code   RO         7334    i.recv              socket.o
    0x0800fb98   0x0800fb98   0x00000024   Code   RO         7473    i.reg_wizchip_cris_cbfunc  wizchip_conf.o
    0x0800fbbc   0x0800fbbc   0x00000024   Code   RO         7474    i.reg_wizchip_cs_cbfunc  wizchip_conf.o
    0x0800fbe0   0x0800fbe0   0x0000002c   Code   RO         7475    i.reg_wizchip_spi_cbfunc  wizchip_conf.o
    0x0800fc0c   0x0800fc0c   0x00000018   Code   RO         9060    i.resetSDO          sdo.o
    0x0800fc24   0x0800fc24   0x00000036   Code   RO         9061    i.resetSDOline      sdo.o
    0x0800fc5a   0x0800fc5a   0x00000008   Code   RO         8416    i.reset_is_fc3_processed  modbus.o
    0x0800fc62   0x0800fc62   0x00000002   PAD
    0x0800fc64   0x0800fc64   0x0000011c   Code   RO         7336    i.send              socket.o
    0x0800fd80   0x0800fd80   0x00000118   Code   RO         8949    i.sendOnePDOevent   pdo.o
    0x0800fe98   0x0800fe98   0x00000006   Code   RO         8950    i.sendPDOevent      pdo.o
    0x0800fe9e   0x0800fe9e   0x00000054   Code   RO         7812    i.sendPacket        mqttclient.o
    0x0800fef2   0x0800fef2   0x00000028   Code   RO         8952    i.sendPdo           pdo.o
    0x0800ff1a   0x0800ff1a   0x00000078   Code   RO         9062    i.sendSDO           sdo.o
    0x0800ff92   0x0800ff92   0x00000038   Code   RO         9063    i.sendSDOabort      sdo.o
    0x0800ffca   0x0800ffca   0x00000014   Code   RO         9299    i.sendSYNC          sync.o
    0x0800ffde   0x0800ffde   0x00000022   Code   RO         9300    i.sendSYNCMessage   sync.o
    0x08010000   0x08010000   0x000000b0   Code   RO         8417    i.sendTxBuffer      modbus.o
    0x080100b0   0x080100b0   0x0000014c   Code   RO         9234    i.setNodeId         states.o
    0x080101fc   0x080101fc   0x0000001a   Code   RO         9064    i.setSDOlineRestBytes  sdo.o
    0x08010216   0x08010216   0x00000002   PAD
    0x08010218   0x08010218   0x000000a4   Code   RO         9235    i.setState          states.o
    0x080102bc   0x080102bc   0x00000034   Code   RO         9621    i.setTimer          timer5.o
    0x080102f0   0x080102f0   0x0000002a   Code   RO         8884    i.slaveSendBootUp   nmtslave.o
    0x0801031a   0x0801031a   0x00000002   PAD
    0x0801031c   0x0801031c   0x0000011c   Code   RO         7339    i.socket            socket.o
    0x08010438   0x08010438   0x00000068   Code   RO         9301    i.startSYNC         sync.o
    0x080104a0   0x080104a0   0x0000002c   Code   RO         9302    i.stopSYNC          sync.o
    0x080104cc   0x080104cc   0x000000ea   Code   RO         9236    i.switchCommunicationState  states.o
    0x080105b6   0x080105b6   0x00000002   PAD
    0x080105b8   0x080105b8   0x00000068   Code   RO         6129    i.ulTaskNotifyTake  tasks.o
    0x08010620   0x08010620   0x000000d2   Code   RO          272    i.utf16_literal_to_utf8  cjson.o
    0x080106f2   0x080106f2   0x00000026   Code   RO         5679    i.uxListRemove      list.o
    0x08010718   0x08010718   0x00000014   Code   RO         6728    i.vApplicationGetIdleTaskMemory  cmsis_os2.o
    0x0801072c   0x0801072c   0x00000018   Code   RO         6729    i.vApplicationGetTimerTaskMemory  cmsis_os2.o
    0x08010744   0x08010744   0x00000016   Code   RO         5680    i.vListInitialise   list.o
    0x0801075a   0x0801075a   0x00000006   Code   RO         5681    i.vListInitialiseItem  list.o
    0x08010760   0x08010760   0x00000030   Code   RO         5682    i.vListInsert       list.o
    0x08010790   0x08010790   0x00000018   Code   RO         5683    i.vListInsertEnd    list.o
    0x080107a8   0x080107a8   0x00000040   Code   RO         7227    i.vPortEnterCritical  port.o
    0x080107e8   0x080107e8   0x00000028   Code   RO         7228    i.vPortExitCritical  port.o
    0x08010810   0x08010810   0x00000064   Code   RO         7171    i.vPortFree         heap_4.o
    0x08010874   0x08010874   0x00000024   Code   RO         7229    i.vPortSetupTimerInterrupt  port.o
    0x08010898   0x08010898   0x00000054   Code   RO         7230    i.vPortValidateInterruptPriority  port.o
    0x080108ec   0x080108ec   0x00000028   Code   RO         5730    i.vQueueAddToRegistry  queue.o
    0x08010914   0x08010914   0x0000002e   Code   RO         5731    i.vQueueDelete      queue.o
    0x08010942   0x08010942   0x00000002   PAD
    0x08010944   0x08010944   0x00000028   Code   RO         5733    i.vQueueUnregisterQueue  queue.o
    0x0801096c   0x0801096c   0x00000044   Code   RO         5734    i.vQueueWaitForMessageRestricted  queue.o
    0x080109b0   0x080109b0   0x0000004c   Code   RO         6138    i.vTaskDelay        tasks.o
    0x080109fc   0x080109fc   0x0000008c   Code   RO         6139    i.vTaskDelayUntil   tasks.o
    0x08010a88   0x08010a88   0x00000090   Code   RO         6140    i.vTaskDelete       tasks.o
    0x08010b18   0x08010b18   0x00000010   Code   RO         6143    i.vTaskInternalSetTimeOutState  tasks.o
    0x08010b28   0x08010b28   0x0000000c   Code   RO         6144    i.vTaskMissedYield  tasks.o
    0x08010b34   0x08010b34   0x00000030   Code   RO         6146    i.vTaskPlaceOnEventList  tasks.o
    0x08010b64   0x08010b64   0x00000038   Code   RO         6147    i.vTaskPlaceOnEventListRestricted  tasks.o
    0x08010b9c   0x08010b9c   0x00000090   Code   RO         6149    i.vTaskPriorityDisinheritAfterTimeout  tasks.o
    0x08010c2c   0x08010c2c   0x00000088   Code   RO         6155    i.vTaskStartScheduler  tasks.o
    0x08010cb4   0x08010cb4   0x00000010   Code   RO         6157    i.vTaskSuspendAll   tasks.o
    0x08010cc4   0x08010cc4   0x00000064   Code   RO         6158    i.vTaskSwitchContext  tasks.o
    0x08010d28   0x08010d28   0x00000054   Code   RO         8419    i.vTimerCallbackT35  modbus.o
    0x08010d7c   0x08010d7c   0x00000040   Code   RO         8420    i.vTimerCallbackTimeout  modbus.o
    0x08010dbc   0x08010dbc   0x00000068   Code   RO         8421    i.validateAnswer    modbus.o
    0x08010e24   0x08010e24   0x00000134   Code   RO         8422    i.validateRequest   modbus.o
    0x08010f58   0x08010f58   0x0000002e   Code   RO         7813    i.waitfor           mqttclient.o
    0x08010f86   0x08010f86   0x00000060   Code   RO         7416    i.wiz_recv_data     w5500.o
    0x08010fe6   0x08010fe6   0x00000060   Code   RO         7418    i.wiz_send_data     w5500.o
    0x08011046   0x08011046   0x00000004   Code   RO         7477    i.wizchip_bus_readdata  wizchip_conf.o
    0x0801104a   0x0801104a   0x00000004   Code   RO         7478    i.wizchip_bus_writedata  wizchip_conf.o
    0x0801104e   0x0801104e   0x00000002   PAD
    0x08011050   0x08011050   0x0000003a   Code   RO         7479    i.wizchip_clrinterrupt  wizchip_conf.o
    0x0801108a   0x0801108a   0x00000002   Code   RO         7480    i.wizchip_cris_enter  wizchip_conf.o
    0x0801108c   0x0801108c   0x00000002   Code   RO         7481    i.wizchip_cris_exit  wizchip_conf.o
    0x0801108e   0x0801108e   0x00000004   Code   RO         7701    i.wizchip_critical_enter  w5500_port.o
    0x08011092   0x08011092   0x00000004   Code   RO         7702    i.wizchip_critical_exit  w5500_port.o
    0x08011096   0x08011096   0x00000002   Code   RO         7482    i.wizchip_cs_deselect  wizchip_conf.o
    0x08011098   0x08011098   0x00000002   Code   RO         7483    i.wizchip_cs_select  wizchip_conf.o
    0x0801109a   0x0801109a   0x00000002   PAD
    0x0801109c   0x0801109c   0x00000010   Code   RO         7703    i.wizchip_deselect  w5500_port.o
    0x080110ac   0x080110ac   0x0000001e   Code   RO         7484    i.wizchip_getinterrupt  wizchip_conf.o
    0x080110ca   0x080110ca   0x0000001c   Code   RO         7485    i.wizchip_getinterruptmask  wizchip_conf.o
    0x080110e6   0x080110e6   0x00000002   PAD
    0x080110e8   0x080110e8   0x00000058   Code   RO         7486    i.wizchip_getnetinfo  wizchip_conf.o
    0x08011140   0x08011140   0x00000006   Code   RO         7487    i.wizchip_getnetmode  wizchip_conf.o
    0x08011146   0x08011146   0x00000028   Code   RO         7488    i.wizchip_gettimeout  wizchip_conf.o
    0x0801116e   0x0801116e   0x0000007a   Code   RO         7489    i.wizchip_init      wizchip_conf.o
    0x080111e8   0x080111e8   0x00000004   Code   RO         7704    i.wizchip_read      w5500_port.o
    0x080111ec   0x080111ec   0x00000010   Code   RO         7705    i.wizchip_select    w5500_port.o
    0x080111fc   0x080111fc   0x0000001c   Code   RO         7490    i.wizchip_setinterruptmask  wizchip_conf.o
    0x08011218   0x08011218   0x00000058   Code   RO         7491    i.wizchip_setnetinfo  wizchip_conf.o
    0x08011270   0x08011270   0x00000024   Code   RO         7492    i.wizchip_setnetmode  wizchip_conf.o
    0x08011294   0x08011294   0x00000028   Code   RO         7493    i.wizchip_settimeout  wizchip_conf.o
    0x080112bc   0x080112bc   0x00000004   Code   RO         7495    i.wizchip_spi_readbyte  wizchip_conf.o
    0x080112c0   0x080112c0   0x00000002   Code   RO         7497    i.wizchip_spi_writebyte  wizchip_conf.o
    0x080112c2   0x080112c2   0x00000074   Code   RO         7498    i.wizchip_sw_reset  wizchip_conf.o
    0x08011336   0x08011336   0x00000004   Code   RO         7706    i.wizchip_write     w5500_port.o
    0x0801133a   0x0801133a   0x0000004e   Code   RO         7499    i.wizphy_getphyconf  wizchip_conf.o
    0x08011388   0x08011388   0x00000016   Code   RO         7500    i.wizphy_getphylink  wizchip_conf.o
    0x0801139e   0x0801139e   0x0000001a   Code   RO         7501    i.wizphy_getphypmode  wizchip_conf.o
    0x080113b8   0x080113b8   0x0000002a   Code   RO         7503    i.wizphy_reset      wizchip_conf.o
    0x080113e2   0x080113e2   0x0000004a   Code   RO         7504    i.wizphy_setphyconf  wizchip_conf.o
    0x0801142c   0x0801142c   0x00000050   Code   RO         7505    i.wizphy_setphypmode  wizchip_conf.o
    0x0801147c   0x0801147c   0x0000000c   Code   RO         8423    i.word              modbus.o
    0x08011488   0x08011488   0x00000028   Code   RO         8079    i.writeCString      mqttpacket.o
    0x080114b0   0x080114b0   0x0000000c   Code   RO         8080    i.writeChar         mqttpacket.o
    0x080114bc   0x080114bc   0x0000001e   Code   RO         8081    i.writeInt          mqttpacket.o
    0x080114da   0x080114da   0x00000036   Code   RO         8082    i.writeMQTTString   mqttpacket.o
    0x08011510   0x08011510   0x00000024   Code   RO         9065    i.writeNetworkDict  sdo.o
    0x08011534   0x08011534   0x000000f4   Code   RO         7231    i.xPortStartScheduler  port.o
    0x08011628   0x08011628   0x0000002c   Code   RO         7232    i.xPortSysTickHandler  port.o
    0x08011654   0x08011654   0x0000003a   Code   RO         5735    i.xQueueCreateCountingSemaphore  queue.o
    0x0801168e   0x0801168e   0x00000040   Code   RO         5736    i.xQueueCreateCountingSemaphoreStatic  queue.o
    0x080116ce   0x080116ce   0x00000016   Code   RO         5737    i.xQueueCreateMutex  queue.o
    0x080116e4   0x080116e4   0x00000042   Code   RO         5739    i.xQueueGenericCreate  queue.o
    0x08011726   0x08011726   0x00000066   Code   RO         5740    i.xQueueGenericCreateStatic  queue.o
    0x0801178c   0x0801178c   0x00000088   Code   RO         5741    i.xQueueGenericReset  queue.o
    0x08011814   0x08011814   0x00000160   Code   RO         5742    i.xQueueGenericSend  queue.o
    0x08011974   0x08011974   0x000000be   Code   RO         5743    i.xQueueGenericSendFromISR  queue.o
    0x08011a32   0x08011a32   0x0000009c   Code   RO         5746    i.xQueueGiveFromISR  queue.o
    0x08011ace   0x08011ace   0x00000002   PAD
    0x08011ad0   0x08011ad0   0x00000138   Code   RO         5752    i.xQueueReceive     queue.o
    0x08011c08   0x08011c08   0x0000009a   Code   RO         5753    i.xQueueReceiveFromISR  queue.o
    0x08011ca2   0x08011ca2   0x00000002   PAD
    0x08011ca4   0x08011ca4   0x00000178   Code   RO         5754    i.xQueueSemaphoreTake  queue.o
    0x08011e1c   0x08011e1c   0x00000074   Code   RO         6160    i.xTaskCheckForTimeOut  tasks.o
    0x08011e90   0x08011e90   0x0000005a   Code   RO         6161    i.xTaskCreate       tasks.o
    0x08011eea   0x08011eea   0x00000056   Code   RO         6162    i.xTaskCreateStatic  tasks.o
    0x08011f40   0x08011f40   0x000000e0   Code   RO         6163    i.xTaskGenericNotify  tasks.o
    0x08012020   0x08012020   0x00000104   Code   RO         6164    i.xTaskGenericNotifyFromISR  tasks.o
    0x08012124   0x08012124   0x0000000c   Code   RO         6165    i.xTaskGetCurrentTaskHandle  tasks.o
    0x08012130   0x08012130   0x0000001c   Code   RO         6166    i.xTaskGetSchedulerState  tasks.o
    0x0801214c   0x0801214c   0x0000000c   Code   RO         6167    i.xTaskGetTickCount  tasks.o
    0x08012158   0x08012158   0x00000010   Code   RO         6168    i.xTaskGetTickCountFromISR  tasks.o
    0x08012168   0x08012168   0x000000c8   Code   RO         6169    i.xTaskIncrementTick  tasks.o
    0x08012230   0x08012230   0x00000080   Code   RO         6172    i.xTaskPriorityDisinherit  tasks.o
    0x080122b0   0x080122b0   0x00000078   Code   RO         6173    i.xTaskPriorityInherit  tasks.o
    0x08012328   0x08012328   0x00000070   Code   RO         6174    i.xTaskRemoveFromEventList  tasks.o
    0x08012398   0x08012398   0x000000c4   Code   RO         6175    i.xTaskResumeAll    tasks.o
    0x0801245c   0x0801245c   0x00000034   Code   RO         6498    i.xTimerCreate      timers.o
    0x08012490   0x08012490   0x0000002e   Code   RO         6499    i.xTimerCreateStatic  timers.o
    0x080124be   0x080124be   0x00000002   PAD
    0x080124c0   0x080124c0   0x00000060   Code   RO         6500    i.xTimerCreateTimerTask  timers.o
    0x08012520   0x08012520   0x00000068   Code   RO         6501    i.xTimerGenericCommand  timers.o
    0x08012588   0x08012588   0x000001a4   Data   RO         1182    .constdata          freertos.o
    0x0801272c   0x0801272c   0x00000008   Data   RO         2972    .constdata          stm32f4xx_hal_dma.o
    0x08012734   0x08012734   0x00000010   Data   RO         5518    .constdata          system_stm32f4xx.o
    0x08012744   0x08012744   0x00000008   Data   RO         5519    .constdata          system_stm32f4xx.o
    0x0801274c   0x0801274c   0x00000027   Data   RO         7707    .constdata          w5500_port.o
    0x08012773   0x08012773   0x00000001   PAD
    0x08012774   0x08012774   0x00000058   Data   RO         7814    .constdata          mqttclient.o
    0x080127cc   0x080127cc   0x00000078   Data   RO         8424    .constdata          modbus.o
    0x08012844   0x08012844   0x00000040   Data   RO         9237    .constdata          states.o
    0x08012884   0x08012884   0x00000001   Data   RO         9387    .constdata          kinco_ctrl.o
    0x08012885   0x08012885   0x00000003   PAD
    0x08012888   0x08012888   0x000000c0   Data   RO         9388    .constdata          kinco_ctrl.o
    0x08012948   0x08012948   0x0000000c   Data   RO         9389    .constdata          kinco_ctrl.o
    0x08012954   0x08012954   0x0000000c   Data   RO         9390    .constdata          kinco_ctrl.o
    0x08012960   0x08012960   0x00000002   Data   RO         9391    .constdata          kinco_ctrl.o
    0x08012962   0x08012962   0x00000001   Data   RO         9508    .constdata          zeroerr_ctrl.o
    0x08012963   0x08012963   0x00000001   PAD
    0x08012964   0x08012964   0x00000098   Data   RO         9509    .constdata          zeroerr_ctrl.o
    0x080129fc   0x080129fc   0x0000000c   Data   RO         9510    .constdata          zeroerr_ctrl.o
    0x08012a08   0x08012a08   0x0000000c   Data   RO         9511    .constdata          zeroerr_ctrl.o
    0x08012a14   0x08012a14   0x00000002   Data   RO         9512    .constdata          zeroerr_ctrl.o
    0x08012a16   0x08012a16   0x00000040   Data   RO        10110    .constdata          mc_w.l(ctype_c.o)
    0x08012a56   0x08012a56   0x00000002   PAD
    0x08012a58   0x08012a58   0x000000e5   Data   RO         1187    .conststring        freertos.o
    0x08012b3d   0x08012b3d   0x00000003   PAD
    0x08012b40   0x08012b40   0x00000159   Data   RO         2060    .conststring        servo.o
    0x08012c99   0x08012c99   0x00000003   PAD
    0x08012c9c   0x08012c9c   0x00000043   Data   RO         8309    .conststring        mqtt_network.o
    0x08012cdf   0x08012cdf   0x00000001   PAD
    0x08012ce0   0x08012ce0   0x00000043   Data   RO         8427    .conststring        modbus.o
    0x08012d23   0x08012d23   0x00000001   PAD
    0x08012d24   0x08012d24   0x00000020   Data   RO        10112    Region$$Table       anon$$obj.o


    Execution Region RW_IRAM1 (Exec base: 0x20000000, Load base: 0x08012d44, Size: 0x000069a0, Max: 0x0001c000, ABSOLUTE, COMPRESSED[0x000003e0])

    Exec Addr    Load Addr    Size         Type   Attr      Idx    E Section Name        Object

    0x20000000   COMPRESSED   0x00000014   Data   RW          274    .data               cjson.o
    0x20000014   COMPRESSED   0x00000001   Data   RW          857    .data               main.o
    0x20000015   COMPRESSED   0x00000003   PAD
    0x20000018   COMPRESSED   0x000000c4   Data   RW         1192    .data               freertos.o
    0x200000dc   COMPRESSED   0x00000008   Data   RW         1570    .data               can.o
    0x200000e4   COMPRESSED   0x00000001   Data   RW         1742    .data               usart.o
    0x200000e5   COMPRESSED   0x00000004   Data   RW         2061    .data               servo.o
    0x200000e9   COMPRESSED   0x00000003   PAD
    0x200000ec   COMPRESSED   0x0000000c   Data   RW         3399    .data               stm32f4xx_hal.o
    0x200000f8   COMPRESSED   0x00000004   Data   RW         5520    .data               system_stm32f4xx.o
    0x200000fc   COMPRESSED   0x0000003c   Data   RW         6178    .data               tasks.o
    0x20000138   COMPRESSED   0x00000014   Data   RW         6509    .data               timers.o
    0x2000014c   COMPRESSED   0x00000004   Data   RW         6731    .data               cmsis_os2.o
    0x20000150   COMPRESSED   0x00000020   Data   RW         7177    .data               heap_4.o
    0x20000170   COMPRESSED   0x0000000c   Data   RW         7233    .data               port.o
    0x2000017c   COMPRESSED   0x0000000e   Data   RW         7341    .data               socket.o
    0x2000018a   COMPRESSED   0x00000002   PAD
    0x2000018c   COMPRESSED   0x00000034   Data   RW         7506    .data               wizchip_conf.o
    0x200001c0   COMPRESSED   0x00000008   Data   RW         7708    .data               w5500_port.o
    0x200001c8   COMPRESSED   0x00000004   Data   RW         8083    .data               mqttpacket.o
    0x200001cc   COMPRESSED   0x0000000c   Data   RW         8430    .data               modbus.o
    0x200001d8   COMPRESSED   0x00000008   Data   RW         9355    .data               timer.o
    0x200001e0   COMPRESSED   0x00000002   Data   RW         9392    .data               kinco_ctrl.o
    0x200001e2   COMPRESSED   0x00000002   PAD
    0x200001e4   COMPRESSED   0x00000004   Data   RW         9393    .data               kinco_ctrl.o
    0x200001e8   COMPRESSED   0x00000004   Data   RW         9394    .data               kinco_ctrl.o
    0x200001ec   COMPRESSED   0x00000002   Data   RW         9395    .data               kinco_ctrl.o
    0x200001ee   COMPRESSED   0x00000002   Data   RW         9396    .data               kinco_ctrl.o
    0x200001f0   COMPRESSED   0x00000004   Data   RW         9397    .data               kinco_ctrl.o
    0x200001f4   COMPRESSED   0x00000002   Data   RW         9398    .data               kinco_ctrl.o
    0x200001f6   COMPRESSED   0x00000002   PAD
    0x200001f8   COMPRESSED   0x00000004   Data   RW         9399    .data               kinco_ctrl.o
    0x200001fc   COMPRESSED   0x00000004   Data   RW         9400    .data               kinco_ctrl.o
    0x20000200   COMPRESSED   0x00000004   Data   RW         9401    .data               kinco_ctrl.o
    0x20000204   COMPRESSED   0x00000001   Data   RW         9402    .data               kinco_ctrl.o
    0x20000205   COMPRESSED   0x00000003   PAD
    0x20000208   COMPRESSED   0x00000004   Data   RW         9403    .data               kinco_ctrl.o
    0x2000020c   COMPRESSED   0x00000010   Data   RW         9404    .data               kinco_ctrl.o
    0x2000021c   COMPRESSED   0x00000001   Data   RW         9405    .data               kinco_ctrl.o
    0x2000021d   COMPRESSED   0x00000003   PAD
    0x20000220   COMPRESSED   0x00000010   Data   RW         9406    .data               kinco_ctrl.o
    0x20000230   COMPRESSED   0x00000001   Data   RW         9407    .data               kinco_ctrl.o
    0x20000231   COMPRESSED   0x00000003   PAD
    0x20000234   COMPRESSED   0x00000004   Data   RW         9408    .data               kinco_ctrl.o
    0x20000238   COMPRESSED   0x00000004   Data   RW         9411    .data               kinco_ctrl.o
    0x2000023c   COMPRESSED   0x00000010   Data   RW         9413    .data               kinco_ctrl.o
    0x2000024c   COMPRESSED   0x00000004   Data   RW         9414    .data               kinco_ctrl.o
    0x20000250   COMPRESSED   0x00000010   Data   RW         9416    .data               kinco_ctrl.o
    0x20000260   COMPRESSED   0x00000004   Data   RW         9417    .data               kinco_ctrl.o
    0x20000264   COMPRESSED   0x00000010   Data   RW         9418    .data               kinco_ctrl.o
    0x20000274   COMPRESSED   0x00000002   Data   RW         9419    .data               kinco_ctrl.o
    0x20000276   COMPRESSED   0x00000001   Data   RW         9420    .data               kinco_ctrl.o
    0x20000277   COMPRESSED   0x00000001   PAD
    0x20000278   COMPRESSED   0x00000004   Data   RW         9421    .data               kinco_ctrl.o
    0x2000027c   COMPRESSED   0x00000010   Data   RW         9422    .data               kinco_ctrl.o
    0x2000028c   COMPRESSED   0x00000001   Data   RW         9423    .data               kinco_ctrl.o
    0x2000028d   COMPRESSED   0x00000003   PAD
    0x20000290   COMPRESSED   0x00000004   Data   RW         9424    .data               kinco_ctrl.o
    0x20000294   COMPRESSED   0x00000002   Data   RW         9425    .data               kinco_ctrl.o
    0x20000296   COMPRESSED   0x00000001   Data   RW         9426    .data               kinco_ctrl.o
    0x20000297   COMPRESSED   0x00000001   PAD
    0x20000298   COMPRESSED   0x00000004   Data   RW         9427    .data               kinco_ctrl.o
    0x2000029c   COMPRESSED   0x00000004   Data   RW         9428    .data               kinco_ctrl.o
    0x200002a0   COMPRESSED   0x00000004   Data   RW         9429    .data               kinco_ctrl.o
    0x200002a4   COMPRESSED   0x00000004   Data   RW         9430    .data               kinco_ctrl.o
    0x200002a8   COMPRESSED   0x00000050   Data   RW         9431    .data               kinco_ctrl.o
    0x200002f8   COMPRESSED   0x00000001   Data   RW         9432    .data               kinco_ctrl.o
    0x200002f9   COMPRESSED   0x00000003   PAD
    0x200002fc   COMPRESSED   0x00000004   Data   RW         9433    .data               kinco_ctrl.o
    0x20000300   COMPRESSED   0x00000004   Data   RW         9434    .data               kinco_ctrl.o
    0x20000304   COMPRESSED   0x00000001   Data   RW         9435    .data               kinco_ctrl.o
    0x20000305   COMPRESSED   0x00000003   PAD
    0x20000308   COMPRESSED   0x00000040   Data   RW         9436    .data               kinco_ctrl.o
    0x20000348   COMPRESSED   0x00000001   Data   RW         9437    .data               kinco_ctrl.o
    0x20000349   COMPRESSED   0x00000003   PAD
    0x2000034c   COMPRESSED   0x00000004   Data   RW         9438    .data               kinco_ctrl.o
    0x20000350   COMPRESSED   0x00000001   Data   RW         9439    .data               kinco_ctrl.o
    0x20000351   COMPRESSED   0x00000001   PAD
    0x20000352   COMPRESSED   0x00000002   Data   RW         9440    .data               kinco_ctrl.o
    0x20000354   COMPRESSED   0x00000001   Data   RW         9441    .data               kinco_ctrl.o
    0x20000355   COMPRESSED   0x00000001   PAD
    0x20000356   COMPRESSED   0x00000002   Data   RW         9442    .data               kinco_ctrl.o
    0x20000358   COMPRESSED   0x00000001   Data   RW         9443    .data               kinco_ctrl.o
    0x20000359   COMPRESSED   0x00000003   PAD
    0x2000035c   COMPRESSED   0x00000070   Data   RW         9444    .data               kinco_ctrl.o
    0x200003cc   COMPRESSED   0x00000001   Data   RW         9445    .data               kinco_ctrl.o
    0x200003cd   COMPRESSED   0x00000003   PAD
    0x200003d0   COMPRESSED   0x0000000c   Data   RW         9446    .data               kinco_ctrl.o
    0x200003dc   COMPRESSED   0x00000040   Data   RW         9447    .data               kinco_ctrl.o
    0x2000041c   COMPRESSED   0x00000001   Data   RW         9448    .data               kinco_ctrl.o
    0x2000041d   COMPRESSED   0x00000003   PAD
    0x20000420   COMPRESSED   0x00000004   Data   RW         9449    .data               kinco_ctrl.o
    0x20000424   COMPRESSED   0x00000001   Data   RW         9450    .data               kinco_ctrl.o
    0x20000425   COMPRESSED   0x00000001   PAD
    0x20000426   COMPRESSED   0x00000002   Data   RW         9451    .data               kinco_ctrl.o
    0x20000428   COMPRESSED   0x00000001   Data   RW         9452    .data               kinco_ctrl.o
    0x20000429   COMPRESSED   0x00000001   PAD
    0x2000042a   COMPRESSED   0x00000002   Data   RW         9453    .data               kinco_ctrl.o
    0x2000042c   COMPRESSED   0x00000001   Data   RW         9454    .data               kinco_ctrl.o
    0x2000042d   COMPRESSED   0x00000003   PAD
    0x20000430   COMPRESSED   0x00000070   Data   RW         9455    .data               kinco_ctrl.o
    0x200004a0   COMPRESSED   0x00000001   Data   RW         9456    .data               kinco_ctrl.o
    0x200004a1   COMPRESSED   0x00000003   PAD
    0x200004a4   COMPRESSED   0x00000004   Data   RW         9457    .data               kinco_ctrl.o
    0x200004a8   COMPRESSED   0x00000001   Data   RW         9458    .data               kinco_ctrl.o
    0x200004a9   COMPRESSED   0x00000001   PAD
    0x200004aa   COMPRESSED   0x00000002   Data   RW         9459    .data               kinco_ctrl.o
    0x200004ac   COMPRESSED   0x00000001   Data   RW         9460    .data               kinco_ctrl.o
    0x200004ad   COMPRESSED   0x00000001   PAD
    0x200004ae   COMPRESSED   0x00000002   Data   RW         9461    .data               kinco_ctrl.o
    0x200004b0   COMPRESSED   0x00000001   Data   RW         9462    .data               kinco_ctrl.o
    0x200004b1   COMPRESSED   0x00000003   PAD
    0x200004b4   COMPRESSED   0x00000070   Data   RW         9463    .data               kinco_ctrl.o
    0x20000524   COMPRESSED   0x00000001   Data   RW         9464    .data               kinco_ctrl.o
    0x20000525   COMPRESSED   0x00000003   PAD
    0x20000528   COMPRESSED   0x00000008   Data   RW         9465    .data               kinco_ctrl.o
    0x20000530   COMPRESSED   0x00000030   Data   RW         9466    .data               kinco_ctrl.o
    0x20000560   COMPRESSED   0x00000001   Data   RW         9467    .data               kinco_ctrl.o
    0x20000561   COMPRESSED   0x00000003   PAD
    0x20000564   COMPRESSED   0x00000004   Data   RW         9468    .data               kinco_ctrl.o
    0x20000568   COMPRESSED   0x00000020   Data   RW         9469    .data               kinco_ctrl.o
    0x20000588   COMPRESSED   0x00000010   Data   RW         9470    .data               kinco_ctrl.o
    0x20000598   COMPRESSED   0x00000010   Data   RW         9471    .data               kinco_ctrl.o
    0x200005a8   COMPRESSED   0x00000010   Data   RW         9472    .data               kinco_ctrl.o
    0x200005b8   COMPRESSED   0x00000010   Data   RW         9473    .data               kinco_ctrl.o
    0x200005c8   COMPRESSED   0x00000010   Data   RW         9474    .data               kinco_ctrl.o
    0x200005d8   COMPRESSED   0x00000010   Data   RW         9475    .data               kinco_ctrl.o
    0x200005e8   COMPRESSED   0x00000010   Data   RW         9476    .data               kinco_ctrl.o
    0x200005f8   COMPRESSED   0x00000010   Data   RW         9477    .data               kinco_ctrl.o
    0x20000608   COMPRESSED   0x00000010   Data   RW         9478    .data               kinco_ctrl.o
    0x20000618   COMPRESSED   0x00000010   Data   RW         9479    .data               kinco_ctrl.o
    0x20000628   COMPRESSED   0x00000024   Data   RW         9480    .data               kinco_ctrl.o
    0x2000064c   COMPRESSED   0x0000023c   Data   RW         9481    .data               kinco_ctrl.o
    0x20000888   COMPRESSED   0x00000002   Data   RW         9482    .data               kinco_ctrl.o
    0x2000088a   COMPRESSED   0x00000002   Data   RW         9513    .data               zeroerr_ctrl.o
    0x2000088c   COMPRESSED   0x00000004   Data   RW         9514    .data               zeroerr_ctrl.o
    0x20000890   COMPRESSED   0x00000004   Data   RW         9515    .data               zeroerr_ctrl.o
    0x20000894   COMPRESSED   0x00000002   Data   RW         9516    .data               zeroerr_ctrl.o
    0x20000896   COMPRESSED   0x00000002   PAD
    0x20000898   COMPRESSED   0x00000004   Data   RW         9517    .data               zeroerr_ctrl.o
    0x2000089c   COMPRESSED   0x00000001   Data   RW         9518    .data               zeroerr_ctrl.o
    0x2000089d   COMPRESSED   0x00000003   PAD
    0x200008a0   COMPRESSED   0x00000004   Data   RW         9519    .data               zeroerr_ctrl.o
    0x200008a4   COMPRESSED   0x00000010   Data   RW         9520    .data               zeroerr_ctrl.o
    0x200008b4   COMPRESSED   0x00000001   Data   RW         9521    .data               zeroerr_ctrl.o
    0x200008b5   COMPRESSED   0x00000003   PAD
    0x200008b8   COMPRESSED   0x00000010   Data   RW         9522    .data               zeroerr_ctrl.o
    0x200008c8   COMPRESSED   0x00000001   Data   RW         9523    .data               zeroerr_ctrl.o
    0x200008c9   COMPRESSED   0x00000003   PAD
    0x200008cc   COMPRESSED   0x00000004   Data   RW         9524    .data               zeroerr_ctrl.o
    0x200008d0   COMPRESSED   0x00000004   Data   RW         9527    .data               zeroerr_ctrl.o
    0x200008d4   COMPRESSED   0x00000010   Data   RW         9529    .data               zeroerr_ctrl.o
    0x200008e4   COMPRESSED   0x00000004   Data   RW         9530    .data               zeroerr_ctrl.o
    0x200008e8   COMPRESSED   0x00000010   Data   RW         9532    .data               zeroerr_ctrl.o
    0x200008f8   COMPRESSED   0x00000004   Data   RW         9533    .data               zeroerr_ctrl.o
    0x200008fc   COMPRESSED   0x00000010   Data   RW         9534    .data               zeroerr_ctrl.o
    0x2000090c   COMPRESSED   0x00000002   Data   RW         9535    .data               zeroerr_ctrl.o
    0x2000090e   COMPRESSED   0x00000001   Data   RW         9536    .data               zeroerr_ctrl.o
    0x2000090f   COMPRESSED   0x00000001   PAD
    0x20000910   COMPRESSED   0x00000004   Data   RW         9537    .data               zeroerr_ctrl.o
    0x20000914   COMPRESSED   0x00000010   Data   RW         9538    .data               zeroerr_ctrl.o
    0x20000924   COMPRESSED   0x00000001   Data   RW         9539    .data               zeroerr_ctrl.o
    0x20000925   COMPRESSED   0x00000003   PAD
    0x20000928   COMPRESSED   0x00000004   Data   RW         9540    .data               zeroerr_ctrl.o
    0x2000092c   COMPRESSED   0x00000002   Data   RW         9541    .data               zeroerr_ctrl.o
    0x2000092e   COMPRESSED   0x00000001   Data   RW         9542    .data               zeroerr_ctrl.o
    0x2000092f   COMPRESSED   0x00000001   PAD
    0x20000930   COMPRESSED   0x00000004   Data   RW         9543    .data               zeroerr_ctrl.o
    0x20000934   COMPRESSED   0x00000004   Data   RW         9544    .data               zeroerr_ctrl.o
    0x20000938   COMPRESSED   0x00000004   Data   RW         9545    .data               zeroerr_ctrl.o
    0x2000093c   COMPRESSED   0x00000004   Data   RW         9546    .data               zeroerr_ctrl.o
    0x20000940   COMPRESSED   0x00000050   Data   RW         9547    .data               zeroerr_ctrl.o
    0x20000990   COMPRESSED   0x00000001   Data   RW         9548    .data               zeroerr_ctrl.o
    0x20000991   COMPRESSED   0x00000003   PAD
    0x20000994   COMPRESSED   0x00000004   Data   RW         9549    .data               zeroerr_ctrl.o
    0x20000998   COMPRESSED   0x00000004   Data   RW         9550    .data               zeroerr_ctrl.o
    0x2000099c   COMPRESSED   0x00000001   Data   RW         9551    .data               zeroerr_ctrl.o
    0x2000099d   COMPRESSED   0x00000003   PAD
    0x200009a0   COMPRESSED   0x00000040   Data   RW         9552    .data               zeroerr_ctrl.o
    0x200009e0   COMPRESSED   0x00000001   Data   RW         9553    .data               zeroerr_ctrl.o
    0x200009e1   COMPRESSED   0x00000003   PAD
    0x200009e4   COMPRESSED   0x00000004   Data   RW         9554    .data               zeroerr_ctrl.o
    0x200009e8   COMPRESSED   0x00000001   Data   RW         9555    .data               zeroerr_ctrl.o
    0x200009e9   COMPRESSED   0x00000001   PAD
    0x200009ea   COMPRESSED   0x00000002   Data   RW         9556    .data               zeroerr_ctrl.o
    0x200009ec   COMPRESSED   0x00000001   Data   RW         9557    .data               zeroerr_ctrl.o
    0x200009ed   COMPRESSED   0x00000001   PAD
    0x200009ee   COMPRESSED   0x00000002   Data   RW         9558    .data               zeroerr_ctrl.o
    0x200009f0   COMPRESSED   0x00000001   Data   RW         9559    .data               zeroerr_ctrl.o
    0x200009f1   COMPRESSED   0x00000003   PAD
    0x200009f4   COMPRESSED   0x00000070   Data   RW         9560    .data               zeroerr_ctrl.o
    0x20000a64   COMPRESSED   0x00000001   Data   RW         9561    .data               zeroerr_ctrl.o
    0x20000a65   COMPRESSED   0x00000003   PAD
    0x20000a68   COMPRESSED   0x00000008   Data   RW         9562    .data               zeroerr_ctrl.o
    0x20000a70   COMPRESSED   0x00000030   Data   RW         9563    .data               zeroerr_ctrl.o
    0x20000aa0   COMPRESSED   0x00000001   Data   RW         9564    .data               zeroerr_ctrl.o
    0x20000aa1   COMPRESSED   0x00000003   PAD
    0x20000aa4   COMPRESSED   0x00000004   Data   RW         9565    .data               zeroerr_ctrl.o
    0x20000aa8   COMPRESSED   0x00000001   Data   RW         9566    .data               zeroerr_ctrl.o
    0x20000aa9   COMPRESSED   0x00000001   PAD
    0x20000aaa   COMPRESSED   0x00000002   Data   RW         9567    .data               zeroerr_ctrl.o
    0x20000aac   COMPRESSED   0x00000001   Data   RW         9568    .data               zeroerr_ctrl.o
    0x20000aad   COMPRESSED   0x00000001   PAD
    0x20000aae   COMPRESSED   0x00000002   Data   RW         9569    .data               zeroerr_ctrl.o
    0x20000ab0   COMPRESSED   0x00000001   Data   RW         9570    .data               zeroerr_ctrl.o
    0x20000ab1   COMPRESSED   0x00000003   PAD
    0x20000ab4   COMPRESSED   0x00000070   Data   RW         9571    .data               zeroerr_ctrl.o
    0x20000b24   COMPRESSED   0x00000001   Data   RW         9572    .data               zeroerr_ctrl.o
    0x20000b25   COMPRESSED   0x00000003   PAD
    0x20000b28   COMPRESSED   0x00000004   Data   RW         9573    .data               zeroerr_ctrl.o
    0x20000b2c   COMPRESSED   0x00000001   Data   RW         9574    .data               zeroerr_ctrl.o
    0x20000b2d   COMPRESSED   0x00000001   PAD
    0x20000b2e   COMPRESSED   0x00000002   Data   RW         9575    .data               zeroerr_ctrl.o
    0x20000b30   COMPRESSED   0x00000001   Data   RW         9576    .data               zeroerr_ctrl.o
    0x20000b31   COMPRESSED   0x00000001   PAD
    0x20000b32   COMPRESSED   0x00000002   Data   RW         9577    .data               zeroerr_ctrl.o
    0x20000b34   COMPRESSED   0x00000001   Data   RW         9578    .data               zeroerr_ctrl.o
    0x20000b35   COMPRESSED   0x00000003   PAD
    0x20000b38   COMPRESSED   0x00000070   Data   RW         9579    .data               zeroerr_ctrl.o
    0x20000ba8   COMPRESSED   0x00000001   Data   RW         9580    .data               zeroerr_ctrl.o
    0x20000ba9   COMPRESSED   0x00000003   PAD
    0x20000bac   COMPRESSED   0x00000008   Data   RW         9581    .data               zeroerr_ctrl.o
    0x20000bb4   COMPRESSED   0x00000030   Data   RW         9582    .data               zeroerr_ctrl.o
    0x20000be4   COMPRESSED   0x00000001   Data   RW         9583    .data               zeroerr_ctrl.o
    0x20000be5   COMPRESSED   0x00000003   PAD
    0x20000be8   COMPRESSED   0x00000004   Data   RW         9584    .data               zeroerr_ctrl.o
    0x20000bec   COMPRESSED   0x00000020   Data   RW         9585    .data               zeroerr_ctrl.o
    0x20000c0c   COMPRESSED   0x00000010   Data   RW         9586    .data               zeroerr_ctrl.o
    0x20000c1c   COMPRESSED   0x00000010   Data   RW         9587    .data               zeroerr_ctrl.o
    0x20000c2c   COMPRESSED   0x00000010   Data   RW         9588    .data               zeroerr_ctrl.o
    0x20000c3c   COMPRESSED   0x00000010   Data   RW         9589    .data               zeroerr_ctrl.o
    0x20000c4c   COMPRESSED   0x00000010   Data   RW         9590    .data               zeroerr_ctrl.o
    0x20000c5c   COMPRESSED   0x00000024   Data   RW         9591    .data               zeroerr_ctrl.o
    0x20000c80   COMPRESSED   0x0000023c   Data   RW         9592    .data               zeroerr_ctrl.o
    0x20000ebc   COMPRESSED   0x00000002   Data   RW         9593    .data               zeroerr_ctrl.o
    0x20000ebe   COMPRESSED   0x00000002   PAD
    0x20000ec0   COMPRESSED   0x00000008   Data   RW         9622    .data               timer5.o
    0x20000ec8   COMPRESSED   0x00000004   Data   RW        10071    .data               mc_w.l(stdout.o)
    0x20000ecc   COMPRESSED   0x00000004   Data   RW        10080    .data               mc_w.l(mvars.o)
    0x20000ed0   COMPRESSED   0x00000004   Data   RW        10081    .data               mc_w.l(mvars.o)
    0x20000ed4        -       0x00000048   Zero   RW          803    .bss                tim.o
    0x20000f1c        -       0x000005f0   Zero   RW         1181    .bss                freertos.o
    0x2000150c        -       0x00000048   Zero   RW         1477    .bss                adc.o
    0x20001554        -       0x00000070   Zero   RW         1569    .bss                can.o
    0x200015c4        -       0x00000058   Zero   RW         1690    .bss                spi.o
    0x2000161c        -       0x00000394   Zero   RW         1740    .bss                usart.o
    0x200019b0        -       0x00000048   Zero   RW         1998    .bss                stm32f4xx_hal_timebase_tim.o
    0x200019f8        -       0x00000040   Zero   RW         5756    .bss                queue.o
    0x20001a38        -       0x000004c4   Zero   RW         6177    .bss                tasks.o
    0x20001efc        -       0x00000118   Zero   RW         6508    .bss                timers.o
    0x20002014        -       0x000006b8   Zero   RW         6730    .bss                cmsis_os2.o
    0x200026cc        -       0x00003c00   Zero   RW         7176    .bss                heap_4.o
    0x200062cc        -       0x00000010   Zero   RW         7340    .bss                socket.o
    0x200062dc        -       0x000000c0   Zero   RW         9354    .bss                timer.o
    0x2000639c   COMPRESSED   0x00000004   PAD
    0x200063a0        -       0x00000200   Zero   RW            2    HEAP                startup_stm32f407xx.o
    0x200065a0        -       0x00000400   Zero   RW            1    STACK               startup_stm32f407xx.o


    Execution Region RW_IRAM2 (Exec base: 0x2001c000, Load base: 0x08013124, Size: 0x00000000, Max: 0x00004000, ABSOLUTE)

    **** No section assigned to this execution region ****


==============================================================================

Image component sizes


      Code (inc. data)   RO Data    RW Data    ZI Data      Debug   Object Name

       276         30          0          0         72       2049   adc.o
       720         68          0          8        112      14282   can.o
       456        254          0          0          0       2184   can_canopen.o
      2214         86          0         20          0      19746   cjson.o
      1162         44          0          4       1720      75381   cmsis_os2.o
       140          4          0          0          0        858   dma.o
       112          6          0          0          0       3192   emcy.o
         0          0          0          0          0      19512   event_groups.o
      5860       2298        649        196       1520      39460   freertos.o
       880        108          0          0          0       7730   gpio.o
       472         24          0         32      15360       4903   heap_4.o
       332         14        219       1649          0       9260   kinco_ctrl.o
       896         34          0          0          0      10168   lifegrd.o
       138          0          0          0          0       3582   list.o
       372         88          0          1          0      29857   main.o
      3056         74        187         12          0      23415   modbus.o
       682        328         67          0          0       4859   mqtt_network.o
       106          0          0          0          0       3251   mqtt_timer.o
      1800         40         88          0          0      17215   mqttclient.o
       552         18          0          0          0       5068   mqttconnectclient.o
       212          0          0          0          0       2356   mqttdeserializepublish.o
       476         22          0          4          0       9724   mqttpacket.o
       236          0          0          0          0       3210   mqttserializepublish.o
       310          0          0          0          0       3391   mqttsubscribeclient.o
        72          0          0          0          0       1692   nmtmaster.o
       192          0          0          0          0       1434   nmtslave.o
       454         26          0          0          0       4136   objacces.o
      1908         12          0          0          0      12121   pdo.o
       786         82          0         12          0      11557   port.o
      2518         28          0          0         64      27736   queue.o
        92         12          0          0          0     723385   rs485.o
      7326         72          0          0          0      24731   sdo.o
      8484       4088        345          4          0      14532   servo.o
      1316         38          0         14         16       6327   socket.o
       176         22          0          0         88       1705   spi.o
        36          8        392          0       1536        840   startup_stm32f407xx.o
       880         24         64          0          0       7062   states.o
       116         18          0         12          0       8746   stm32f4xx_hal.o
       712         28          0          0          0       2899   stm32f4xx_hal_adc.o
      1658          6          0          0          0      14339   stm32f4xx_hal_can.o
       158         14          0          0          0      33194   stm32f4xx_hal_cortex.o
      1084         16          8          0          0       7382   stm32f4xx_hal_dma.o
       516         46          0          0          0       2867   stm32f4xx_hal_gpio.o
        56          4          0          0          0        874   stm32f4xx_hal_msp.o
      1388         84          0          0          0       5869   stm32f4xx_hal_rcc.o
       942         12          0          0          0       4933   stm32f4xx_hal_spi.o
      1198         72          0          0          0      11552   stm32f4xx_hal_tim.o
       148         28          0          0          0       2469   stm32f4xx_hal_tim_ex.o
       116         16          0          0         72       1431   stm32f4xx_hal_timebase_tim.o
      2830         48          0          0          0      23096   stm32f4xx_hal_uart.o
       192         90          0          0          0       9955   stm32f4xx_it.o
       260         10          0          0          0       5208   sync.o
        16          4         24          4          0       1139   system_stm32f4xx.o
      3272        272          0         60       1220      36696   tasks.o
       180         20          0          0         72       1726   tim.o
       340         26          0          8        192       3850   timer.o
       208         38          0          8          0       2884   timer5.o
      1184         80          0         20        280      33619   timers.o
       484         44          0          0          0       3422   uartcallback.o
      1264        112          0          1        916       7230   usart.o
       756         18          0          0          0       5992   w5500.o
       968        328         39          8          0       8751   w5500_port.o
      1452         82          0         52          0      22247   wizchip_conf.o
       256         14        179       1533          0       9057   zeroerr_ctrl.o

    ----------------------------------------------------------------------
     67586       9482       2306       3784      23244    1423338   Object Totals
         0          0         32          0          0          0   (incl. Generated)
       132          0         13        122          4          0   (incl. Padding)

    ----------------------------------------------------------------------

      Code (inc. data)   RO Data    RW Data    ZI Data      Debug   Library Member Name

        40         10          0          0          0        128   strtod.o
        56          8          0          0          0         84   __0sscanf.o
        86          0          0          0          0          0   __dczerorl2.o
        28          0          0          0          0         68   _chval.o
       816          6          0          0          0        112   _scanf.o
       332          0          0          0          0         96   _scanf_int.o
        64          0          0          0          0         84   _sgetc.o
        40          6         64          0          0         68   ctype_c.o
         0          0          0          0          0          0   entry.o
         0          0          0          0          0          0   entry10a.o
         0          0          0          0          0          0   entry11a.o
         4          0          0          0          0          0   entry12b.o
         8          4          0          0          0          0   entry2.o
         4          0          0          0          0          0   entry5.o
         0          0          0          0          0          0   entry7b.o
         0          0          0          0          0          0   entry8b.o
         8          4          0          0          0          0   entry9a.o
        30          0          0          0          0          0   handlers.o
        36          8          0          0          0         68   init.o
        10          0          0          0          0         68   isspace_c.o
         0          0          0          0          0          0   iusefp.o
        30          0          0          0          0         68   llshl.o
        36          0          0          0          0         68   llsshr.o
        32          0          0          0          0         68   llushr.o
       360         30          0          0          0        356   mallocr.o
        26          0          0          0          0         80   memcmp.o
        36          0          0          0          0         68   memcpya.o
        36          0          0          0          0        108   memseta.o
         0          0          0          8          0          0   mvars.o
      2292         94          0          0          0        620   printfa.o
        40          8          0          0          0         84   scanf_char.o
       878         12          0          0          0        216   scanf_fp.o
         0          0          0          4          0          0   stdout.o
        28          0          0          0          0         76   strcmp.o
        14          0          0          0          0         68   strlen.o
        30          0          0          0          0         80   strncmp.o
       156         12          0          0          0        120   strtod.o
        12          0          0          0          0         68   tolower.o
        44          0          0          0          0         80   uidiv.o
        98          0          0          0          0         92   uldiv.o
        48          0          0          0          0         68   cdcmple.o
        48          0          0          0          0         68   cdrcmple.o
        56          0          0          0          0         88   d2f.o
       334          0          0          0          0        148   dadd.o
       222          0          0          0          0        100   ddiv.o
       186          0          0          0          0        176   depilogue.o
        62          0          0          0          0         80   dfixi.o
        50          0          0          0          0         76   dfixui.o
        48          0          0          0          0         68   dfixul.o
        26          0          0          0          0         76   dfltui.o
        24          0          0          0          0         76   dfltul.o
       228          0          0          0          0         96   dmul.o
       110          0          0          0          0        168   fepilogue.o

    ----------------------------------------------------------------------
      7166        206         66         12          0       4384   Library Totals
        14          4          2          0          0          0   (incl. Padding)

    ----------------------------------------------------------------------

      Code (inc. data)   RO Data    RW Data    ZI Data      Debug   Library Name

        40         10          0          0          0        128   m_wm.l
      5670        192         64         12          0       2968   mc_w.l
      1442          0          0          0          0       1288   mf_w.l

    ----------------------------------------------------------------------
      7166        206         66         12          0       4384   Library Totals

    ----------------------------------------------------------------------

==============================================================================


      Code (inc. data)   RO Data    RW Data    ZI Data      Debug   

     74752       9688       2372       3796      23244    1370366   Grand Totals
     74752       9688       2372        992      23244    1370366   ELF Image Totals (compressed)
     74752       9688       2372        992          0          0   ROM Totals

==============================================================================

    Total RO  Size (Code + RO Data)                77124 (  75.32kB)
    Total RW  Size (RW Data + ZI Data)             27040 (  26.41kB)
    Total ROM Size (Code + RO Data + RW Data)      78116 (  76.29kB)

==============================================================================

