Component: ARM Compiler 5.06 update 7 (build 960) Tool: armlink [4d3601]

==============================================================================

Section Cross References

    startup_stm32f407xx.o(RESET) refers to startup_stm32f407xx.o(STACK) for __initial_sp
    startup_stm32f407xx.o(RESET) refers to startup_stm32f407xx.o(.text) for Reset_Handler
    startup_stm32f407xx.o(RESET) refers to stm32f4xx_it.o(i.NMI_Handler) for NMI_Handler
    startup_stm32f407xx.o(RESET) refers to stm32f4xx_it.o(i.HardFault_Handler) for HardFault_Handler
    startup_stm32f407xx.o(RESET) refers to stm32f4xx_it.o(i.MemManage_Handler) for MemManage_Handler
    startup_stm32f407xx.o(RESET) refers to stm32f4xx_it.o(i.BusFault_Handler) for BusFault_Handler
    startup_stm32f407xx.o(RESET) refers to stm32f4xx_it.o(i.UsageFault_Handler) for UsageFault_Handler
    startup_stm32f407xx.o(RESET) refers to port.o(.emb_text) for SVC_Handler
    startup_stm32f407xx.o(RESET) refers to stm32f4xx_it.o(i.DebugMon_Handler) for DebugMon_Handler
    startup_stm32f407xx.o(RESET) refers to cmsis_os2.o(i.SysTick_Handler) for SysTick_Handler
    startup_stm32f407xx.o(RESET) refers to stm32f4xx_it.o(i.DMA1_Stream1_IRQHandler) for DMA1_Stream1_IRQHandler
    startup_stm32f407xx.o(RESET) refers to stm32f4xx_it.o(i.DMA1_Stream2_IRQHandler) for DMA1_Stream2_IRQHandler
    startup_stm32f407xx.o(RESET) refers to stm32f4xx_it.o(i.DMA1_Stream3_IRQHandler) for DMA1_Stream3_IRQHandler
    startup_stm32f407xx.o(RESET) refers to stm32f4xx_it.o(i.DMA1_Stream4_IRQHandler) for DMA1_Stream4_IRQHandler
    startup_stm32f407xx.o(RESET) refers to stm32f4xx_it.o(i.CAN1_RX0_IRQHandler) for CAN1_RX0_IRQHandler
    startup_stm32f407xx.o(RESET) refers to stm32f4xx_it.o(i.USART1_IRQHandler) for USART1_IRQHandler
    startup_stm32f407xx.o(RESET) refers to stm32f4xx_it.o(i.USART2_IRQHandler) for USART2_IRQHandler
    startup_stm32f407xx.o(RESET) refers to stm32f4xx_it.o(i.USART3_IRQHandler) for USART3_IRQHandler
    startup_stm32f407xx.o(RESET) refers to stm32f4xx_it.o(i.TIM5_IRQHandler) for TIM5_IRQHandler
    startup_stm32f407xx.o(RESET) refers to stm32f4xx_it.o(i.UART4_IRQHandler) for UART4_IRQHandler
    startup_stm32f407xx.o(RESET) refers to stm32f4xx_it.o(i.UART5_IRQHandler) for UART5_IRQHandler
    startup_stm32f407xx.o(RESET) refers to stm32f4xx_it.o(i.TIM6_DAC_IRQHandler) for TIM6_DAC_IRQHandler
    startup_stm32f407xx.o(RESET) refers to stm32f4xx_it.o(i.DMA2_Stream2_IRQHandler) for DMA2_Stream2_IRQHandler
    startup_stm32f407xx.o(RESET) refers to stm32f4xx_it.o(i.CAN2_RX0_IRQHandler) for CAN2_RX0_IRQHandler
    startup_stm32f407xx.o(RESET) refers to stm32f4xx_it.o(i.DMA2_Stream7_IRQHandler) for DMA2_Stream7_IRQHandler
    startup_stm32f407xx.o(.text) refers to system_stm32f4xx.o(i.SystemInit) for SystemInit
    startup_stm32f407xx.o(.text) refers to entry.o(.ARM.Collect$$$$00000000) for __main
    rs485.o(i.RS485_Init) refers to memseta.o(.text) for __aeabi_memclr4
    rs485.o(i.RS485_Init) refers to stm32f4xx_hal_gpio.o(i.HAL_GPIO_Init) for HAL_GPIO_Init
    rs485.o(i.RS485_Init) refers to rs485.o(i.RS485_SetRecvMode) for RS485_SetRecvMode
    rs485.o(i.RS485_Receive) refers to rs485.o(i.RS485_SetRecvMode) for RS485_SetRecvMode
    rs485.o(i.RS485_Receive) refers to stm32f4xx_hal_uart.o(i.HAL_UART_Receive) for HAL_UART_Receive
    rs485.o(i.RS485_Receive) refers to usart.o(.bss) for huart4
    rs485.o(i.RS485_Send) refers to printfa.o(i.__0printf) for __2printf
    rs485.o(i.RS485_Send) refers to stm32f4xx_hal_uart.o(i.HAL_UART_Transmit) for HAL_UART_Transmit
    rs485.o(i.RS485_Send) refers to stm32f4xx_hal_gpio.o(i.HAL_GPIO_WritePin) for HAL_GPIO_WritePin
    rs485.o(i.RS485_Send) refers to stm32f4xx_hal.o(i.HAL_Delay) for HAL_Delay
    rs485.o(i.RS485_Send) refers to rs485.o(i.RS485_SetRecvMode) for RS485_SetRecvMode
    rs485.o(i.RS485_Send) refers to usart.o(.bss) for huart1
    rs485.o(i.RS485_SetRecvMode) refers to stm32f4xx_hal_gpio.o(i.HAL_GPIO_WritePin) for HAL_GPIO_WritePin
    cjson.o(i.add_item_to_object) refers to cjson.o(i.cJSON_strdup) for cJSON_strdup
    cjson.o(i.add_item_to_object) refers to cjson.o(i.add_item_to_array) for add_item_to_array
    cjson.o(i.cJSON_AddArrayToObject) refers to cjson.o(i.cJSON_CreateArray) for cJSON_CreateArray
    cjson.o(i.cJSON_AddArrayToObject) refers to cjson.o(i.add_item_to_object) for add_item_to_object
    cjson.o(i.cJSON_AddArrayToObject) refers to cjson.o(i.cJSON_Delete) for cJSON_Delete
    cjson.o(i.cJSON_AddArrayToObject) refers to cjson.o(.data) for .data
    cjson.o(i.cJSON_AddBoolToObject) refers to cjson.o(i.cJSON_CreateBool) for cJSON_CreateBool
    cjson.o(i.cJSON_AddBoolToObject) refers to cjson.o(i.add_item_to_object) for add_item_to_object
    cjson.o(i.cJSON_AddBoolToObject) refers to cjson.o(i.cJSON_Delete) for cJSON_Delete
    cjson.o(i.cJSON_AddBoolToObject) refers to cjson.o(.data) for .data
[...]

    0x08000000   0x08000000   0x00000188   Data   RO            3    RESET               startup_stm32f407xx.o
    0x08000188   0x08000188   0x00000000   Code   RO         9483  * .ARM.Collect$$$$00000000  mc_w.l(entry.o)
    0x08000188   0x08000188   0x00000004   Code   RO         9823    .ARM.Collect$$$$00000001  mc_w.l(entry2.o)
    0x0800018c   0x0800018c   0x00000004   Code   RO         9826    .ARM.Collect$$$$00000004  mc_w.l(entry5.o)
    0x08000190   0x08000190   0x00000000   Code   RO         9828    .ARM.Collect$$$$00000008  mc_w.l(entry7b.o)
    0x08000190   0x08000190   0x00000000   Code   RO         9830    .ARM.Collect$$$$0000000A  mc_w.l(entry8b.o)
    0x08000190   0x08000190   0x00000008   Code   RO         9831    .ARM.Collect$$$$0000000B  mc_w.l(entry9a.o)
    0x08000198   0x08000198   0x00000004   Code   RO         9838    .ARM.Collect$$$$0000000E  mc_w.l(entry12b.o)
    0x0800019c   0x0800019c   0x00000000   Code   RO         9833    .ARM.Collect$$$$0000000F  mc_w.l(entry10a.o)
    0x0800019c   0x0800019c   0x00000000   Code   RO         9835    .ARM.Collect$$$$00000011  mc_w.l(entry11a.o)
    0x0800019c   0x0800019c   0x00000004   Code   RO         9824    .ARM.Collect$$$$00002712  mc_w.l(entry2.o)
    0x080001a0   0x080001a0   0x000000be   Code   RO         7105    .emb_text           port.o
    0x0800025e   0x0800025e   0x00000002   PAD
    0x08000260   0x08000260   0x00000024   Code   RO            4    .text               startup_stm32f407xx.o
    0x08000284   0x08000284   0x00000062   Code   RO         9486    .text               mc_w.l(uldiv.o)
    0x080002e6   0x080002e6   0x0000000c   Code   RO         9488    .text               mc_w.l(tolower.o)
    0x080002f2   0x080002f2   0x00000024   Code   RO         9490    .text               mc_w.l(memcpya.o)
    0x08000316   0x08000316   0x00000024   Code   RO         9494    .text               mc_w.l(memseta.o)
    0x0800033a   0x0800033a   0x0000000e   Code   RO         9496    .text               mc_w.l(strlen.o)
    0x08000348   0x08000348   0x0000001c   Code   RO         9498    .text               mc_w.l(strcmp.o)
    0x08000364   0x08000364   0x0000001a   Code   RO         9500    .text               mc_w.l(memcmp.o)
    0x0800037e   0x0800037e   0x0000001e   Code   RO         9504    .text               mc_w.l(strncmp.o)
    0x0800039c   0x0800039c   0x00000038   Code   RO         9797    .text               mc_w.l(__0sscanf.o)
    0x080003d4   0x080003d4   0x0000014c   Code   RO         9799    .text               mc_w.l(_scanf_int.o)
    0x08000520   0x08000520   0x00000360   Code   RO         9801    .text               mc_w.l(scanf_fp.o)
    0x08000880   0x08000880   0x0000014e   Code   RO         9805    .text               mf_w.l(dadd.o)
    0x080009ce   0x080009ce   0x000000e4   Code   RO         9807    .text               mf_w.l(dmul.o)
    0x08000ab2   0x08000ab2   0x0000001a   Code   RO         9811    .text               mf_w.l(dfltui.o)
    0x08000acc   0x08000acc   0x0000003e   Code   RO         9813    .text               mf_w.l(dfixi.o)
    0x08000b0a   0x08000b0a   0x00000032   Code   RO         9815    .text               mf_w.l(dfixui.o)
    0x08000b3c   0x08000b3c   0x00000030   Code   RO         9819    .text               mf_w.l(cdcmple.o)
    0x08000b6c   0x08000b6c   0x00000030   Code   RO         9821    .text               mf_w.l(cdrcmple.o)
    0x08000b9c   0x08000b9c   0x0000002c   Code   RO         9840    .text               mc_w.l(uidiv.o)
    0x08000bc8   0x08000bc8   0x0000001e   Code   RO         9842    .text               mc_w.l(llshl.o)
    0x08000be6   0x08000be6   0x00000020   Code   RO         9844    .text               mc_w.l(llushr.o)
    0x08000c06   0x08000c06   0x00000024   Code   RO         9846    .text               mc_w.l(llsshr.o)
    0x08000c2a   0x08000c2a   0x0000001c   Code   RO         9850    .text               mc_w.l(_chval.o)
    0x08000c46   0x08000c46   0x00000002   PAD
    0x08000c48   0x08000c48   0x00000028   Code   RO         9852    .text               mc_w.l(scanf_char.o)
    0x08000c70   0x08000c70   0x00000040   Code   RO         9854    .text               mc_w.l(_sgetc.o)
    0x08000cb0   0x08000cb0   0x0000009c   Code   RO         9856    .text               mc_w.l(strtod.o)
    0x08000d4c   0x08000d4c   0x00000000   Code   RO         9858    .text               mc_w.l(iusefp.o)
    0x08000d4c   0x08000d4c   0x000000ba   Code   RO         9859    .text               mf_w.l(depilogue.o)
    0x08000e06   0x08000e06   0x000000de   Code   RO         9861    .text               mf_w.l(ddiv.o)
    0x08000ee4   0x08000ee4   0x00000018   Code   RO         9863    .text               mf_w.l(dfltul.o)
    0x08000efc   0x08000efc   0x00000030   Code   RO         9865    .text               mf_w.l(dfixul.o)
    0x08000f2c   0x08000f2c   0x00000038   Code   RO         9867    .text               mf_w.l(d2f.o)
    0x08000f64   0x08000f64   0x00000024   Code   RO         9869    .text               mc_w.l(init.o)
    0x08000f88   0x08000f88   0x0000000a   Code   RO         9871    .text               mc_w.l(isspace_c.o)
    0x08000f92   0x08000f92   0x00000002   PAD
    0x08000f94   0x08000f94   0x00000330   Code   RO         9873    .text               mc_w.l(_scanf.o)
    0x080012c4   0x080012c4   0x0000006e   Code   RO         9875    .text               mf_w.l(fepilogue.o)
    0x08001332   0x08001332   0x00000002   PAD
    0x08001334   0x08001334   0x00000028   Code   RO         9877    .text               mc_w.l(ctype_c.o)
    0x0800135c   0x0800135c   0x00000056   Code   RO         9888    .text               mc_w.l(__dczerorl2.o)
    0x080013b2   0x080013b2   0x00000002   PAD
    0x080013b4   0x080013b4   0x00000128   Code   RO         2105    i.ADC_Init          stm32f4xx_hal_adc.o
    0x080014dc   0x080014dc   0x00000010   Code   RO         1000    i.Board_Pwr_12V_Enable  gpio.o
    0x080014ec   0x080014ec   0x00000010   Code   RO         1002    i.Board_Pwr_19V_Enable  gpio.o
    0x080014fc   0x080014fc   0x00000010   Code   RO         1004    i.Board_Pwr_24V_Enable  gpio.o
    0x0800150c   0x0800150c   0x00000010   Code   RO         1006    i.Board_Pwr_3V3_Enable  gpio.o
    0x0800151c   0x0800151c   0x00000010   Code   RO         1008    i.Board_Pwr_5V_Enable  gpio.o
    0x0800152c   0x0800152c   0x0000003c   Code   RO         1009    i.Board_Pwr_Sequence_Enable  gpio.o
    0x08001568   0x08001568   0x00000002   Code   RO         1814    i.BusFault_Handler  stm32f4xx_it.o
    0x0800156a   0x0800156a   0x00000002   PAD
    0x0800156c   0x0800156c   0x0000000c   Code   RO         1815    i.CAN1_RX0_IRQHandler  stm32f4xx_it.o
    0x08001578   0x08001578   0x0000000c   Code   RO         1816    i.CAN2_RX0_IRQHandler  stm32f4xx_it.o
    0x08001584   0x08001584   0x0000002c   Code   RO         8624    i.ConsumerHeartbeatAlarm  lifegrd.o
    0x080015b0   0x080015b0   0x000000a0   Code   RO         8819    i.CopyBits          pdo.o
    0x08001650   0x08001650   0x0000000c   Code   RO         1817    i.DMA1_Stream1_IRQHandler  stm32f4xx_it.o
    0x0800165c   0x0800165c   0x0000000c   Code   RO         1818    i.DMA1_Stream2_IRQHandler  stm32f4xx_it.o
    0x08001668   0x08001668   0x0000000c   Code   RO         1819    i.DMA1_Stream3_IRQHandler  stm32f4xx_it.o
    0x08001674   0x08001674   0x0000000c   Code   RO         1820    i.DMA1_Stream4_IRQHandler  stm32f4xx_it.o
    0x08001680   0x08001680   0x0000000c   Code   RO         1821    i.DMA2_Stream2_IRQHandler  stm32f4xx_it.o
    0x0800168c   0x0800168c   0x0000000c   Code   RO         1822    i.DMA2_Stream7_IRQHandler  stm32f4xx_it.o
    0x08001698   0x08001698   0x00000028   Code   RO         2839    i.DMA_CalcBaseAndBitshift  stm32f4xx_hal_dma.o
    0x080016c0   0x080016c0   0x00000054   Code   RO         2840    i.DMA_CheckFifoParam  stm32f4xx_hal_dma.o
    0x08001714   0x08001714   0x00000028   Code   RO         2841    i.DMA_SetConfig     stm32f4xx_hal_dma.o
    0x0800173c   0x0800173c   0x00000002   Code   RO         1823    i.DebugMon_Handler  stm32f4xx_it.o
    0x0800173e   0x0800173e   0x00000002   PAD
    0x08001740   0x08001740   0x0000002c   Code   RO         9233    i.DelAlarm          timer.o
    0x0800176c   0x0800176c   0x00000004   Code   RO          853    i.Error_Handler     main.o
    0x08001770   0x08001770   0x00000040   Code   RO         8920    i.GetSDOClientFromNodeId  sdo.o
    0x080017b0   0x080017b0   0x00000062   Code   RO         8625    i.GuardTimeAlarm    lifegrd.o
    0x08001812   0x08001812   0x00000002   PAD
    0x08001814   0x08001814   0x0000014c   Code   RO         2107    i.HAL_ADC_ConfigChannel  stm32f4xx_hal_adc.o
    0x08001960   0x08001960   0x00000054   Code   RO         2116    i.HAL_ADC_Init      stm32f4xx_hal_adc.o
    0x080019b4   0x080019b4   0x00000080   Code   RO         1472    i.HAL_ADC_MspInit   adc.o
    0x08001a34   0x08001a34   0x00000024   Code   RO         3513    i.HAL_CAN_ActivateNotification  stm32f4xx_hal_can.o
    0x08001a58   0x08001a58   0x000000dc   Code   RO         3514    i.HAL_CAN_AddTxMessage  stm32f4xx_hal_can.o
    0x08001b34   0x08001b34   0x0000010c   Code   RO         3515    i.HAL_CAN_ConfigFilter  stm32f4xx_hal_can.o
    0x08001c40   0x08001c40   0x00000002   Code   RO         3518    i.HAL_CAN_ErrorCallback  stm32f4xx_hal_can.o
    0x08001c42   0x08001c42   0x000000e8   Code   RO         3521    i.HAL_CAN_GetRxMessage  stm32f4xx_hal_can.o
    0x08001d2a   0x08001d2a   0x000001fc   Code   RO         3525    i.HAL_CAN_IRQHandler  stm32f4xx_hal_can.o
    0x08001f26   0x08001f26   0x0000011a   Code   RO         3526    i.HAL_CAN_Init      stm32f4xx_hal_can.o
    0x08002040   0x08002040   0x000000fc   Code   RO         1560    i.HAL_CAN_MspInit   can.o
    0x0800213c   0x0800213c   0x00000002   Code   RO         3533    i.HAL_CAN_RxFifo0FullCallback  stm32f4xx_hal_can.o
    0x0800213e   0x0800213e   0x00000002   PAD
    0x08002140   0x08002140   0x00000114   Code   RO         1561    i.HAL_CAN_RxFifo0MsgPendingCallback  can.o
    0x08002254   0x08002254   0x00000002   Code   RO         3535    i.HAL_CAN_RxFifo1FullCallback  stm32f4xx_hal_can.o
    0x08002256   0x08002256   0x00000002   Code   RO         3536    i.HAL_CAN_RxFifo1MsgPendingCallback  stm32f4xx_hal_can.o
    0x08002258   0x08002258   0x00000002   Code   RO         3537    i.HAL_CAN_SleepCallback  stm32f4xx_hal_can.o
    0x0800225a   0x0800225a   0x00000002   PAD
    0x0800225c   0x0800225c   0x00000058   Code   RO         3538    i.HAL_CAN_Start     stm32f4xx_hal_can.o
    0x080022b4   0x080022b4   0x00000002   Code   RO         3540    i.HAL_CAN_TxMailbox0AbortCallback  stm32f4xx_hal_can.o
    0x080022b6   0x080022b6   0x00000002   Code   RO         3541    i.HAL_CAN_TxMailbox0CompleteCallback  stm32f4xx_hal_can.o
    0x080022b8   0x080022b8   0x00000002   Code   RO         3542    i.HAL_CAN_TxMailbox1AbortCallback  stm32f4xx_hal_can.o
    0x080022ba   0x080022ba   0x00000002   Code   RO         3543    i.HAL_CAN_TxMailbox1CompleteCallback  stm32f4xx_hal_can.o
    0x080022bc   0x080022bc   0x00000002   Code   RO         3544    i.HAL_CAN_TxMailbox2AbortCallback  stm32f4xx_hal_can.o
    0x080022be   0x080022be   0x00000002   Code   RO         3545    i.HAL_CAN_TxMailbox2CompleteCallback  stm32f4xx_hal_can.o
    0x080022c0   0x080022c0   0x00000002   Code   RO         3547    i.HAL_CAN_WakeUpFromRxMsgCallback  stm32f4xx_hal_can.o
    0x080022c2   0x080022c2   0x00000092   Code   RO         2842    i.HAL_DMA_Abort     stm32f4xx_hal_dma.o
    0x08002354   0x08002354   0x00000024   Code   RO         2843    i.HAL_DMA_Abort_IT  stm32f4xx_hal_dma.o
    0x08002378   0x08002378   0x000001a0   Code   RO         2847    i.HAL_DMA_IRQHandler  stm32f4xx_hal_dma.o
    0x08002518   0x08002518   0x000000d4   Code   RO         2848    i.HAL_DMA_Init      stm32f4xx_hal_dma.o
    0x080025ec   0x080025ec   0x0000006e   Code   RO         2852    i.HAL_DMA_Start_IT  stm32f4xx_hal_dma.o
    0x0800265a   0x0800265a   0x00000002   PAD
    0x0800265c   0x0800265c   0x00000024   Code   RO         3261    i.HAL_Delay         stm32f4xx_hal.o
    0x08002680   0x08002680   0x000001f0   Code   RO         2735    i.HAL_GPIO_Init     stm32f4xx_hal_gpio.o
    0x08002870   0x08002870   0x0000000a   Code   RO         2739    i.HAL_GPIO_WritePin  stm32f4xx_hal_gpio.o
    0x0800287a   0x0800287a   0x00000002   PAD
    0x0800287c   0x0800287c   0x0000000c   Code   RO         3267    i.HAL_GetTick       stm32f4xx_hal.o
    0x08002888   0x08002888   0x00000032   Code   RO         5041    i.HAL_HalfDuplex_EnableReceiver  stm32f4xx_hal_uart.o
    0x080028ba   0x080028ba   0x00000032   Code   RO         5042    i.HAL_HalfDuplex_EnableTransmitter  stm32f4xx_hal_uart.o
    0x080028ec   0x080028ec   0x00000010   Code   RO         3273    i.HAL_IncTick       stm32f4xx_hal.o
    0x080028fc   0x080028fc   0x00000034   Code   RO         3274    i.HAL_Init          stm32f4xx_hal.o
    0x08002930   0x08002930   0x00000074   Code   RO         1986    i.HAL_InitTick      stm32f4xx_hal_timebase_tim.o
    0x080029a4   0x080029a4   0x00000038   Code   RO         1962    i.HAL_MspInit       stm32f4xx_hal_msp.o
    0x080029dc   0x080029dc   0x0000001a   Code   RO         3124    i.HAL_NVIC_EnableIRQ  stm32f4xx_hal_cortex.o
    0x080029f6   0x080029f6   0x00000002   PAD
    0x080029f8   0x080029f8   0x00000040   Code   RO         3130    i.HAL_NVIC_SetPriority  stm32f4xx_hal_cortex.o
    0x08002a38   0x08002a38   0x00000024   Code   RO         3131    i.HAL_NVIC_SetPriorityGrouping  stm32f4xx_hal_cortex.o
    0x08002a5c   0x08002a5c   0x00000134   Code   RO         2381    i.HAL_RCC_ClockConfig  stm32f4xx_hal_rcc.o
    0x08002b90   0x08002b90   0x00000040   Code   RO         2385    i.HAL_RCC_GetClockConfig  stm32f4xx_hal_rcc.o
    0x08002bd0   0x08002bd0   0x00000020   Code   RO         2388    i.HAL_RCC_GetPCLK1Freq  stm32f4xx_hal_rcc.o
    0x08002bf0   0x08002bf0   0x00000020   Code   RO         2389    i.HAL_RCC_GetPCLK2Freq  stm32f4xx_hal_rcc.o
    0x08002c10   0x08002c10   0x0000004c   Code   RO         2390    i.HAL_RCC_GetSysClockFreq  stm32f4xx_hal_rcc.o
    0x08002c5c   0x08002c5c   0x0000036c   Code   RO         2393    i.HAL_RCC_OscConfig  stm32f4xx_hal_rcc.o
    0x08002fc8   0x08002fc8   0x000000bc   Code   RO         3757    i.HAL_SPI_Init      stm32f4xx_hal_spi.o
    0x08003084   0x08003084   0x0000006c   Code   RO         1679    i.HAL_SPI_MspInit   spi.o
    0x080030f0   0x080030f0   0x000001e2   Code   RO         3766    i.HAL_SPI_TransmitReceive  stm32f4xx_hal_spi.o
    0x080032d2   0x080032d2   0x00000002   Code   RO         4774    i.HAL_TIMEx_BreakCallback  stm32f4xx_hal_tim_ex.o
    0x080032d4   0x080032d4   0x00000002   Code   RO         4775    i.HAL_TIMEx_CommutCallback  stm32f4xx_hal_tim_ex.o
    0x080032d6   0x080032d6   0x00000002   PAD
    0x080032d8   0x080032d8   0x00000090   Code   RO         4793    i.HAL_TIMEx_MasterConfigSynchronization  stm32f4xx_hal_tim_ex.o
    0x08003368   0x08003368   0x0000005a   Code   RO         4070    i.HAL_TIM_Base_Init  stm32f4xx_hal_tim.o
    0x080033c2   0x080033c2   0x00000002   PAD
    0x080033c4   0x080033c4   0x0000003c   Code   RO          800    i.HAL_TIM_Base_MspInit  tim.o
    0x08003400   0x08003400   0x00000080   Code   RO         4075    i.HAL_TIM_Base_Start_IT  stm32f4xx_hal_tim.o
    0x08003480   0x08003480   0x000000dc   Code   RO         4079    i.HAL_TIM_ConfigClockSource  stm32f4xx_hal_tim.o
    0x0800355c   0x0800355c   0x00000002   Code   RO         4104    i.HAL_TIM_IC_CaptureCallback  stm32f4xx_hal_tim.o
    0x0800355e   0x0800355e   0x00000166   Code   RO         4118    i.HAL_TIM_IRQHandler  stm32f4xx_hal_tim.o
    0x080036c4   0x080036c4   0x00000002   Code   RO         4121    i.HAL_TIM_OC_DelayElapsedCallback  stm32f4xx_hal_tim.o
    0x080036c6   0x080036c6   0x00000056   Code   RO         4135    i.HAL_TIM_OnePulse_Init  stm32f4xx_hal_tim.o
    0x0800371c   0x0800371c   0x00000002   Code   RO         4137    i.HAL_TIM_OnePulse_MspInit  stm32f4xx_hal_tim.o
    0x0800371e   0x0800371e   0x00000002   Code   RO         4148    i.HAL_TIM_PWM_PulseFinishedCallback  stm32f4xx_hal_tim.o
    0x08003720   0x08003720   0x00000038   Code   RO         9429    i.HAL_TIM_PeriodElapsedCallback  timer5.o
    0x08003758   0x08003758   0x00000002   Code   RO         4161    i.HAL_TIM_TriggerCallback  stm32f4xx_hal_tim.o
    0x0800375a   0x0800375a   0x00000056   Code   RO         5050    i.HAL_UARTEx_ReceiveToIdle_DMA  stm32f4xx_hal_uart.o
    0x080037b0   0x080037b0   0x000000a4   Code   RO         8464    i.HAL_UARTEx_RxEventCallback  uartcallback.o
    0x08003854   0x08003854   0x00000002   Code   RO         5056    i.HAL_UART_AbortReceiveCpltCallback  stm32f4xx_hal_uart.o
    0x08003856   0x08003856   0x00000002   PAD
    0x08003858   0x08003858   0x00000098   Code   RO         5057    i.HAL_UART_AbortReceive_IT  stm32f4xx_hal_uart.o
    0x080038f0   0x080038f0   0x00000070   Code   RO         5064    i.HAL_UART_DMAStop  stm32f4xx_hal_uart.o
    0x08003960   0x08003960   0x00000060   Code   RO         8465    i.HAL_UART_ErrorCallback  uartcallback.o
    0x080039c0   0x080039c0   0x0000000a   Code   RO         5068    i.HAL_UART_GetState  stm32f4xx_hal_uart.o
    0x080039ca   0x080039ca   0x00000002   PAD
    0x080039cc   0x080039cc   0x00000268   Code   RO         5069    i.HAL_UART_IRQHandler  stm32f4xx_hal_uart.o
    0x08003c34   0x08003c34   0x00000062   Code   RO         5070    i.HAL_UART_Init     stm32f4xx_hal_uart.o
    0x08003c96   0x08003c96   0x00000002   PAD
    0x08003c98   0x08003c98   0x000003a8   Code   RO         1721    i.HAL_UART_MspInit  usart.o
    0x08004040   0x08004040   0x0000002a   Code   RO         5075    i.HAL_UART_Receive_IT  stm32f4xx_hal_uart.o
    0x0800406a   0x0800406a   0x00000002   PAD
    0x0800406c   0x0800406c   0x00000084   Code   RO         8466    i.HAL_UART_RxCpltCallback  uartcallback.o
    0x080040f0   0x080040f0   0x00000002   Code   RO         5077    i.HAL_UART_RxHalfCpltCallback  stm32f4xx_hal_uart.o
    0x080040f2   0x080040f2   0x00000002   PAD
    0x080040f4   0x080040f4   0x000000b2   Code   RO         5078    i.HAL_UART_Transmit  stm32f4xx_hal_uart.o
    0x080041a6   0x080041a6   0x00000002   PAD
    0x080041a8   0x080041a8   0x0000008c   Code   RO         5079    i.HAL_UART_Transmit_DMA  stm32f4xx_hal_uart.o
    0x08004234   0x08004234   0x0000003e   Code   RO         5080    i.HAL_UART_Transmit_IT  stm32f4xx_hal_uart.o
    0x08004272   0x08004272   0x00000002   PAD
    0x08004274   0x08004274   0x0000005c   Code   RO         8467    i.HAL_UART_TxCpltCallback  uartcallback.o
    0x080042d0   0x080042d0   0x00000002   Code   RO         5082    i.HAL_UART_TxHalfCpltCallback  stm32f4xx_hal_uart.o
    0x080042d2   0x080042d2   0x00000002   Code   RO         1824    i.HardFault_Handler  stm32f4xx_it.o
    0x080042d4   0x080042d4   0x00000138   Code   RO         9265    i.Kinco_Ctrl_scanIndexOD  kinco_ctrl.o
    0x0800440c   0x0800440c   0x00000014   Code   RO         9266    i.Kinco_Ctrl_valueRangeTest  kinco_ctrl.o
    0x08004420   0x08004420   0x000000b4   Code   RO         2025    i.Kinco_Disable_PDO  servo.o
    0x080044d4   0x080044d4   0x00000118   Code   RO         2026    i.Kinco_Enable_PDO  servo.o
    0x080045ec   0x080045ec   0x0000005c   Code   RO         2027    i.Kinco_MasterNode_Init  servo.o
    0x08004648   0x08004648   0x000000c8   Code   RO         2028    i.Kinco_MovPos_PDO  servo.o
    0x08004710   0x08004710   0x00000058   Code   RO         2029    i.Kinco_SetVel_PDO  servo.o
    0x08004768   0x08004768   0x00000884   Code   RO         2030    i.Kinco_Setup       servo.o
    0x08004fec   0x08004fec   0x000000c0   Code   RO         1154    i.LeftGripperTask   freertos.o
    0x080050ac   0x080050ac   0x00000064   Code   RO         1014    i.Lift_Hold         gpio.o
    0x08005110   0x08005110   0x00000012   Code   RO         7675    i.MQTTCleanSession  mqttclient.o
    0x08005122   0x08005122   0x00000002   PAD
    0x08005124   0x08005124   0x0000004c   Code   RO         7676    i.MQTTClientInit    mqttclient.o
    0x08005170   0x08005170   0x00000012   Code   RO         7677    i.MQTTCloseSession  mqttclient.o
    0x08005182   0x08005182   0x0000000a   Code   RO         7678    i.MQTTConnect       mqttclient.o
    0x0800518c   0x0800518c   0x0000009c   Code   RO         7679    i.MQTTConnectWithResults  mqttclient.o
    0x08005228   0x08005228   0x00000048   Code   RO         7872    i.MQTTDeserialize_ack  mqttdeserializepublish.o
    0x08005270   0x08005270   0x0000005c   Code   RO         7806    i.MQTTDeserialize_connack  mqttconnectclient.o
    0x080052cc   0x080052cc   0x0000008c   Code   RO         7873    i.MQTTDeserialize_publish  mqttdeserializepublish.o
    0x08005358   0x08005358   0x0000007c   Code   RO         8098    i.MQTTDeserialize_suback  mqttsubscribeclient.o
    0x080053d4   0x080053d4   0x00000036   Code   RO         7680    i.MQTTDisconnect    mqttclient.o
    0x0800540a   0x0800540a   0x00000036   Code   RO         7948    i.MQTTPacket_decode  mqttpacket.o
    0x08005440   0x08005440   0x00000014   Code   RO         7949    i.MQTTPacket_decodeBuf  mqttpacket.o
    0x08005454   0x08005454   0x0000002a   Code   RO         7950    i.MQTTPacket_encode  mqttpacket.o
    0x0800547e   0x0800547e   0x00000034   Code   RO         7951    i.MQTTPacket_equals  mqttpacket.o
    0x080054b2   0x080054b2   0x00000002   PAD
    0x080054b4   0x080054b4   0x00000028   Code   RO         7952    i.MQTTPacket_len    mqttpacket.o
    0x080054dc   0x080054dc   0x000000c4   Code   RO         7682    i.MQTTPublish       mqttclient.o
    0x080055a0   0x080055a0   0x00000048   Code   RO         8056    i.MQTTSerialize_ack  mqttserializepublish.o
    0x080055e8   0x080055e8   0x00000118   Code   RO         7807    i.MQTTSerialize_connect  mqttconnectclient.o
    0x08005700   0x08005700   0x00000076   Code   RO         7808    i.MQTTSerialize_connectLength  mqttconnectclient.o
    0x08005776   0x08005776   0x00000006   Code   RO         7809    i.MQTTSerialize_disconnect  mqttconnectclient.o
    0x0800577c   0x0800577c   0x00000006   Code   RO         7810    i.MQTTSerialize_pingreq  mqttconnectclient.o
    0x08005782   0x08005782   0x00000086   Code   RO         8059    i.MQTTSerialize_publish  mqttserializepublish.o
    0x08005808   0x08005808   0x0000001e   Code   RO         8060    i.MQTTSerialize_publishLength  mqttserializepublish.o
    0x08005826   0x08005826   0x00000002   PAD
    0x08005828   0x08005828   0x0000008c   Code   RO         8099    i.MQTTSerialize_subscribe  mqttsubscribeclient.o
    0x080058b4   0x080058b4   0x0000002e   Code   RO         8100    i.MQTTSerialize_subscribeLength  mqttsubscribeclient.o
    0x080058e2   0x080058e2   0x00000032   Code   RO         7811    i.MQTTSerialize_zero  mqttconnectclient.o
    0x08005914   0x08005914   0x00000076   Code   RO         7684    i.MQTTSetMessageHandler  mqttclient.o
    0x0800598a   0x0800598a   0x0000000c   Code   RO         7685    i.MQTTSubscribe     mqttclient.o
    0x08005996   0x08005996   0x000000ac   Code   RO         7686    i.MQTTSubscribeWithResults  mqttclient.o
    0x08005a42   0x08005a42   0x00000036   Code   RO         7688    i.MQTTYield         mqttclient.o
    0x08005a78   0x08005a78   0x0000000e   Code   RO         7955    i.MQTTstrlen        mqttpacket.o
    0x08005a86   0x08005a86   0x00000002   PAD
    0x08005a88   0x08005a88   0x00000094   Code   RO         1473    i.MX_ADC1_Init      adc.o
    0x08005b1c   0x08005b1c   0x00000060   Code   RO         1562    i.MX_CAN1_Init      can.o
    0x08005b7c   0x08005b7c   0x00000064   Code   RO         1563    i.MX_CAN2_Init      can.o
    0x08005be0   0x08005be0   0x0000008c   Code   RO         1654    i.MX_DMA_Init       dma.o
    0x08005c6c   0x08005c6c   0x00000134   Code   RO         1155    i.MX_FREERTOS_Init  freertos.o
    0x08005da0   0x08005da0   0x0000018c   Code   RO         1016    i.MX_GPIO_Init      gpio.o
    0x08005f2c   0x08005f2c   0x0000009c   Code   RO         1156    i.MX_Modbus_Init    freertos.o
    0x08005fc8   0x08005fc8   0x00000044   Code   RO         1680    i.MX_SPI2_Init      spi.o
    0x0800600c   0x0800600c   0x00000078   Code   RO          801    i.MX_TIM5_Init      tim.o
    0x08006084   0x08006084   0x00000038   Code   RO         1722    i.MX_UART4_Init     usart.o
    0x080060bc   0x080060bc   0x00000044   Code   RO         1723    i.MX_UART5_Init     usart.o
    0x08006100   0x08006100   0x00000038   Code   RO         1724    i.MX_USART1_UART_Init  usart.o
    0x08006138   0x08006138   0x00000044   Code   RO         1725    i.MX_USART2_UART_Init  usart.o
    0x0800617c   0x0800617c   0x00000038   Code   RO         1726    i.MX_USART3_UART_Init  usart.o
    0x080061b4   0x080061b4   0x00000002   Code   RO         1825    i.MemManage_Handler  stm32f4xx_it.o
    0x080061b6   0x080061b6   0x00000002   PAD
    0x080061b8   0x080061b8   0x000000ec   Code   RO         8279    i.ModbusInit        modbus.o
    0x080062a4   0x080062a4   0x00000028   Code   RO         8280    i.ModbusQuery       modbus.o
    0x080062cc   0x080062cc   0x00000098   Code   RO         8282    i.ModbusStart       modbus.o
    0x08006364   0x08006364   0x00000002   Code   RO         1826    i.NMI_Handler       stm32f4xx_it.o
    0x08006366   0x08006366   0x00000002   PAD
    0x08006368   0x08006368   0x0000022c   Code   RO         8185    i.NetworkConnect    mqtt_network.o
    0x08006594   0x08006594   0x00000006   Code   RO         8186    i.NetworkDisconnect  mqtt_network.o
    0x0800659a   0x0800659a   0x00000002   PAD
    0x0800659c   0x0800659c   0x00000020   Code   RO         8187    i.NetworkInit       mqtt_network.o
    0x080065bc   0x080065bc   0x0000000a   Code   RO         9176    i.OnCOB_ID_SyncUpdate  sync.o
    0x080065c6   0x080065c6   0x00000002   PAD
    0x080065c8   0x080065c8   0x00000038   Code   RO         8626    i.OnHeartbeatProducerUpdate  lifegrd.o
    0x08006600   0x08006600   0x00000012   Code   RO         8627    i.OnNodeGuardUpdate  lifegrd.o
    0x08006612   0x08006612   0x00000002   PAD
    0x08006614   0x08006614   0x00000028   Code   RO         8572    i.OnNumberOfErrorsUpdate  emcy.o
    0x0800663c   0x0800663c   0x00000028   Code   RO         8822    i.PDOEventTimerAlarm  pdo.o
    0x08006664   0x08006664   0x0000002a   Code   RO         8823    i.PDOInhibitTimerAlarm  pdo.o
    0x0800668e   0x0800668e   0x00000002   PAD
    0x08006690   0x08006690   0x00000058   Code   RO         8824    i.PDOInit           pdo.o
    0x080066e8   0x080066e8   0x00000068   Code   RO         8825    i.PDOStop           pdo.o
    0x08006750   0x08006750   0x00000044   Code   RO         8628    i.ProducerHeartbeatAlarm  lifegrd.o
    0x08006794   0x08006794   0x00000048   Code   RO           13    i.RS485_Init        rs485.o
    0x080067dc   0x080067dc   0x00000014   Code   RO           16    i.RS485_SetRecvMode  rs485.o
    0x080067f0   0x080067f0   0x00000026   Code   RO         8783    i.RegisterSetODentryCallBack  objacces.o
    0x08006816   0x08006816   0x00000002   PAD
    0x08006818   0x08006818   0x000000c8   Code   RO         1157    i.RightGripperTask  freertos.o
    0x080068e0   0x080068e0   0x0000003e   Code   RO         8283    i.RingAdd           modbus.o
    0x0800691e   0x0800691e   0x0000000e   Code   RO         8284    i.RingClear         modbus.o
    0x0800692c   0x0800692c   0x00000008   Code   RO         8286    i.RingGetAllBytes   modbus.o
    0x08006934   0x08006934   0x00000056   Code   RO         8287    i.RingGetNBytes     modbus.o
    0x0800698a   0x0800698a   0x00000002   PAD
    0x0800698c   0x0800698c   0x00000080   Code   RO         8921    i.SDOTimeoutAlarm   sdo.o
    0x08006a0c   0x08006a0c   0x0000008a   Code   RO         2031    i.SDO_ReadRequest   servo.o
    0x08006a96   0x08006a96   0x0000005e   Code   RO         2032    i.SDO_WriteRequest  servo.o
    0x08006af4   0x08006af4   0x00000034   Code   RO         8922    i.SDOlineToObjdict  sdo.o
    0x08006b28   0x08006b28   0x0000003a   Code   RO         8923    i.SDOtoLine         sdo.o
    0x08006b62   0x08006b62   0x00000002   PAD
    0x08006b64   0x08006b64   0x00000058   Code   RO         3795    i.SPI_EndRxTxTransaction  stm32f4xx_hal_spi.o
    0x08006bbc   0x08006bbc   0x000000b8   Code   RO         3800    i.SPI_WaitFlagStateUntilTimeout  stm32f4xx_hal_spi.o
    0x08006c74   0x08006c74   0x00000164   Code   RO         8288    i.SendQuery         modbus.o
    0x08006dd8   0x08006dd8   0x00000090   Code   RO         9234    i.SetAlarm          timer.o
    0x08006e68   0x08006e68   0x000001f0   Code   RO         1158    i.StartCan1TestTask  freertos.o
    0x08007058   0x08007058   0x000000e4   Code   RO         1159    i.StartCan2TestTask  freertos.o
    0x0800713c   0x0800713c   0x0000028c   Code   RO         1164    i.StartMqttTask     freertos.o
    0x080073c8   0x080073c8   0x00000164   Code   RO         8289    i.StartTaskModbusMaster  modbus.o
    0x0800752c   0x0800752c   0x00000198   Code   RO         8290    i.StartTaskModbusSlave  modbus.o
    0x080076c4   0x080076c4   0x00000004   Code   RO         9177    i.SyncAlarm         sync.o
    0x080076c8   0x080076c8   0x0000001a   Code   RO         6537    i.SysTick_Handler   cmsis_os2.o
    0x080076e2   0x080076e2   0x00000002   PAD
    0x080076e4   0x080076e4   0x00000098   Code   RO          854    i.SystemClock_Config  main.o
    0x0800777c   0x0800777c   0x00000010   Code   RO         5399    i.SystemInit        system_stm32f4xx.o
    0x0800778c   0x0800778c   0x0000000c   Code   RO         1827    i.TIM5_IRQHandler   stm32f4xx_it.o
    0x08007798   0x08007798   0x00000040   Code   RO         9430    i.TIM5_Init         timer5.o
    0x080077d8   0x080077d8   0x0000000c   Code   RO         1828    i.TIM6_DAC_IRQHandler  stm32f4xx_it.o
    0x080077e4   0x080077e4   0x000000c8   Code   RO         4163    i.TIM_Base_SetConfig  stm32f4xx_hal_tim.o
    0x080078ac   0x080078ac   0x00000014   Code   RO         4174    i.TIM_ETR_SetConfig  stm32f4xx_hal_tim.o
    0x080078c0   0x080078c0   0x00000010   Code   RO         4175    i.TIM_ITRx_SetConfig  stm32f4xx_hal_tim.o
    0x080078d0   0x080078d0   0x00000022   Code   RO         4181    i.TIM_TI1_ConfigInputStage  stm32f4xx_hal_tim.o
    0x080078f2   0x080078f2   0x00000024   Code   RO         4183    i.TIM_TI2_ConfigInputStage  stm32f4xx_hal_tim.o
    0x08007916   0x08007916   0x00000066   Code   RO         8826    i.TPDO_Communication_Parameter_Callback  pdo.o
    0x0800797c   0x0800797c   0x00000098   Code   RO         9235    i.TimeDispatch      timer.o
    0x08007a14   0x08007a14   0x0000000c   Code   RO         1167    i.Timer200msLeft_Callback  freertos.o
    0x08007a20   0x08007a20   0x0000000c   Code   RO         1168    i.Timer200msRight_Callback  freertos.o
    0x08007a2c   0x08007a2c   0x0000000c   Code   RO         1169    i.Timer50msLeft_Callback  freertos.o
    0x08007a38   0x08007a38   0x0000000c   Code   RO         1170    i.Timer50msRight_Callback  freertos.o
    0x08007a44   0x08007a44   0x00000018   Code   RO         6538    i.TimerCallback     cmsis_os2.o
    0x08007a5c   0x08007a5c   0x00000016   Code   RO         8240    i.TimerCountdown    mqtt_timer.o
    0x08007a72   0x08007a72   0x00000010   Code   RO         8241    i.TimerCountdownMS  mqtt_timer.o
    0x08007a82   0x08007a82   0x00000010   Code   RO         8242    i.TimerInit         mqtt_timer.o
    0x08007a92   0x08007a92   0x0000001a   Code   RO         8243    i.TimerIsExpired    mqtt_timer.o
    0x08007aac   0x08007aac   0x0000001a   Code   RO         8244    i.TimerLeftMS       mqtt_timer.o
    0x08007ac6   0x08007ac6   0x00000002   PAD
    0x08007ac8   0x08007ac8   0x0000000c   Code   RO         1829    i.UART4_IRQHandler  stm32f4xx_it.o
    0x08007ad4   0x08007ad4   0x0000000c   Code   RO         1830    i.UART5_IRQHandler  stm32f4xx_it.o
    0x08007ae0   0x08007ae0   0x00000010   Code   RO         5083    i.UART_DMAAbortOnError  stm32f4xx_hal_uart.o
    0x08007af0   0x08007af0   0x0000004a   Code   RO         5084    i.UART_DMAError     stm32f4xx_hal_uart.o
    0x08007b3a   0x08007b3a   0x00000082   Code   RO         5085    i.UART_DMAReceiveCplt  stm32f4xx_hal_uart.o
    0x08007bbc   0x08007bbc   0x0000001a   Code   RO         5087    i.UART_DMARxHalfCplt  stm32f4xx_hal_uart.o
    0x08007bd6   0x08007bd6   0x00000016   Code   RO         5088    i.UART_DMARxOnlyAbortCallback  stm32f4xx_hal_uart.o
    0x08007bec   0x08007bec   0x00000042   Code   RO         5089    i.UART_DMATransmitCplt  stm32f4xx_hal_uart.o
    0x08007c2e   0x08007c2e   0x0000000a   Code   RO         5091    i.UART_DMATxHalfCplt  stm32f4xx_hal_uart.o
    0x08007c38   0x08007c38   0x0000004e   Code   RO         5093    i.UART_EndRxTransfer  stm32f4xx_hal_uart.o
    0x08007c86   0x08007c86   0x0000001c   Code   RO         5094    i.UART_EndTxTransfer  stm32f4xx_hal_uart.o
    0x08007ca2   0x08007ca2   0x000000c0   Code   RO         5095    i.UART_Receive_IT   stm32f4xx_hal_uart.o
    0x08007d62   0x08007d62   0x00000002   PAD
    0x08007d64   0x08007d64   0x0000010c   Code   RO         5096    i.UART_SetConfig    stm32f4xx_hal_uart.o
    0x08007e70   0x08007e70   0x00000090   Code   RO         5097    i.UART_Start_Receive_DMA  stm32f4xx_hal_uart.o
    0x08007f00   0x08007f00   0x00000036   Code   RO         5098    i.UART_Start_Receive_IT  stm32f4xx_hal_uart.o
    0x08007f36   0x08007f36   0x00000078   Code   RO         5099    i.UART_WaitOnFlagUntilTimeout  stm32f4xx_hal_uart.o
    0x08007fae   0x08007fae   0x00000002   PAD
    0x08007fb0   0x08007fb0   0x0000000c   Code   RO         1831    i.USART1_IRQHandler  stm32f4xx_it.o
    0x08007fbc   0x08007fbc   0x0000000c   Code   RO         1832    i.USART2_IRQHandler  stm32f4xx_it.o
    0x08007fc8   0x08007fc8   0x0000000c   Code   RO         1833    i.USART3_IRQHandler  stm32f4xx_it.o
    0x08007fd4   0x08007fd4   0x00000002   Code   RO         1834    i.UsageFault_Handler  stm32f4xx_it.o
    0x08007fd6   0x08007fd6   0x00000002   PAD
    0x08007fd8   0x08007fd8   0x00000194   Code   RO         7574    i.W5500_DriverInit  w5500_port.o
    0x0800816c   0x0800816c   0x00000034   Code   RO         7575    i.W5500_Get_PHYCFGR  w5500_port.o
    0x080081a0   0x080081a0   0x00000020   Code   RO         7576    i.W5500_NetInfo_SetStatic  w5500_port.o
    0x080081c0   0x080081c0   0x0000010c   Code   RO         7577    i.W5500_PrintNetInfo  w5500_port.o
    0x080082cc   0x080082cc   0x00000028   Code   RO         7578    i.W5500_RaiseSpiSpeed  w5500_port.o
    0x080082f4   0x080082f4   0x00000044   Code   RO         7579    i.W5500_ReadByte    w5500_port.o
    0x08008338   0x08008338   0x00000038   Code   RO         7582    i.W5500_WriteByte   w5500_port.o
    0x08008370   0x08008370   0x00000006   Code   RO         8188    i.W5500_close       mqtt_network.o
    0x08008376   0x08008376   0x00000028   Code   RO         8189    i.W5500_recv        mqtt_network.o
    0x0800839e   0x0800839e   0x0000002a   Code   RO         8190    i.W5500_send        mqtt_network.o
    0x080083c8   0x080083c8   0x00000058   Code   RO         7292    i.WIZCHIP_READ      w5500.o
    0x08008420   0x08008420   0x00000074   Code   RO         7293    i.WIZCHIP_READ_BUF  w5500.o
    0x08008494   0x08008494   0x00000060   Code   RO         7294    i.WIZCHIP_WRITE     w5500.o
    0x080084f4   0x080084f4   0x00000070   Code   RO         7295    i.WIZCHIP_WRITE_BUF  w5500.o
    0x08008564   0x08008564   0x00000002   Code   RO         8827    i._RxPDO_EventTimers_Handler  pdo.o
    0x08008566   0x08008566   0x00000002   PAD
    0x08008568   0x08008568   0x00000020   Code   RO         9741    i.__0printf         mc_w.l(printfa.o)
    0x08008588   0x08008588   0x00000034   Code   RO         9742    i.__0snprintf       mc_w.l(printfa.o)
    0x080085bc   0x080085bc   0x00000020   Code   RO         3137    i.__NVIC_SetPriority  stm32f4xx_hal_cortex.o
    0x080085dc   0x080085dc   0x0000005c   Code   RO         9773    i.__free$realloc    mc_w.l(mallocr.o)
    0x08008638   0x08008638   0x00000028   Code   RO         9477    i.__hardfp_strtod   m_wm.l(strtod.o)
    0x08008660   0x08008660   0x00000050   Code   RO         9774    i.__malloc$realloc  mc_w.l(mallocr.o)
    0x080086b0   0x080086b0   0x0000000e   Code   RO         9882    i.__scatterload_copy  mc_w.l(handlers.o)
    0x080086be   0x080086be   0x00000002   Code   RO         9883    i.__scatterload_null  mc_w.l(handlers.o)
    0x080086c0   0x080086c0   0x0000000e   Code   RO         9884    i.__scatterload_zeroinit  mc_w.l(handlers.o)
    0x080086ce   0x080086ce   0x00000002   PAD
    0x080086d0   0x080086d0   0x00000184   Code   RO         9748    i._fp_digits        mc_w.l(printfa.o)
    0x08008854   0x08008854   0x000000b0   Code   RO         8784    i._getODentry       objacces.o
    0x08008904   0x08008904   0x00000002   Code   RO         8629    i._heartbeatError   lifegrd.o
    0x08008906   0x08008906   0x00000002   Code   RO         9109    i._initialisation   states.o
    0x08008908   0x08008908   0x0000000e   Code   RO         9803    i._is_digit         mc_w.l(scanf_fp.o)
    0x08008916   0x08008916   0x00000002   Code   RO         8630    i._nodeguardError   lifegrd.o
    0x08008918   0x08008918   0x00000002   Code   RO         9110    i._operational      states.o
    0x0800891a   0x0800891a   0x00000002   Code   RO         8631    i._post_SlaveBootup  lifegrd.o
    0x0800891c   0x0800891c   0x00000002   Code   RO         8632    i._post_SlaveStateChange  lifegrd.o
    0x0800891e   0x0800891e   0x00000002   Code   RO         9178    i._post_TPDO        sync.o
    0x08008920   0x08008920   0x00000002   Code   RO         8573    i._post_emcy        emcy.o
    0x08008922   0x08008922   0x00000002   Code   RO         9179    i._post_sync        sync.o
    0x08008924   0x08008924   0x00000010   Code   RO         9111    i._preOperational   states.o
    0x08008934   0x08008934   0x000006b4   Code   RO         9749    i._printf_core      mc_w.l(printfa.o)
    0x08008fe8   0x08008fe8   0x00000024   Code   RO         9750    i._printf_post_padding  mc_w.l(printfa.o)
    0x0800900c   0x0800900c   0x0000002e   Code   RO         9751    i._printf_pre_padding  mc_w.l(printfa.o)
    0x0800903a   0x0800903a   0x0000011a   Code   RO         8924    i._readNetworkDict  sdo.o
    0x08009154   0x08009154   0x0000011c   Code   RO         8828    i._sendPDOevent     pdo.o
    0x08009270   0x08009270   0x000000ec   Code   RO         8785    i._setODentry       objacces.o
    0x0800935c   0x0800935c   0x00000016   Code   RO         9752    i._snputc           mc_w.l(printfa.o)
    0x08009372   0x08009372   0x00000002   Code   RO         9112    i._stopped          states.o
    0x08009374   0x08009374   0x00000004   Code   RO         8786    i._storeODSubIndex  objacces.o
    0x08009378   0x08009378   0x0000018c   Code   RO         8925    i._writeNetworkDict  sdo.o
    0x08009504   0x08009504   0x00000024   Code   RO         7956    i.bufchar           mqttpacket.o
    0x08009528   0x08009528   0x00000030   Code   RO          170    i.buffer_skip_whitespace  cjson.o
    0x08009558   0x08009558   0x000000d4   Code   RO         8829    i.buildPDO          pdo.o
    0x0800962c   0x0800962c   0x00000050   Code   RO          202    i.cJSON_Delete      cjson.o
    0x0800967c   0x0800967c   0x00000006   Code   RO          216    i.cJSON_GetObjectItem  cjson.o
    0x08009682   0x08009682   0x00000002   PAD
    0x08009684   0x08009684   0x00000048   Code   RO          220    i.cJSON_InitHooks   cjson.o
    0x080096cc   0x080096cc   0x00000016   Code   RO          233    i.cJSON_New_Item    cjson.o
    0x080096e2   0x080096e2   0x00000008   Code   RO          234    i.cJSON_Parse       cjson.o
    0x080096ea   0x080096ea   0x00000002   PAD
    0x080096ec   0x080096ec   0x000000dc   Code   RO          236    i.cJSON_ParseWithLengthOpts  cjson.o
    0x080097c8   0x080097c8   0x00000022   Code   RO          237    i.cJSON_ParseWithOpts  cjson.o
    0x080097ea   0x080097ea   0x0000003a   Code   RO         8291    i.calcCRC           modbus.o
    0x08009824   0x08009824   0x0000007a   Code   RO         9113    i.canDispatch       states.o
    0x0800989e   0x0800989e   0x00000002   PAD
    0x080098a0   0x080098a0   0x000000cc   Code   RO         9391    i.canSend           can1.o
    0x0800996c   0x0800996c   0x0000001c   Code   RO         1171    i.cjson_memory_hook  freertos.o
    0x08009988   0x08009988   0x00000074   Code   RO         7210    i.close             socket.o
    0x080099fc   0x080099fc   0x00000108   Code   RO         7211    i.connect           socket.o
    0x08009b04   0x08009b04   0x0000004c   Code   RO         7352    i.ctlnetwork        wizchip_conf.o
    0x08009b50   0x08009b50   0x000000ec   Code   RO         7353    i.ctlwizchip        wizchip_conf.o
    0x08009c3c   0x08009c3c   0x00000130   Code   RO         7689    i.cycle             mqttclient.o
    0x08009d6c   0x08009d6c   0x000000ae   Code   RO         7690    i.deliverMessage    mqttclient.o
    0x08009e1a   0x08009e1a   0x00000002   PAD
    0x08009e1c   0x08009e1c   0x0000008c   Code   RO         7213    i.disconnect        socket.o
    0x08009ea8   0x08009ea8   0x00000020   Code   RO         8574    i.emergencyInit     emcy.o
    0x08009ec8   0x08009ec8   0x00000002   Code   RO         8575    i.emergencyStop     emcy.o
    0x08009eca   0x08009eca   0x00000098   Code   RO         8927    i.failedSDO         sdo.o
    0x08009f62   0x08009f62   0x00000002   PAD
    0x08009f64   0x08009f64   0x00000018   Code   RO         1729    i.fputc             usart.o
    0x08009f7c   0x08009f7c   0x00000024   Code   RO         9431    i.getElapsedTime    timer5.o
    0x08009fa0   0x08009fa0   0x00000016   Code   RO         7691    i.getNextPacketId   mqttclient.o
    0x08009fb6   0x08009fb6   0x00000006   Code   RO         9114    i.getNodeId         states.o
    0x08009fbc   0x08009fbc   0x000000b4   Code   RO         8928    i.getReadResultNetworkDict  sdo.o
    0x0800a070   0x0800a070   0x00000056   Code   RO         8292    i.getRxBuffer       modbus.o
    0x0800a0c6   0x0800a0c6   0x00000038   Code   RO         8929    i.getSDOfreeLine    sdo.o
    0x0800a0fe   0x0800a0fe   0x0000003e   Code   RO         8930    i.getSDOlineOnUse   sdo.o
    0x0800a13c   0x0800a13c   0x0000001a   Code   RO         8931    i.getSDOlineRestBytes  sdo.o
    0x0800a156   0x0800a156   0x0000004c   Code   RO         7296    i.getSn_RX_RSR      w5500.o
    0x0800a1a2   0x0800a1a2   0x0000004c   Code   RO         7297    i.getSn_TX_FSR      w5500.o
    0x0800a1ee   0x0800a1ee   0x00000050   Code   RO         8933    i.getWriteResultNetworkDict  sdo.o
    0x0800a23e   0x0800a23e   0x00000006   Code   RO         8293    i.get_is_fc3_processed  modbus.o
    0x0800a244   0x0800a244   0x0000007a   Code   RO          256    i.get_object_item   cjson.o
    0x0800a2be   0x0800a2be   0x00000002   PAD
    0x0800a2c0   0x0800a2c0   0x000000fc   Code   RO         1172    i.get_reached       freertos.o
    0x0800a3bc   0x0800a3bc   0x00000104   Code   RO         1173    i.get_real_pos      freertos.o
    0x0800a4c0   0x0800a4c0   0x00000006   Code   RO         8294    i.get_recv_raw_data_addr  modbus.o
    0x0800a4c6   0x0800a4c6   0x00000002   PAD
    0x0800a4c8   0x0800a4c8   0x0000000c   Code   RO          855    i.get_w5500_init_status  main.o
    0x0800a4d4   0x0800a4d4   0x000000fc   Code   RO         1174    i.get_warning_info  freertos.o
    0x0800a5d0   0x0800a5d0   0x0000020c   Code   RO         1175    i.gripper_execute   freertos.o
    0x0800a7dc   0x0800a7dc   0x000001ac   Code   RO         1176    i.gripper_get_status  freertos.o
    0x0800a988   0x0800a988   0x0000007c   Code   RO         8634    i.heartbeatInit     lifegrd.o
    0x0800aa04   0x0800aa04   0x00000036   Code   RO         8635    i.heartbeatStop     lifegrd.o
    0x0800aa3a   0x0800aa3a   0x00000002   PAD
    0x0800aa3c   0x0800aa3c   0x0000008c   Code   RO         8934    i.initSDOline       sdo.o
    0x0800aac8   0x0800aac8   0x00000050   Code   RO         9775    i.internal_alloc    mc_w.l(mallocr.o)
    0x0800ab18   0x0800ab18   0x00000064   Code   RO         7692    i.keepalive         mqttclient.o
    0x0800ab7c   0x0800ab7c   0x00000012   Code   RO         8636    i.lifeGuardInit     lifegrd.o
    0x0800ab8e   0x0800ab8e   0x00000012   Code   RO         8637    i.lifeGuardStop     lifegrd.o
    0x0800aba0   0x0800aba0   0x00000040   Code   RO         8935    i.lineToSDO         sdo.o
    0x0800abe0   0x0800abe0   0x000000cc   Code   RO          856    i.main              main.o
    0x0800acac   0x0800acac   0x00000022   Code   RO         8742    i.masterSendNMTnodeguard  nmtmaster.o
    0x0800acce   0x0800acce   0x00000026   Code   RO         8743    i.masterSendNMTstateChange  nmtmaster.o
    0x0800acf4   0x0800acf4   0x00000260   Code   RO         1177    i.messageArrived    freertos.o
    0x0800af54   0x0800af54   0x000000dc   Code   RO         1178    i.mqtt_publish_gpio_status  freertos.o
    0x0800b030   0x0800b030   0x000000d0   Code   RO         1179    i.mqtt_publish_gripper_status  freertos.o
    0x0800b100   0x0800b100   0x00000078   Code   RO         8638    i.nodeguardInit     lifegrd.o
    0x0800b178   0x0800b178   0x00000012   Code   RO         8639    i.nodeguardStop     lifegrd.o
    0x0800b18a   0x0800b18a   0x00000040   Code   RO         8936    i.objdictToSDOline  sdo.o
    0x0800b1ca   0x0800b1ca   0x0000001a   Code   RO         6539    i.osDelay           cmsis_os2.o
    0x0800b1e4   0x0800b1e4   0x0000000e   Code   RO         6551    i.osKernelGetTickCount  cmsis_os2.o
    0x0800b1f2   0x0800b1f2   0x00000002   PAD
    0x0800b1f4   0x0800b1f4   0x00000024   Code   RO         6553    i.osKernelInitialize  cmsis_os2.o
    0x0800b218   0x0800b218   0x00000038   Code   RO         6556    i.osKernelStart     cmsis_os2.o
    0x0800b250   0x0800b250   0x00000064   Code   RO         6568    i.osMessageQueueGet  cmsis_os2.o
    0x0800b2b4   0x0800b2b4   0x00000058   Code   RO         6573    i.osMessageQueueNew  cmsis_os2.o
    0x0800b30c   0x0800b30c   0x00000068   Code   RO         6574    i.osMessageQueuePut  cmsis_os2.o
    0x0800b374   0x0800b374   0x0000005c   Code   RO         6581    i.osSemaphoreAcquire  cmsis_os2.o
    0x0800b3d0   0x0800b3d0   0x00000098   Code   RO         6584    i.osSemaphoreNew    cmsis_os2.o
    0x0800b468   0x0800b468   0x00000058   Code   RO         6585    i.osSemaphoreRelease  cmsis_os2.o
    0x0800b4c0   0x0800b4c0   0x00000004   Code   RO         6593    i.osThreadGetId     cmsis_os2.o
    0x0800b4c4   0x0800b4c4   0x0000008a   Code   RO         6598    i.osThreadNew       cmsis_os2.o
    0x0800b54e   0x0800b54e   0x00000002   PAD
    0x0800b550   0x0800b550   0x00000078   Code   RO         6607    i.osTimerNew        cmsis_os2.o
    0x0800b5c8   0x0800b5c8   0x00000032   Code   RO         6608    i.osTimerStart      cmsis_os2.o
    0x0800b5fa   0x0800b5fa   0x000000d0   Code   RO          258    i.parse_array       cjson.o
    0x0800b6ca   0x0800b6ca   0x00000040   Code   RO          259    i.parse_hex4        cjson.o
    0x0800b70a   0x0800b70a   0x00000002   PAD
    0x0800b70c   0x0800b70c   0x00000148   Code   RO          260    i.parse_number      cjson.o
    0x0800b854   0x0800b854   0x00000110   Code   RO          261    i.parse_object      cjson.o
    0x0800b964   0x0800b964   0x0000010c   Code   RO          262    i.parse_string      cjson.o
    0x0800ba70   0x0800ba70   0x000000fc   Code   RO          263    i.parse_value       cjson.o
    0x0800bb6c   0x0800bb6c   0x0000006c   Code   RO         1564    i.print_can1_recv_msg  can.o
    0x0800bbd8   0x0800bbd8   0x00000024   Code   RO         8576    i.proceedEMCY       emcy.o
    0x0800bbfc   0x0800bbfc   0x00000096   Code   RO         8765    i.proceedNMTstateChange  nmtslave.o
    0x0800bc92   0x0800bc92   0x00000002   PAD
    0x0800bc94   0x0800bc94   0x000000fc   Code   RO         8640    i.proceedNODE_GUARD  lifegrd.o
    0x0800bd90   0x0800bd90   0x00000224   Code   RO         8830    i.proceedPDO        pdo.o
    0x0800bfb4   0x0800bfb4   0x00001444   Code   RO         8937    i.proceedSDO        sdo.o
    0x0800d3f8   0x0800d3f8   0x00000028   Code   RO         9180    i.proceedSYNC       sync.o
    0x0800d420   0x0800d420   0x000000b2   Code   RO         8295    i.process_FC1       modbus.o
    0x0800d4d2   0x0800d4d2   0x00000086   Code   RO         8296    i.process_FC15      modbus.o
    0x0800d558   0x0800d558   0x00000072   Code   RO         8297    i.process_FC3       modbus.o
    0x0800d5ca   0x0800d5ca   0x00000002   PAD
    0x0800d5cc   0x0800d5cc   0x0000005c   Code   RO         6001    i.prvAddCurrentTaskToDelayedList  tasks.o
    0x0800d628   0x0800d628   0x000000d0   Code   RO         6002    i.prvAddNewTaskToReadyList  tasks.o
    0x0800d6f8   0x0800d6f8   0x00000058   Code   RO         6366    i.prvCheckForValidListAndQueue  timers.o
    0x0800d750   0x0800d750   0x00000026   Code   RO         5601    i.prvCopyDataFromQueue  queue.o
    0x0800d776   0x0800d776   0x0000006c   Code   RO         5602    i.prvCopyDataToQueue  queue.o
    0x0800d7e2   0x0800d7e2   0x00000034   Code   RO         6003    i.prvDeleteTCB      tasks.o
    0x0800d816   0x0800d816   0x00000002   PAD
    0x0800d818   0x0800d818   0x0000004c   Code   RO         7050    i.prvHeapInit       heap_4.o
    0x0800d864   0x0800d864   0x00000060   Code   RO         6004    i.prvIdleTask       tasks.o
    0x0800d8c4   0x0800d8c4   0x00000016   Code   RO         5603    i.prvInitialiseMutex  queue.o
    0x0800d8da   0x0800d8da   0x00000002   PAD
    0x0800d8dc   0x0800d8dc   0x00000022   Code   RO         5604    i.prvInitialiseNewQueue  queue.o
    0x0800d8fe   0x0800d8fe   0x00000002   PAD
    0x0800d900   0x0800d900   0x000000b0   Code   RO         6005    i.prvInitialiseNewTask  tasks.o
    0x0800d9b0   0x0800d9b0   0x0000004e   Code   RO         6367    i.prvInitialiseNewTimer  timers.o
    0x0800d9fe   0x0800d9fe   0x00000002   PAD
    0x0800da00   0x0800da00   0x0000004c   Code   RO         7051    i.prvInsertBlockIntoFreeList  heap_4.o
    0x0800da4c   0x0800da4c   0x00000038   Code   RO         6368    i.prvInsertTimerInActiveList  timers.o
    0x0800da84   0x0800da84   0x0000001c   Code   RO         5605    i.prvIsQueueEmpty   queue.o
    0x0800daa0   0x0800daa0   0x000000fc   Code   RO         6369    i.prvProcessReceivedCommands  timers.o
    0x0800db9c   0x0800db9c   0x000000c0   Code   RO         6370    i.prvProcessTimerOrBlockTask  timers.o
    0x0800dc5c   0x0800dc5c   0x00000020   Code   RO         6007    i.prvResetNextTaskUnblockTime  tasks.o
    0x0800dc7c   0x0800dc7c   0x00000028   Code   RO         6371    i.prvSampleTimeNow  timers.o
    0x0800dca4   0x0800dca4   0x0000006c   Code   RO         6372    i.prvSwitchTimerLists  timers.o
    0x0800dd10   0x0800dd10   0x00000028   Code   RO         7106    i.prvTaskExitError  port.o
    0x0800dd38   0x0800dd38   0x00000024   Code   RO         6373    i.prvTimerTask      timers.o
    0x0800dd5c   0x0800dd5c   0x0000006a   Code   RO         5606    i.prvUnlockQueue    queue.o
    0x0800ddc6   0x0800ddc6   0x00000002   PAD
    0x0800ddc8   0x0800ddc8   0x000000dc   Code   RO         7052    i.pvPortMalloc      heap_4.o
    0x0800dea4   0x0800dea4   0x00000018   Code   RO         6010    i.pvTaskIncrementMutexHeldCount  tasks.o
    0x0800debc   0x0800debc   0x00000024   Code   RO         6374    i.pvTimerGetTimerID  timers.o
    0x0800dee0   0x0800dee0   0x0000002c   Code   RO         7107    i.pxPortInitialiseStack  port.o
    0x0800df0c   0x0800df0c   0x0000000c   Code   RO         7958    i.readChar          mqttpacket.o
    0x0800df18   0x0800df18   0x00000012   Code   RO         7959    i.readInt           mqttpacket.o
    0x0800df2a   0x0800df2a   0x00000034   Code   RO         7960    i.readMQTTLenString  mqttpacket.o
    0x0800df5e   0x0800df5e   0x00000012   Code   RO         8938    i.readNetworkDict   sdo.o
    0x0800df70   0x0800df70   0x000000ba   Code   RO         7693    i.readPacket        mqttclient.o
    0x0800e02a   0x0800e02a   0x00000002   PAD
    0x0800e02c   0x0800e02c   0x0000006c   Code   RO         9776    i.realloc           mc_w.l(mallocr.o)
    0x0800e098   0x0800e098   0x000000e4   Code   RO         7216    i.recv              socket.o
    0x0800e17c   0x0800e17c   0x00000024   Code   RO         7355    i.reg_wizchip_cris_cbfunc  wizchip_conf.o
    0x0800e1a0   0x0800e1a0   0x00000024   Code   RO         7356    i.reg_wizchip_cs_cbfunc  wizchip_conf.o
    0x0800e1c4   0x0800e1c4   0x0000002c   Code   RO         7357    i.reg_wizchip_spi_cbfunc  wizchip_conf.o
    0x0800e1f0   0x0800e1f0   0x00000018   Code   RO         8942    i.resetSDO          sdo.o
    0x0800e208   0x0800e208   0x00000036   Code   RO         8943    i.resetSDOline      sdo.o
    0x0800e23e   0x0800e23e   0x00000008   Code   RO         8298    i.reset_is_fc3_processed  modbus.o
    0x0800e246   0x0800e246   0x00000002   PAD
    0x0800e248   0x0800e248   0x0000011c   Code   RO         7218    i.send              socket.o
    0x0800e364   0x0800e364   0x00000118   Code   RO         8831    i.sendOnePDOevent   pdo.o
    0x0800e47c   0x0800e47c   0x00000006   Code   RO         8832    i.sendPDOevent      pdo.o
    0x0800e482   0x0800e482   0x00000054   Code   RO         7694    i.sendPacket        mqttclient.o
    0x0800e4d6   0x0800e4d6   0x00000028   Code   RO         8834    i.sendPdo           pdo.o
    0x0800e4fe   0x0800e4fe   0x00000078   Code   RO         8944    i.sendSDO           sdo.o
    0x0800e576   0x0800e576   0x00000038   Code   RO         8945    i.sendSDOabort      sdo.o
    0x0800e5ae   0x0800e5ae   0x00000014   Code   RO         9181    i.sendSYNC          sync.o
    0x0800e5c2   0x0800e5c2   0x00000022   Code   RO         9182    i.sendSYNCMessage   sync.o
    0x0800e5e4   0x0800e5e4   0x000000b0   Code   RO         8299    i.sendTxBuffer      modbus.o
    0x0800e694   0x0800e694   0x0000014c   Code   RO         9116    i.setNodeId         states.o
    0x0800e7e0   0x0800e7e0   0x0000001a   Code   RO         8946    i.setSDOlineRestBytes  sdo.o
    0x0800e7fa   0x0800e7fa   0x00000002   PAD
    0x0800e7fc   0x0800e7fc   0x000000a4   Code   RO         9117    i.setState          states.o
    0x0800e8a0   0x0800e8a0   0x00000034   Code   RO         9432    i.setTimer          timer5.o
    0x0800e8d4   0x0800e8d4   0x0000002a   Code   RO         8766    i.slaveSendBootUp   nmtslave.o
    0x0800e8fe   0x0800e8fe   0x00000002   PAD
    0x0800e900   0x0800e900   0x0000011c   Code   RO         7221    i.socket            socket.o
    0x0800ea1c   0x0800ea1c   0x00000068   Code   RO         9183    i.startSYNC         sync.o
    0x0800ea84   0x0800ea84   0x0000002c   Code   RO         9184    i.stopSYNC          sync.o
    0x0800eab0   0x0800eab0   0x000000ea   Code   RO         9118    i.switchCommunicationState  states.o
    0x0800eb9a   0x0800eb9a   0x00000002   PAD
    0x0800eb9c   0x0800eb9c   0x00000068   Code   RO         6011    i.ulTaskNotifyTake  tasks.o
    0x0800ec04   0x0800ec04   0x000000d2   Code   RO          272    i.utf16_literal_to_utf8  cjson.o
    0x0800ecd6   0x0800ecd6   0x00000026   Code   RO         5561    i.uxListRemove      list.o
    0x0800ecfc   0x0800ecfc   0x00000014   Code   RO         6610    i.vApplicationGetIdleTaskMemory  cmsis_os2.o
    0x0800ed10   0x0800ed10   0x00000018   Code   RO         6611    i.vApplicationGetTimerTaskMemory  cmsis_os2.o
    0x0800ed28   0x0800ed28   0x00000016   Code   RO         5562    i.vListInitialise   list.o
    0x0800ed3e   0x0800ed3e   0x00000006   Code   RO         5563    i.vListInitialiseItem  list.o
    0x0800ed44   0x0800ed44   0x00000030   Code   RO         5564    i.vListInsert       list.o
    0x0800ed74   0x0800ed74   0x00000018   Code   RO         5565    i.vListInsertEnd    list.o
    0x0800ed8c   0x0800ed8c   0x00000040   Code   RO         7109    i.vPortEnterCritical  port.o
    0x0800edcc   0x0800edcc   0x00000028   Code   RO         7110    i.vPortExitCritical  port.o
    0x0800edf4   0x0800edf4   0x00000064   Code   RO         7053    i.vPortFree         heap_4.o
    0x0800ee58   0x0800ee58   0x00000024   Code   RO         7111    i.vPortSetupTimerInterrupt  port.o
    0x0800ee7c   0x0800ee7c   0x00000054   Code   RO         7112    i.vPortValidateInterruptPriority  port.o
    0x0800eed0   0x0800eed0   0x00000028   Code   RO         5612    i.vQueueAddToRegistry  queue.o
    0x0800eef8   0x0800eef8   0x0000002e   Code   RO         5613    i.vQueueDelete      queue.o
    0x0800ef26   0x0800ef26   0x00000002   PAD
    0x0800ef28   0x0800ef28   0x00000028   Code   RO         5615    i.vQueueUnregisterQueue  queue.o
    0x0800ef50   0x0800ef50   0x00000044   Code   RO         5616    i.vQueueWaitForMessageRestricted  queue.o
    0x0800ef94   0x0800ef94   0x0000004c   Code   RO         6020    i.vTaskDelay        tasks.o
    0x0800efe0   0x0800efe0   0x00000090   Code   RO         6022    i.vTaskDelete       tasks.o
    0x0800f070   0x0800f070   0x00000010   Code   RO         6025    i.vTaskInternalSetTimeOutState  tasks.o
    0x0800f080   0x0800f080   0x0000000c   Code   RO         6026    i.vTaskMissedYield  tasks.o
    0x0800f08c   0x0800f08c   0x00000030   Code   RO         6028    i.vTaskPlaceOnEventList  tasks.o
    0x0800f0bc   0x0800f0bc   0x00000038   Code   RO         6029    i.vTaskPlaceOnEventListRestricted  tasks.o
    0x0800f0f4   0x0800f0f4   0x00000090   Code   RO         6031    i.vTaskPriorityDisinheritAfterTimeout  tasks.o
    0x0800f184   0x0800f184   0x00000088   Code   RO         6037    i.vTaskStartScheduler  tasks.o
    0x0800f20c   0x0800f20c   0x00000010   Code   RO         6039    i.vTaskSuspendAll   tasks.o
    0x0800f21c   0x0800f21c   0x00000064   Code   RO         6040    i.vTaskSwitchContext  tasks.o
    0x0800f280   0x0800f280   0x00000054   Code   RO         8301    i.vTimerCallbackT35  modbus.o
    0x0800f2d4   0x0800f2d4   0x00000040   Code   RO         8302    i.vTimerCallbackTimeout  modbus.o
    0x0800f314   0x0800f314   0x00000068   Code   RO         8303    i.validateAnswer    modbus.o
    0x0800f37c   0x0800f37c   0x00000134   Code   RO         8304    i.validateRequest   modbus.o
    0x0800f4b0   0x0800f4b0   0x0000002e   Code   RO         7695    i.waitfor           mqttclient.o
    0x0800f4de   0x0800f4de   0x00000060   Code   RO         7298    i.wiz_recv_data     w5500.o
    0x0800f53e   0x0800f53e   0x00000060   Code   RO         7300    i.wiz_send_data     w5500.o
    0x0800f59e   0x0800f59e   0x00000004   Code   RO         7359    i.wizchip_bus_readdata  wizchip_conf.o
    0x0800f5a2   0x0800f5a2   0x00000004   Code   RO         7360    i.wizchip_bus_writedata  wizchip_conf.o
    0x0800f5a6   0x0800f5a6   0x00000002   PAD
    0x0800f5a8   0x0800f5a8   0x0000003a   Code   RO         7361    i.wizchip_clrinterrupt  wizchip_conf.o
    0x0800f5e2   0x0800f5e2   0x00000002   Code   RO         7362    i.wizchip_cris_enter  wizchip_conf.o
    0x0800f5e4   0x0800f5e4   0x00000002   Code   RO         7363    i.wizchip_cris_exit  wizchip_conf.o
    0x0800f5e6   0x0800f5e6   0x00000004   Code   RO         7583    i.wizchip_critical_enter  w5500_port.o
    0x0800f5ea   0x0800f5ea   0x00000004   Code   RO         7584    i.wizchip_critical_exit  w5500_port.o
    0x0800f5ee   0x0800f5ee   0x00000002   Code   RO         7364    i.wizchip_cs_deselect  wizchip_conf.o
    0x0800f5f0   0x0800f5f0   0x00000002   Code   RO         7365    i.wizchip_cs_select  wizchip_conf.o
    0x0800f5f2   0x0800f5f2   0x00000002   PAD
    0x0800f5f4   0x0800f5f4   0x00000010   Code   RO         7585    i.wizchip_deselect  w5500_port.o
    0x0800f604   0x0800f604   0x0000001e   Code   RO         7366    i.wizchip_getinterrupt  wizchip_conf.o
    0x0800f622   0x0800f622   0x0000001c   Code   RO         7367    i.wizchip_getinterruptmask  wizchip_conf.o
    0x0800f63e   0x0800f63e   0x00000002   PAD
    0x0800f640   0x0800f640   0x00000058   Code   RO         7368    i.wizchip_getnetinfo  wizchip_conf.o
    0x0800f698   0x0800f698   0x00000006   Code   RO         7369    i.wizchip_getnetmode  wizchip_conf.o
    0x0800f69e   0x0800f69e   0x00000028   Code   RO         7370    i.wizchip_gettimeout  wizchip_conf.o
    0x0800f6c6   0x0800f6c6   0x0000007a   Code   RO         7371    i.wizchip_init      wizchip_conf.o
    0x0800f740   0x0800f740   0x00000004   Code   RO         7586    i.wizchip_read      w5500_port.o
    0x0800f744   0x0800f744   0x00000010   Code   RO         7587    i.wizchip_select    w5500_port.o
    0x0800f754   0x0800f754   0x0000001c   Code   RO         7372    i.wizchip_setinterruptmask  wizchip_conf.o
    0x0800f770   0x0800f770   0x00000058   Code   RO         7373    i.wizchip_setnetinfo  wizchip_conf.o
    0x0800f7c8   0x0800f7c8   0x00000024   Code   RO         7374    i.wizchip_setnetmode  wizchip_conf.o
    0x0800f7ec   0x0800f7ec   0x00000028   Code   RO         7375    i.wizchip_settimeout  wizchip_conf.o
    0x0800f814   0x0800f814   0x00000004   Code   RO         7377    i.wizchip_spi_readbyte  wizchip_conf.o
    0x0800f818   0x0800f818   0x00000002   Code   RO         7379    i.wizchip_spi_writebyte  wizchip_conf.o
    0x0800f81a   0x0800f81a   0x00000074   Code   RO         7380    i.wizchip_sw_reset  wizchip_conf.o
    0x0800f88e   0x0800f88e   0x00000004   Code   RO         7588    i.wizchip_write     w5500_port.o
    0x0800f892   0x0800f892   0x0000004e   Code   RO         7381    i.wizphy_getphyconf  wizchip_conf.o
    0x0800f8e0   0x0800f8e0   0x00000016   Code   RO         7382    i.wizphy_getphylink  wizchip_conf.o
    0x0800f8f6   0x0800f8f6   0x0000001a   Code   RO         7383    i.wizphy_getphypmode  wizchip_conf.o
    0x0800f910   0x0800f910   0x0000002a   Code   RO         7385    i.wizphy_reset      wizchip_conf.o
    0x0800f93a   0x0800f93a   0x0000004a   Code   RO         7386    i.wizphy_setphyconf  wizchip_conf.o
    0x0800f984   0x0800f984   0x00000050   Code   RO         7387    i.wizphy_setphypmode  wizchip_conf.o
    0x0800f9d4   0x0800f9d4   0x0000000c   Code   RO         8305    i.word              modbus.o
    0x0800f9e0   0x0800f9e0   0x00000028   Code   RO         7961    i.writeCString      mqttpacket.o
    0x0800fa08   0x0800fa08   0x0000000c   Code   RO         7962    i.writeChar         mqttpacket.o
    0x0800fa14   0x0800fa14   0x0000001e   Code   RO         7963    i.writeInt          mqttpacket.o
    0x0800fa32   0x0800fa32   0x00000036   Code   RO         7964    i.writeMQTTString   mqttpacket.o
    0x0800fa68   0x0800fa68   0x00000024   Code   RO         8947    i.writeNetworkDict  sdo.o
    0x0800fa8c   0x0800fa8c   0x000000f4   Code   RO         7113    i.xPortStartScheduler  port.o
    0x0800fb80   0x0800fb80   0x0000002c   Code   RO         7114    i.xPortSysTickHandler  port.o
    0x0800fbac   0x0800fbac   0x0000003a   Code   RO         5617    i.xQueueCreateCountingSemaphore  queue.o
    0x0800fbe6   0x0800fbe6   0x00000040   Code   RO         5618    i.xQueueCreateCountingSemaphoreStatic  queue.o
    0x0800fc26   0x0800fc26   0x00000016   Code   RO         5619    i.xQueueCreateMutex  queue.o
    0x0800fc3c   0x0800fc3c   0x00000042   Code   RO         5621    i.xQueueGenericCreate  queue.o
    0x0800fc7e   0x0800fc7e   0x00000066   Code   RO         5622    i.xQueueGenericCreateStatic  queue.o
    0x0800fce4   0x0800fce4   0x00000088   Code   RO         5623    i.xQueueGenericReset  queue.o
    0x0800fd6c   0x0800fd6c   0x00000160   Code   RO         5624    i.xQueueGenericSend  queue.o
    0x0800fecc   0x0800fecc   0x000000be   Code   RO         5625    i.xQueueGenericSendFromISR  queue.o
    0x0800ff8a   0x0800ff8a   0x0000009c   Code   RO         5628    i.xQueueGiveFromISR  queue.o
    0x08010026   0x08010026   0x00000002   PAD
    0x08010028   0x08010028   0x00000138   Code   RO         5634    i.xQueueReceive     queue.o
    0x08010160   0x08010160   0x0000009a   Code   RO         5635    i.xQueueReceiveFromISR  queue.o
    0x080101fa   0x080101fa   0x00000002   PAD
    0x080101fc   0x080101fc   0x00000178   Code   RO         5636    i.xQueueSemaphoreTake  queue.o
    0x08010374   0x08010374   0x00000074   Code   RO         6042    i.xTaskCheckForTimeOut  tasks.o
    0x080103e8   0x080103e8   0x0000005a   Code   RO         6043    i.xTaskCreate       tasks.o
    0x08010442   0x08010442   0x00000056   Code   RO         6044    i.xTaskCreateStatic  tasks.o
    0x08010498   0x08010498   0x000000e0   Code   RO         6045    i.xTaskGenericNotify  tasks.o
    0x08010578   0x08010578   0x00000104   Code   RO         6046    i.xTaskGenericNotifyFromISR  tasks.o
    0x0801067c   0x0801067c   0x0000000c   Code   RO         6047    i.xTaskGetCurrentTaskHandle  tasks.o
    0x08010688   0x08010688   0x0000001c   Code   RO         6048    i.xTaskGetSchedulerState  tasks.o
    0x080106a4   0x080106a4   0x0000000c   Code   RO         6049    i.xTaskGetTickCount  tasks.o
    0x080106b0   0x080106b0   0x00000010   Code   RO         6050    i.xTaskGetTickCountFromISR  tasks.o
    0x080106c0   0x080106c0   0x000000c8   Code   RO         6051    i.xTaskIncrementTick  tasks.o
    0x08010788   0x08010788   0x00000080   Code   RO         6054    i.xTaskPriorityDisinherit  tasks.o
    0x08010808   0x08010808   0x00000078   Code   RO         6055    i.xTaskPriorityInherit  tasks.o
    0x08010880   0x08010880   0x00000070   Code   RO         6056    i.xTaskRemoveFromEventList  tasks.o
    0x080108f0   0x080108f0   0x000000c4   Code   RO         6057    i.xTaskResumeAll    tasks.o
    0x080109b4   0x080109b4   0x00000034   Code   RO         6380    i.xTimerCreate      timers.o
    0x080109e8   0x080109e8   0x0000002e   Code   RO         6381    i.xTimerCreateStatic  timers.o
    0x08010a16   0x08010a16   0x00000002   PAD
    0x08010a18   0x08010a18   0x00000060   Code   RO         6382    i.xTimerCreateTimerTask  timers.o
    0x08010a78   0x08010a78   0x00000068   Code   RO         6383    i.xTimerGenericCommand  timers.o
    0x08010ae0   0x08010ae0   0x00000180   Data   RO         1184    .constdata          freertos.o
    0x08010c60   0x08010c60   0x00000008   Data   RO         2854    .constdata          stm32f4xx_hal_dma.o
    0x08010c68   0x08010c68   0x00000010   Data   RO         5400    .constdata          system_stm32f4xx.o
    0x08010c78   0x08010c78   0x00000008   Data   RO         5401    .constdata          system_stm32f4xx.o
    0x08010c80   0x08010c80   0x00000027   Data   RO         7589    .constdata          w5500_port.o
    0x08010ca7   0x08010ca7   0x00000001   PAD
    0x08010ca8   0x08010ca8   0x00000058   Data   RO         7696    .constdata          mqttclient.o
    0x08010d00   0x08010d00   0x00000078   Data   RO         8306    .constdata          modbus.o
    0x08010d78   0x08010d78   0x00000040   Data   RO         9119    .constdata          states.o
    0x08010db8   0x08010db8   0x00000001   Data   RO         9269    .constdata          kinco_ctrl.o
    0x08010db9   0x08010db9   0x00000003   PAD
    0x08010dbc   0x08010dbc   0x000000c0   Data   RO         9270    .constdata          kinco_ctrl.o
    0x08010e7c   0x08010e7c   0x0000000c   Data   RO         9271    .constdata          kinco_ctrl.o
    0x08010e88   0x08010e88   0x0000000c   Data   RO         9272    .constdata          kinco_ctrl.o
    0x08010e94   0x08010e94   0x00000002   Data   RO         9273    .constdata          kinco_ctrl.o
    0x08010e96   0x08010e96   0x00000040   Data   RO         9878    .constdata          mc_w.l(ctype_c.o)
    0x08010ed6   0x08010ed6   0x00000002   PAD
    0x08010ed8   0x08010ed8   0x0000004d   Data   RO         1190    .conststring        freertos.o
    0x08010f25   0x08010f25   0x00000003   PAD
    0x08010f28   0x08010f28   0x00000049   Data   RO         2033    .conststring        servo.o
    0x08010f71   0x08010f71   0x00000003   PAD
    0x08010f74   0x08010f74   0x00000043   Data   RO         8191    .conststring        mqtt_network.o
    0x08010fb7   0x08010fb7   0x00000001   PAD
    0x08010fb8   0x08010fb8   0x00000043   Data   RO         8309    .conststring        modbus.o
    0x08010ffb   0x08010ffb   0x00000001   PAD
    0x08010ffc   0x08010ffc   0x00000020   Data   RO         9880    Region$$Table       anon$$obj.o


    Execution Region RW_IRAM1 (Exec base: 0x20000000, Load base: 0x0801101c, Size: 0x00006378, Max: 0x0001c000, ABSOLUTE, COMPRESSED[0x00000238])

    Exec Addr    Load Addr    Size         Type   Attr      Idx    E Section Name        Object

    0x20000000   COMPRESSED   0x00000014   Data   RW          274    .data               cjson.o
    0x20000014   COMPRESSED   0x00000001   Data   RW          857    .data               main.o
    0x20000015   COMPRESSED   0x00000003   PAD
    0x20000018   COMPRESSED   0x000000aa   Data   RW         1196    .data               freertos.o
    0x200000c2   COMPRESSED   0x00000008   Data   RW         1199    .data               freertos.o
    0x200000ca   COMPRESSED   0x00000002   PAD
    0x200000cc   COMPRESSED   0x00000008   Data   RW         1566    .data               can.o
    0x200000d4   COMPRESSED   0x00000001   Data   RW         1733    .data               usart.o
    0x200000d5   COMPRESSED   0x00000003   PAD
    0x200000d8   COMPRESSED   0x0000000c   Data   RW         3281    .data               stm32f4xx_hal.o
    0x200000e4   COMPRESSED   0x00000004   Data   RW         5402    .data               system_stm32f4xx.o
    0x200000e8   COMPRESSED   0x0000003c   Data   RW         6060    .data               tasks.o
    0x20000124   COMPRESSED   0x00000014   Data   RW         6391    .data               timers.o
    0x20000138   COMPRESSED   0x00000004   Data   RW         6613    .data               cmsis_os2.o
    0x2000013c   COMPRESSED   0x00000020   Data   RW         7059    .data               heap_4.o
    0x2000015c   COMPRESSED   0x0000000c   Data   RW         7115    .data               port.o
    0x20000168   COMPRESSED   0x0000000e   Data   RW         7223    .data               socket.o
    0x20000176   COMPRESSED   0x00000002   PAD
    0x20000178   COMPRESSED   0x00000034   Data   RW         7388    .data               wizchip_conf.o
    0x200001ac   COMPRESSED   0x00000008   Data   RW         7590    .data               w5500_port.o
    0x200001b4   COMPRESSED   0x00000004   Data   RW         7965    .data               mqttpacket.o
    0x200001b8   COMPRESSED   0x0000000c   Data   RW         8312    .data               modbus.o
    0x200001c4   COMPRESSED   0x00000008   Data   RW         9237    .data               timer.o
    0x200001cc   COMPRESSED   0x00000002   Data   RW         9274    .data               kinco_ctrl.o
    0x200001ce   COMPRESSED   0x00000002   PAD
    0x200001d0   COMPRESSED   0x00000004   Data   RW         9275    .data               kinco_ctrl.o
    0x200001d4   COMPRESSED   0x00000004   Data   RW         9276    .data               kinco_ctrl.o
    0x200001d8   COMPRESSED   0x00000002   Data   RW         9277    .data               kinco_ctrl.o
    0x200001da   COMPRESSED   0x00000002   Data   RW         9278    .data               kinco_ctrl.o
    0x200001dc   COMPRESSED   0x00000004   Data   RW         9279    .data               kinco_ctrl.o
    0x200001e0   COMPRESSED   0x00000002   Data   RW         9280    .data               kinco_ctrl.o
    0x200001e2   COMPRESSED   0x00000002   PAD
    0x200001e4   COMPRESSED   0x00000004   Data   RW         9281    .data               kinco_ctrl.o
    0x200001e8   COMPRESSED   0x00000004   Data   RW         9282    .data               kinco_ctrl.o
    0x200001ec   COMPRESSED   0x00000004   Data   RW         9283    .data               kinco_ctrl.o
    0x200001f0   COMPRESSED   0x00000001   Data   RW         9284    .data               kinco_ctrl.o
    0x200001f1   COMPRESSED   0x00000003   PAD
    0x200001f4   COMPRESSED   0x00000004   Data   RW         9285    .data               kinco_ctrl.o
    0x200001f8   COMPRESSED   0x00000010   Data   RW         9286    .data               kinco_ctrl.o
    0x20000208   COMPRESSED   0x00000001   Data   RW         9287    .data               kinco_ctrl.o
    0x20000209   COMPRESSED   0x00000003   PAD
    0x2000020c   COMPRESSED   0x00000010   Data   RW         9288    .data               kinco_ctrl.o
    0x2000021c   COMPRESSED   0x00000001   Data   RW         9289    .data               kinco_ctrl.o
    0x2000021d   COMPRESSED   0x00000003   PAD
    0x20000220   COMPRESSED   0x00000004   Data   RW         9290    .data               kinco_ctrl.o
    0x20000224   COMPRESSED   0x00000004   Data   RW         9293    .data               kinco_ctrl.o
    0x20000228   COMPRESSED   0x00000010   Data   RW         9295    .data               kinco_ctrl.o
    0x20000238   COMPRESSED   0x00000004   Data   RW         9296    .data               kinco_ctrl.o
    0x2000023c   COMPRESSED   0x00000010   Data   RW         9298    .data               kinco_ctrl.o
    0x2000024c   COMPRESSED   0x00000004   Data   RW         9299    .data               kinco_ctrl.o
    0x20000250   COMPRESSED   0x00000010   Data   RW         9300    .data               kinco_ctrl.o
    0x20000260   COMPRESSED   0x00000002   Data   RW         9301    .data               kinco_ctrl.o
    0x20000262   COMPRESSED   0x00000001   Data   RW         9302    .data               kinco_ctrl.o
    0x20000263   COMPRESSED   0x00000001   PAD
    0x20000264   COMPRESSED   0x00000004   Data   RW         9303    .data               kinco_ctrl.o
    0x20000268   COMPRESSED   0x00000010   Data   RW         9304    .data               kinco_ctrl.o
    0x20000278   COMPRESSED   0x00000001   Data   RW         9305    .data               kinco_ctrl.o
    0x20000279   COMPRESSED   0x00000003   PAD
    0x2000027c   COMPRESSED   0x00000004   Data   RW         9306    .data               kinco_ctrl.o
    0x20000280   COMPRESSED   0x00000002   Data   RW         9307    .data               kinco_ctrl.o
    0x20000282   COMPRESSED   0x00000001   Data   RW         9308    .data               kinco_ctrl.o
    0x20000283   COMPRESSED   0x00000001   PAD
    0x20000284   COMPRESSED   0x00000004   Data   RW         9309    .data               kinco_ctrl.o
    0x20000288   COMPRESSED   0x00000004   Data   RW         9310    .data               kinco_ctrl.o
    0x2000028c   COMPRESSED   0x00000004   Data   RW         9311    .data               kinco_ctrl.o
    0x20000290   COMPRESSED   0x00000004   Data   RW         9312    .data               kinco_ctrl.o
    0x20000294   COMPRESSED   0x00000050   Data   RW         9313    .data               kinco_ctrl.o
    0x200002e4   COMPRESSED   0x00000001   Data   RW         9314    .data               kinco_ctrl.o
    0x200002e5   COMPRESSED   0x00000003   PAD
    0x200002e8   COMPRESSED   0x00000004   Data   RW         9315    .data               kinco_ctrl.o
    0x200002ec   COMPRESSED   0x00000004   Data   RW         9316    .data               kinco_ctrl.o
    0x200002f0   COMPRESSED   0x00000001   Data   RW         9317    .data               kinco_ctrl.o
    0x200002f1   COMPRESSED   0x00000003   PAD
    0x200002f4   COMPRESSED   0x00000040   Data   RW         9318    .data               kinco_ctrl.o
    0x20000334   COMPRESSED   0x00000001   Data   RW         9319    .data               kinco_ctrl.o
    0x20000335   COMPRESSED   0x00000003   PAD
    0x20000338   COMPRESSED   0x00000004   Data   RW         9320    .data               kinco_ctrl.o
    0x2000033c   COMPRESSED   0x00000001   Data   RW         9321    .data               kinco_ctrl.o
    0x2000033d   COMPRESSED   0x00000001   PAD
    0x2000033e   COMPRESSED   0x00000002   Data   RW         9322    .data               kinco_ctrl.o
    0x20000340   COMPRESSED   0x00000001   Data   RW         9323    .data               kinco_ctrl.o
    0x20000341   COMPRESSED   0x00000001   PAD
    0x20000342   COMPRESSED   0x00000002   Data   RW         9324    .data               kinco_ctrl.o
    0x20000344   COMPRESSED   0x00000001   Data   RW         9325    .data               kinco_ctrl.o
    0x20000345   COMPRESSED   0x00000003   PAD
    0x20000348   COMPRESSED   0x00000070   Data   RW         9326    .data               kinco_ctrl.o
    0x200003b8   COMPRESSED   0x00000001   Data   RW         9327    .data               kinco_ctrl.o
    0x200003b9   COMPRESSED   0x00000003   PAD
    0x200003bc   COMPRESSED   0x0000000c   Data   RW         9328    .data               kinco_ctrl.o
    0x200003c8   COMPRESSED   0x00000040   Data   RW         9329    .data               kinco_ctrl.o
    0x20000408   COMPRESSED   0x00000001   Data   RW         9330    .data               kinco_ctrl.o
    0x20000409   COMPRESSED   0x00000003   PAD
    0x2000040c   COMPRESSED   0x00000004   Data   RW         9331    .data               kinco_ctrl.o
    0x20000410   COMPRESSED   0x00000001   Data   RW         9332    .data               kinco_ctrl.o
    0x20000411   COMPRESSED   0x00000001   PAD
    0x20000412   COMPRESSED   0x00000002   Data   RW         9333    .data               kinco_ctrl.o
    0x20000414   COMPRESSED   0x00000001   Data   RW         9334    .data               kinco_ctrl.o
    0x20000415   COMPRESSED   0x00000001   PAD
    0x20000416   COMPRESSED   0x00000002   Data   RW         9335    .data               kinco_ctrl.o
    0x20000418   COMPRESSED   0x00000001   Data   RW         9336    .data               kinco_ctrl.o
    0x20000419   COMPRESSED   0x00000003   PAD
    0x2000041c   COMPRESSED   0x00000070   Data   RW         9337    .data               kinco_ctrl.o
    0x2000048c   COMPRESSED   0x00000001   Data   RW         9338    .data               kinco_ctrl.o
    0x2000048d   COMPRESSED   0x00000003   PAD
    0x20000490   COMPRESSED   0x00000004   Data   RW         9339    .data               kinco_ctrl.o
    0x20000494   COMPRESSED   0x00000001   Data   RW         9340    .data               kinco_ctrl.o
    0x20000495   COMPRESSED   0x00000001   PAD
    0x20000496   COMPRESSED   0x00000002   Data   RW         9341    .data               kinco_ctrl.o
    0x20000498   COMPRESSED   0x00000001   Data   RW         9342    .data               kinco_ctrl.o
    0x20000499   COMPRESSED   0x00000001   PAD
    0x2000049a   COMPRESSED   0x00000002   Data   RW         9343    .data               kinco_ctrl.o
    0x2000049c   COMPRESSED   0x00000001   Data   RW         9344    .data               kinco_ctrl.o
    0x2000049d   COMPRESSED   0x00000003   PAD
    0x200004a0   COMPRESSED   0x00000070   Data   RW         9345    .data               kinco_ctrl.o
    0x20000510   COMPRESSED   0x00000001   Data   RW         9346    .data               kinco_ctrl.o
    0x20000511   COMPRESSED   0x00000003   PAD
    0x20000514   COMPRESSED   0x00000008   Data   RW         9347    .data               kinco_ctrl.o
    0x2000051c   COMPRESSED   0x00000030   Data   RW         9348    .data               kinco_ctrl.o
    0x2000054c   COMPRESSED   0x00000001   Data   RW         9349    .data               kinco_ctrl.o
    0x2000054d   COMPRESSED   0x00000003   PAD
    0x20000550   COMPRESSED   0x00000004   Data   RW         9350    .data               kinco_ctrl.o
    0x20000554   COMPRESSED   0x00000020   Data   RW         9351    .data               kinco_ctrl.o
    0x20000574   COMPRESSED   0x00000010   Data   RW         9352    .data               kinco_ctrl.o
    0x20000584   COMPRESSED   0x00000010   Data   RW         9353    .data               kinco_ctrl.o
    0x20000594   COMPRESSED   0x00000010   Data   RW         9354    .data               kinco_ctrl.o
    0x200005a4   COMPRESSED   0x00000010   Data   RW         9355    .data               kinco_ctrl.o
    0x200005b4   COMPRESSED   0x00000010   Data   RW         9356    .data               kinco_ctrl.o
    0x200005c4   COMPRESSED   0x00000010   Data   RW         9357    .data               kinco_ctrl.o
    0x200005d4   COMPRESSED   0x00000010   Data   RW         9358    .data               kinco_ctrl.o
    0x200005e4   COMPRESSED   0x00000010   Data   RW         9359    .data               kinco_ctrl.o
    0x200005f4   COMPRESSED   0x00000010   Data   RW         9360    .data               kinco_ctrl.o
    0x20000604   COMPRESSED   0x00000010   Data   RW         9361    .data               kinco_ctrl.o
    0x20000614   COMPRESSED   0x00000024   Data   RW         9362    .data               kinco_ctrl.o
    0x20000638   COMPRESSED   0x0000023c   Data   RW         9363    .data               kinco_ctrl.o
    0x20000874   COMPRESSED   0x00000002   Data   RW         9364    .data               kinco_ctrl.o
    0x20000876   COMPRESSED   0x00000002   PAD
    0x20000878   COMPRESSED   0x00000008   Data   RW         9433    .data               timer5.o
    0x20000880   COMPRESSED   0x00000004   Data   RW         9839    .data               mc_w.l(stdout.o)
    0x20000884   COMPRESSED   0x00000004   Data   RW         9848    .data               mc_w.l(mvars.o)
    0x20000888   COMPRESSED   0x00000004   Data   RW         9849    .data               mc_w.l(mvars.o)
    0x2000088c        -       0x00000048   Zero   RW          803    .bss                tim.o
    0x200008d4        -       0x00000608   Zero   RW         1182    .bss                freertos.o
    0x20000edc        -       0x00000048   Zero   RW         1474    .bss                adc.o
    0x20000f24        -       0x0000007c   Zero   RW         1565    .bss                can.o
    0x20000fa0        -       0x00000058   Zero   RW         1681    .bss                spi.o
    0x20000ff8        -       0x00000394   Zero   RW         1731    .bss                usart.o
    0x2000138c        -       0x00000048   Zero   RW         1989    .bss                stm32f4xx_hal_timebase_tim.o
    0x200013d4        -       0x00000040   Zero   RW         5638    .bss                queue.o
    0x20001414        -       0x000004c4   Zero   RW         6059    .bss                tasks.o
    0x200018d8        -       0x00000118   Zero   RW         6390    .bss                timers.o
    0x200019f0        -       0x000006b8   Zero   RW         6612    .bss                cmsis_os2.o
    0x200020a8        -       0x00003c00   Zero   RW         7058    .bss                heap_4.o
    0x20005ca8        -       0x00000010   Zero   RW         7222    .bss                socket.o
    0x20005cb8        -       0x000000c0   Zero   RW         9236    .bss                timer.o
    0x20005d78        -       0x00000200   Zero   RW            2    HEAP                startup_stm32f407xx.o
    0x20005f78        -       0x00000400   Zero   RW            1    STACK               startup_stm32f407xx.o


    Execution Region RW_IRAM2 (Exec base: 0x2001c000, Load base: 0x08011254, Size: 0x00000000, Max: 0x00004000, ABSOLUTE)

    **** No section assigned to this execution region ****


==============================================================================

Image component sizes


      Code (inc. data)   RO Data    RW Data    ZI Data      Debug   Object Name

       276         30          0          0         72       2049   adc.o
       832        166          0          8        124      14679   can.o
       204         90          0          0          0       1566   can1.o
      2214         86          0         20          0      19746   cjson.o
      1162         44          0          4       1720      75381   cmsis_os2.o
       140          4          0          0          0        858   dma.o
       112          6          0          0          0       3192   emcy.o
         0          0          0          0          0      19512   event_groups.o
      5060       2064        461        178       1544      35614   freertos.o
       636         66          0          0          0       4553   gpio.o
       472         24          0         32      15360       4903   heap_4.o
       332         14        219       1649          0       9260   kinco_ctrl.o
       896         34          0          0          0      10168   lifegrd.o
       138          0          0          0          0       3582   list.o
       372         88          0          1          0      29857   main.o
      3056         74        187         12          0      23415   modbus.o
       682        328         67          0          0       4859   mqtt_network.o
       106          0          0          0          0       3251   mqtt_timer.o
      1800         40         88          0          0      17215   mqttclient.o
       552         18          0          0          0       5068   mqttconnectclient.o
       212          0          0          0          0       2356   mqttdeserializepublish.o
       476         22          0          4          0       9724   mqttpacket.o
       236          0          0          0          0       3210   mqttserializepublish.o
       310          0          0          0          0       3391   mqttsubscribeclient.o
        72          0          0          0          0       1692   nmtmaster.o
       192          0          0          0          0       1434   nmtslave.o
       454         26          0          0          0       4136   objacces.o
      1908         12          0          0          0      12121   pdo.o
       786         82          0         12          0      11557   port.o
      2518         28          0          0         64      27736   queue.o
        92         12          0          0          0     723385   rs485.o
      7326         72          0          0          0      24731   sdo.o
      3252       1008         73          0          0       6608   servo.o
      1316         38          0         14         16       6327   socket.o
       176         22          0          0         88       1705   spi.o
        36          8        392          0       1536        840   startup_stm32f407xx.o
       880         24         64          0          0       7062   states.o
       116         18          0         12          0       8746   stm32f4xx_hal.o
       712         28          0          0          0       2899   stm32f4xx_hal_adc.o
      1658          6          0          0          0      14339   stm32f4xx_hal_can.o
       158         14          0          0          0      33194   stm32f4xx_hal_cortex.o
      1084         16          8          0          0       7382   stm32f4xx_hal_dma.o
       506         46          0          0          0       2204   stm32f4xx_hal_gpio.o
        56          4          0          0          0        874   stm32f4xx_hal_msp.o
      1388         84          0          0          0       5869   stm32f4xx_hal_rcc.o
       942         12          0          0          0       4933   stm32f4xx_hal_spi.o
      1198         72          0          0          0      11552   stm32f4xx_hal_tim.o
       148         28          0          0          0       2469   stm32f4xx_hal_tim_ex.o
       116         16          0          0         72       1431   stm32f4xx_hal_timebase_tim.o
      2830         48          0          0          0      23096   stm32f4xx_hal_uart.o
       192         90          0          0          0       9955   stm32f4xx_it.o
       260         10          0          0          0       5208   sync.o
        16          4         24          4          0       1139   system_stm32f4xx.o
      3132        264          0         60       1220      35542   tasks.o
       180         20          0          0         72       1726   tim.o
       340         26          0          8        192       3850   timer.o
       208         38          0          8          0       2884   timer5.o
      1184         80          0         20        280      33619   timers.o
       484         44          0          0          0       3422   uartcallback.o
      1264        112          0          1        916       7230   usart.o
       756         18          0          0          0       5992   w5500.o
       968        328         39          8          0       8751   w5500_port.o
      1452         82          0         52          0      22247   wizchip_conf.o

    ----------------------------------------------------------------------
     60766       6038       1666       2176      23276    1397296   Object Totals
         0          0         32          0          0          0   (incl. Generated)
       134          0         12         69          0          0   (incl. Padding)

    ----------------------------------------------------------------------

      Code (inc. data)   RO Data    RW Data    ZI Data      Debug   Library Member Name

        40         10          0          0          0        128   strtod.o
        56          8          0          0          0         84   __0sscanf.o
        86          0          0          0          0          0   __dczerorl2.o
        28          0          0          0          0         68   _chval.o
       816          6          0          0          0        112   _scanf.o
       332          0          0          0          0         96   _scanf_int.o
        64          0          0          0          0         84   _sgetc.o
        40          6         64          0          0         68   ctype_c.o
         0          0          0          0          0          0   entry.o
         0          0          0          0          0          0   entry10a.o
         0          0          0          0          0          0   entry11a.o
         4          0          0          0          0          0   entry12b.o
         8          4          0          0          0          0   entry2.o
         4          0          0          0          0          0   entry5.o
         0          0          0          0          0          0   entry7b.o
         0          0          0          0          0          0   entry8b.o
         8          4          0          0          0          0   entry9a.o
        30          0          0          0          0          0   handlers.o
        36          8          0          0          0         68   init.o
        10          0          0          0          0         68   isspace_c.o
         0          0          0          0          0          0   iusefp.o
        30          0          0          0          0         68   llshl.o
        36          0          0          0          0         68   llsshr.o
        32          0          0          0          0         68   llushr.o
       360         30          0          0          0        356   mallocr.o
        26          0          0          0          0         80   memcmp.o
        36          0          0          0          0         68   memcpya.o
        36          0          0          0          0        108   memseta.o
         0          0          0          8          0          0   mvars.o
      2292         94          0          0          0        620   printfa.o
        40          8          0          0          0         84   scanf_char.o
       878         12          0          0          0        216   scanf_fp.o
         0          0          0          4          0          0   stdout.o
        28          0          0          0          0         76   strcmp.o
        14          0          0          0          0         68   strlen.o
        30          0          0          0          0         80   strncmp.o
       156         12          0          0          0        120   strtod.o
        12          0          0          0          0         68   tolower.o
        44          0          0          0          0         80   uidiv.o
        98          0          0          0          0         92   uldiv.o
        48          0          0          0          0         68   cdcmple.o
        48          0          0          0          0         68   cdrcmple.o
        56          0          0          0          0         88   d2f.o
       334          0          0          0          0        148   dadd.o
       222          0          0          0          0        100   ddiv.o
       186          0          0          0          0        176   depilogue.o
        62          0          0          0          0         80   dfixi.o
        50          0          0          0          0         76   dfixui.o
        48          0          0          0          0         68   dfixul.o
        26          0          0          0          0         76   dfltui.o
        24          0          0          0          0         76   dfltul.o
       228          0          0          0          0         96   dmul.o
       110          0          0          0          0        168   fepilogue.o

    ----------------------------------------------------------------------
      7162        202         66         12          0       4384   Library Totals
        10          0          2          0          0          0   (incl. Padding)

    ----------------------------------------------------------------------

      Code (inc. data)   RO Data    RW Data    ZI Data      Debug   Library Name

        40         10          0          0          0        128   m_wm.l
      5670        192         64         12          0       2968   mc_w.l
      1442          0          0          0          0       1288   mf_w.l

    ----------------------------------------------------------------------
      7162        202         66         12          0       4384   Library Totals

    ----------------------------------------------------------------------

==============================================================================


      Code (inc. data)   RO Data    RW Data    ZI Data      Debug   

     67928       6240       1732       2188      23276    1346524   Grand Totals
     67928       6240       1732        568      23276    1346524   ELF Image Totals (compressed)
     67928       6240       1732        568          0          0   ROM Totals

==============================================================================

    Total RO  Size (Code + RO Data)                69660 (  68.03kB)
    Total RW  Size (RW Data + ZI Data)             25464 (  24.87kB)
    Total ROM Size (Code + RO Data + RW Data)      70228 (  68.58kB)

==============================================================================

