<html>
<body>
<pre>
<h1>�Vision Build Log</h1>
<h2>Tool Versions:</h2>
IDE-Version: ��Vision V5.41.0.0
Copyright (C) 2024 ARM Ltd and ARM Germany GmbH. All rights reserved.
License Information: ARM ARM, ARM, LIC=14HV2-9TUR5-45NT5-GZTL3-A4NUM-G2S9D
 
Tool Versions:
Toolchain:       MDK-ARM Plus  Version: 5.41.0.0
Toolchain Path:  D:\Keil_v5\ARM\ARM_Compiler_5.06u7\Bin
C Compiler:      Armcc.exe V5.06 update 7 (build 960)
Assembler:       Armasm.exe V5.06 update 7 (build 960)
Linker/Locator:  ArmLink.exe V5.06 update 7 (build 960)
Library Manager: ArmAr.exe V5.06 update 7 (build 960)
Hex Converter:   FromElf.exe V5.06 update 7 (build 960)
CPU DLL:         SARMCM3.DLL V5.41.0.0
Dialog DLL:      DCM.DLL V1.17.5.0
Target DLL:      UL2CM3.DLL V1.164.14.0
Dialog DLL:      TCM.DLL V1.56.4.0
 
<h2>Project:</h2>
D:\robot\keil_ws\stm32-f407_-template_v2_DW\MDK-ARM\STM32F407_V2_DW.uvprojx
Project File Date:  10/31/2025

<h2>Output:</h2>
*** Using Compiler 'V5.06 update 7 (build 960)', folder: 'D:\Keil_v5\ARM\ARM_Compiler_5.06u7\Bin'
Build target 'STM32F407_V2_DW'
compiling w5500_port.c...
..\Ethernet\w5500_port.c(15): warning:  #47-D: incompatible redefinition of macro "Sn_TX_RTR"  (declared at line 12)
  #define Sn_TX_RTR 0x001D   // 8-bit寄存器，TCP重试时间单位 100μs
..\Ethernet\w5500_port.c(16): warning:  #47-D: incompatible redefinition of macro "Sn_TX_RCR"  (declared at line 14)
  #define Sn_TX_RCR 0x001E   // 8-bit寄存器，SYN重试次数
..\Ethernet\w5500_port.c(346): warning:  #223-D: function "osDelay" declared implicitly
      osDelay(100);
..\Ethernet\w5500_port.c(358): warning:  #223-D: function "osDelay" declared implicitly
          osDelay(200);
..\Ethernet\w5500_port.c(385): warning:  #1-D: last line of file ends without a newline
  }
..\Ethernet\w5500_port.c(115): warning:  #177-D: function "setSn_TX_RTR"  was declared but never referenced
  static void setSn_TX_RTR(uint8_t sock, uint8_t value)
..\Ethernet\w5500_port.c(120): warning:  #177-D: function "setSn_TX_RCR"  was declared but never referenced
  static void setSn_TX_RCR(uint8_t sock, uint8_t value)
..\Ethernet\w5500_port.c: 7 warnings, 0 errors
compiling freertos.c...
..\MODBUS-LIB\Inc\Modbus.h(243): warning:  #1295-D: Deprecated declaration getTimeOut - give arg types
  uint16_t getTimeOut(); //!<get communication watch-dog timer value
..\MODBUS-LIB\Inc\Modbus.h(244): warning:  #1295-D: Deprecated declaration getTimeOutState - give arg types
  bool getTimeOutState(); //!<get communication watch-dog timer state
../Core/Src/freertos.c: 2 warnings, 0 errors
linking...
Program Size: Code=75264 RO-data=2448 RW-data=4164 ZI-data=33868  
FromELF: creating hex file...
".\STM32F407_V2_DW.axf" - 0 Error(s), 9 Warning(s).

<h2>Software Packages used:</h2>

Package Vendor: ARM
                https://www.keil.com/pack/ARM.CMSIS.6.1.0.pack
                ARM::CMSIS@6.1.0
                CMSIS (Common Microcontroller Software Interface Standard)
   * Component: CORE Version: 6.1.0

Package Vendor: Keil
                https://www.keil.com/pack/Keil.STM32F4xx_DFP.3.1.0.pack
                Keil::STM32F4xx_DFP@3.1.0
                STMicroelectronics STM32F4 Series Device Support

<h2>Collection of Component include folders:</h2>
  ./RTE/_STM32F407_V2_DW
  D:/Keil_v5/ARM/Packs/ARM/CMSIS/6.1.0/CMSIS/Core/Include

<h2>Collection of Component Files used:</h2>

   * Component: ARM::CMSIS:CORE@6.1.0
Build Time Elapsed:  00:00:04
</pre>
</body>
</html>
